Archive member included to satisfy reference by file (symbol)

c:/siliconlabs/simplicitystudio/v5/developer/toolchains/gnu_arm/10.3_2021.10/bin/../lib/gcc/arm-none-eabi/10.3.1/thumb/v8-m.main+fp/hard\libgcc.a(_arm_addsubdf3.o)
                              ./gecko_sdk_4.2.3/hardware/driver/si7210/src/sl_si7210.o (__aeabi_dadd)
c:/siliconlabs/simplicitystudio/v5/developer/toolchains/gnu_arm/10.3_2021.10/bin/../lib/gcc/arm-none-eabi/10.3.1/thumb/v8-m.main+fp/hard\libgcc.a(_arm_muldivdf3.o)
                              ./gecko_sdk_4.2.3/hardware/driver/si7210/src/sl_si7210.o (__aeabi_ddiv)
c:/siliconlabs/simplicitystudio/v5/developer/toolchains/gnu_arm/10.3_2021.10/bin/../lib/gcc/arm-none-eabi/10.3.1/thumb/v8-m.main+fp/hard\libgcc.a(_arm_fixdfsi.o)
                              ./gecko_sdk_4.2.3/hardware/driver/si7210/src/sl_si7210.o (__aeabi_d2iz)
c:/siliconlabs/simplicitystudio/v5/developer/toolchains/gnu_arm/10.3_2021.10/bin/../lib/gcc/arm-none-eabi/10.3.1/thumb/v8-m.main+fp/hard\libgcc.a(_aeabi_ldivmod.o)
                              ./gecko_sdk_4.2.3/platform/emlib/src/em_eusart.o (__aeabi_ldivmod)
c:/siliconlabs/simplicitystudio/v5/developer/toolchains/gnu_arm/10.3_2021.10/bin/../lib/gcc/arm-none-eabi/10.3.1/thumb/v8-m.main+fp/hard\libgcc.a(_aeabi_uldivmod.o)
                              ./gecko_sdk_4.2.3/platform/emlib/src/em_eusart.o (__aeabi_uldivmod)
c:/siliconlabs/simplicitystudio/v5/developer/toolchains/gnu_arm/10.3_2021.10/bin/../lib/gcc/arm-none-eabi/10.3.1/thumb/v8-m.main+fp/hard\libgcc.a(_udivmoddi4.o)
                              c:/siliconlabs/simplicitystudio/v5/developer/toolchains/gnu_arm/10.3_2021.10/bin/../lib/gcc/arm-none-eabi/10.3.1/thumb/v8-m.main+fp/hard\libgcc.a(_aeabi_ldivmod.o) (__udivmoddi4)
c:/siliconlabs/simplicitystudio/v5/developer/toolchains/gnu_arm/10.3_2021.10/bin/../lib/gcc/arm-none-eabi/10.3.1/thumb/v8-m.main+fp/hard\libgcc.a(_dvmd_tls.o)
                              c:/siliconlabs/simplicitystudio/v5/developer/toolchains/gnu_arm/10.3_2021.10/bin/../lib/gcc/arm-none-eabi/10.3.1/thumb/v8-m.main+fp/hard\libgcc.a(_aeabi_ldivmod.o) (__aeabi_ldiv0)
c:/siliconlabs/simplicitystudio/v5/developer/toolchains/gnu_arm/10.3_2021.10/bin/../lib/gcc/arm-none-eabi/10.3.1/../../../../arm-none-eabi/lib/thumb/v8-m.main+fp/hard\libc_nano.a(lib_a-ctype_.o)
                              ./gecko_sdk_4.2.3/platform/common/src/sl_string.o (_ctype_)
c:/siliconlabs/simplicitystudio/v5/developer/toolchains/gnu_arm/10.3_2021.10/bin/../lib/gcc/arm-none-eabi/10.3.1/../../../../arm-none-eabi/lib/thumb/v8-m.main+fp/hard\libc_nano.a(lib_a-exit.o)
                              c:/siliconlabs/simplicitystudio/v5/developer/toolchains/gnu_arm/10.3_2021.10/bin/../lib/gcc/arm-none-eabi/10.3.1/../../../../arm-none-eabi/lib/thumb/v8-m.main+fp/hard/crt0.o (exit)
c:/siliconlabs/simplicitystudio/v5/developer/toolchains/gnu_arm/10.3_2021.10/bin/../lib/gcc/arm-none-eabi/10.3.1/../../../../arm-none-eabi/lib/thumb/v8-m.main+fp/hard\libc_nano.a(lib_a-impure.o)
                              c:/siliconlabs/simplicitystudio/v5/developer/toolchains/gnu_arm/10.3_2021.10/bin/../lib/gcc/arm-none-eabi/10.3.1/../../../../arm-none-eabi/lib/thumb/v8-m.main+fp/hard\libc_nano.a(lib_a-exit.o) (_global_impure_ptr)
c:/siliconlabs/simplicitystudio/v5/developer/toolchains/gnu_arm/10.3_2021.10/bin/../lib/gcc/arm-none-eabi/10.3.1/../../../../arm-none-eabi/lib/thumb/v8-m.main+fp/hard\libc_nano.a(lib_a-init.o)
                              c:/siliconlabs/simplicitystudio/v5/developer/toolchains/gnu_arm/10.3_2021.10/bin/../lib/gcc/arm-none-eabi/10.3.1/../../../../arm-none-eabi/lib/thumb/v8-m.main+fp/hard/crt0.o (__libc_init_array)
c:/siliconlabs/simplicitystudio/v5/developer/toolchains/gnu_arm/10.3_2021.10/bin/../lib/gcc/arm-none-eabi/10.3.1/../../../../arm-none-eabi/lib/thumb/v8-m.main+fp/hard\libc_nano.a(lib_a-memcpy-stub.o)
                              ./gecko_sdk_4.2.3/platform/emdrv/uartdrv/src/uartdrv.o (memcpy)
c:/siliconlabs/simplicitystudio/v5/developer/toolchains/gnu_arm/10.3_2021.10/bin/../lib/gcc/arm-none-eabi/10.3.1/../../../../arm-none-eabi/lib/thumb/v8-m.main+fp/hard\libc_nano.a(lib_a-memset.o)
                              c:/siliconlabs/simplicitystudio/v5/developer/toolchains/gnu_arm/10.3_2021.10/bin/../lib/gcc/arm-none-eabi/10.3.1/../../../../arm-none-eabi/lib/thumb/v8-m.main+fp/hard/crt0.o (memset)
c:/siliconlabs/simplicitystudio/v5/developer/toolchains/gnu_arm/10.3_2021.10/bin/../lib/gcc/arm-none-eabi/10.3.1/../../../../arm-none-eabi/lib/thumb/v8-m.main+fp/hard\libc_nano.a(lib_a-sprintf.o)
                              ./app.o (sprintf)
c:/siliconlabs/simplicitystudio/v5/developer/toolchains/gnu_arm/10.3_2021.10/bin/../lib/gcc/arm-none-eabi/10.3.1/../../../../arm-none-eabi/lib/thumb/v8-m.main+fp/hard\libc_nano.a(lib_a-strcmp.o)
                              ./autogen/sl_iostream_handles.o (strcmp)
[...]
Memory Configuration

Name             Origin             Length             Attributes
FLASH            0x00000000         0x0007e000         xr
RAM              0x20000000         0x00008000         xrw
*default*        0x00000000         0xffffffff

Linker script and memory map

LOAD c:/siliconlabs/simplicitystudio/v5/developer/toolchains/gnu_arm/10.3_2021.10/bin/../lib/gcc/arm-none-eabi/10.3.1/thumb/v8-m.main+fp/hard/crti.o
LOAD c:/siliconlabs/simplicitystudio/v5/developer/toolchains/gnu_arm/10.3_2021.10/bin/../lib/gcc/arm-none-eabi/10.3.1/thumb/v8-m.main+fp/hard/crtbegin.o
LOAD c:/siliconlabs/simplicitystudio/v5/developer/toolchains/gnu_arm/10.3_2021.10/bin/../lib/gcc/arm-none-eabi/10.3.1/../../../../arm-none-eabi/lib/thumb/v8-m.main+fp/hard/crt0.o
START GROUP
LOAD ./Drivers/USART.o
LOAD ./app.o
LOAD ./main.o
LOAD ./autogen/sl_board_default_init.o
LOAD ./autogen/sl_device_init_clocks.o
LOAD ./autogen/sl_event_handler.o
LOAD ./autogen/sl_i2cspm_init.o
LOAD ./autogen/sl_iostream_handles.o
LOAD ./autogen/sl_iostream_init_usart_instances.o
LOAD ./autogen/sl_simple_button_instances.o
LOAD ./autogen/sl_simple_led_instances.o
LOAD ./autogen/sl_uartdrv_init.o
LOAD ./gecko_sdk_4.2.3/hardware/board/src/sl_board_control_gpio.o
LOAD ./gecko_sdk_4.2.3/hardware/board/src/sl_board_init.o
LOAD ./gecko_sdk_4.2.3/hardware/driver/mx25_flash_shutdown/src/sl_mx25_flash_shutdown_usart/sl_mx25_flash_shutdown.o
LOAD ./gecko_sdk_4.2.3/hardware/driver/si1133/src/sl_si1133.o
LOAD ./gecko_sdk_4.2.3/hardware/driver/si70xx/src/sl_si70xx.o
LOAD ./gecko_sdk_4.2.3/hardware/driver/si7210/src/sl_si7210.o
LOAD ./gecko_sdk_4.2.3/platform/Device/SiliconLabs/EFR32BG22/Source/startup_efr32bg22.o
LOAD ./gecko_sdk_4.2.3/platform/Device/SiliconLabs/EFR32BG22/Source/system_efr32bg22.o
LOAD ./gecko_sdk_4.2.3/platform/common/src/sl_assert.o
LOAD ./gecko_sdk_4.2.3/platform/common/src/sl_string.o
LOAD ./gecko_sdk_4.2.3/platform/common/toolchain/src/sl_memory.o
LOAD ./gecko_sdk_4.2.3/platform/driver/button/src/sl_button.o
LOAD ./gecko_sdk_4.2.3/platform/driver/button/src/sl_simple_button.o
LOAD ./gecko_sdk_4.2.3/platform/driver/i2cspm/src/sl_i2cspm.o
LOAD ./gecko_sdk_4.2.3/platform/driver/leddrv/src/sl_led.o
LOAD ./gecko_sdk_4.2.3/platform/driver/leddrv/src/sl_simple_led.o
LOAD ./gecko_sdk_4.2.3/platform/emdrv/dmadrv/src/dmadrv.o
LOAD ./gecko_sdk_4.2.3/platform/emdrv/gpiointerrupt/src/gpiointerrupt.o
LOAD ./gecko_sdk_4.2.3/platform/emdrv/uartdrv/src/uartdrv.o
LOAD ./gecko_sdk_4.2.3/platform/emlib/src/em_burtc.o
LOAD ./gecko_sdk_4.2.3/platform/emlib/src/em_cmu.o
LOAD ./gecko_sdk_4.2.3/platform/emlib/src/em_core.o
LOAD ./gecko_sdk_4.2.3/platform/emlib/src/em_emu.o
LOAD ./gecko_sdk_4.2.3/platform/emlib/src/em_eusart.o
LOAD ./gecko_sdk_4.2.3/platform/emlib/src/em_gpio.o
LOAD ./gecko_sdk_4.2.3/platform/emlib/src/em_i2c.o
LOAD ./gecko_sdk_4.2.3/platform/emlib/src/em_ldma.o
LOAD ./gecko_sdk_4.2.3/platform/emlib/src/em_msc.o
LOAD ./gecko_sdk_4.2.3/platform/emlib/src/em_rtcc.o
LOAD ./gecko_sdk_4.2.3/platform/emlib/src/em_system.o
LOAD ./gecko_sdk_4.2.3/platform/emlib/src/em_timer.o
LOAD ./gecko_sdk_4.2.3/platform/emlib/src/em_usart.o
LOAD ./gecko_sdk_4.2.3/platform/service/device_init/src/sl_device_init_dcdc_s2.o
LOAD ./gecko_sdk_4.2.3/platform/service/device_init/src/sl_device_init_emu_s2.o
LOAD ./gecko_sdk_4.2.3/platform/service/device_init/src/sl_device_init_hfxo_s2.o
LOAD ./gecko_sdk_4.2.3/platform/service/device_init/src/sl_device_init_lfxo_s2.o
LOAD ./gecko_sdk_4.2.3/platform/service/device_init/src/sl_device_init_nvic.o
LOAD ./gecko_sdk_4.2.3/platform/service/iostream/src/sl_iostream.o
LOAD ./gecko_sdk_4.2.3/platform/service/iostream/src/sl_iostream_uart.o
LOAD ./gecko_sdk_4.2.3/platform/service/iostream/src/sl_iostream_usart.o
LOAD ./gecko_sdk_4.2.3/platform/service/sleeptimer/src/sl_sleeptimer.o
LOAD ./gecko_sdk_4.2.3/platform/service/sleeptimer/src/sl_sleeptimer_hal_burtc.o
LOAD ./gecko_sdk_4.2.3/platform/service/sleeptimer/src/sl_sleeptimer_hal_prortc.o
LOAD ./gecko_sdk_4.2.3/platform/service/sleeptimer/src/sl_sleeptimer_hal_rtcc.o
LOAD ./gecko_sdk_4.2.3/platform/service/sleeptimer/src/sl_sleeptimer_hal_timer.o
LOAD ./gecko_sdk_4.2.3/platform/service/system/src/sl_system_init.o
LOAD ./gecko_sdk_4.2.3/platform/service/system/src/sl_system_process_action.o
LOAD ./gecko_sdk_4.2.3/platform/service/udelay/src/sl_udelay.o
LOAD ./gecko_sdk_4.2.3/platform/service/udelay/src/sl_udelay_armv6m_gcc.o
LOAD c:/siliconlabs/simplicitystudio/v5/developer/toolchains/gnu_arm/10.3_2021.10/bin/../lib/gcc/arm-none-eabi/10.3.1/thumb/v8-m.main+fp/hard\libgcc.a
LOAD c:/siliconlabs/simplicitystudio/v5/developer/toolchains/gnu_arm/10.3_2021.10/bin/../lib/gcc/arm-none-eabi/10.3.1/../../../../arm-none-eabi/lib/thumb/v8-m.main+fp/hard\libc_nano.a
LOAD c:/siliconlabs/simplicitystudio/v5/developer/toolchains/gnu_arm/10.3_2021.10/bin/../lib/gcc/arm-none-eabi/10.3.1/../../../../arm-none-eabi/lib/thumb/v8-m.main+fp/hard\libm.a
LOAD c:/siliconlabs/simplicitystudio/v5/developer/toolchains/gnu_arm/10.3_2021.10/bin/../lib/gcc/arm-none-eabi/10.3.1/../../../../arm-none-eabi/lib/thumb/v8-m.main+fp/hard\libnosys.a
END GROUP
START GROUP
LOAD c:/siliconlabs/simplicitystudio/v5/developer/toolchains/gnu_arm/10.3_2021.10/bin/../lib/gcc/arm-none-eabi/10.3.1/thumb/v8-m.main+fp/hard\libgcc.a
LOAD c:/siliconlabs/simplicitystudio/v5/developer/toolchains/gnu_arm/10.3_2021.10/bin/../lib/gcc/arm-none-eabi/10.3.1/../../../../arm-none-eabi/lib/thumb/v8-m.main+fp/hard\libc_nano.a
LOAD c:/siliconlabs/simplicitystudio/v5/developer/toolchains/gnu_arm/10.3_2021.10/bin/../lib/gcc/arm-none-eabi/10.3.1/../../../../arm-none-eabi/lib/thumb/v8-m.main+fp/hard\libnosys.a
END GROUP
START GROUP
LOAD c:/siliconlabs/simplicitystudio/v5/developer/toolchains/gnu_arm/10.3_2021.10/bin/../lib/gcc/arm-none-eabi/10.3.1/thumb/v8-m.main+fp/hard\libgcc.a
LOAD c:/siliconlabs/simplicitystudio/v5/developer/toolchains/gnu_arm/10.3_2021.10/bin/../lib/gcc/arm-none-eabi/10.3.1/../../../../arm-none-eabi/lib/thumb/v8-m.main+fp/hard\libg_nano.a
LOAD c:/siliconlabs/simplicitystudio/v5/developer/toolchains/gnu_arm/10.3_2021.10/bin/../lib/gcc/arm-none-eabi/10.3.1/../../../../arm-none-eabi/lib/thumb/v8-m.main+fp/hard\libc_nano.a
END GROUP
START GROUP
LOAD c:/siliconlabs/simplicitystudio/v5/developer/toolchains/gnu_arm/10.3_2021.10/bin/../lib/gcc/arm-none-eabi/10.3.1/thumb/v8-m.main+fp/hard\libgcc.a
LOAD c:/siliconlabs/simplicitystudio/v5/developer/toolchains/gnu_arm/10.3_2021.10/bin/../lib/gcc/arm-none-eabi/10.3.1/../../../../arm-none-eabi/lib/thumb/v8-m.main+fp/hard\libc_nano.a
END GROUP
LOAD c:/siliconlabs/simplicitystudio/v5/developer/toolchains/gnu_arm/10.3_2021.10/bin/../lib/gcc/arm-none-eabi/10.3.1/thumb/v8-m.main+fp/hard/crtend.o
LOAD c:/siliconlabs/simplicitystudio/v5/developer/toolchains/gnu_arm/10.3_2021.10/bin/../lib/gcc/arm-none-eabi/10.3.1/thumb/v8-m.main+fp/hard/crtn.o

.text           0x00000000     0x6a28
                0x00000000                linker_vectors_begin = .
 *(.vectors)
 .vectors       0x00000000      0x140 ./gecko_sdk_4.2.3/platform/Device/SiliconLabs/EFR32BG22/Source/startup_efr32bg22.o
                0x00000000                __Vectors
                0x00000140                linker_vectors_end = .
                0x00000140                __Vectors_End = .
                0x00000140                __Vectors_Size = (__Vectors_End - __Vectors)
                0x00000140                linker_code_begin = .
 *(SORT_BY_ALIGNMENT(.text*))
 .text          0x00000140        0x8 ./gecko_sdk_4.2.3/platform/service/udelay/src/sl_udelay_armv6m_gcc.o
                0x00000140                sli_delay_loop
 .text          0x00000148       0x40 c:/siliconlabs/simplicitystudio/v5/developer/toolchains/gnu_arm/10.3_2021.10/bin/../lib/gcc/arm-none-eabi/10.3.1/thumb/v8-m.main+fp/hard/crtbegin.o
 .text          0x00000188       0x7c c:/siliconlabs/simplicitystudio/v5/developer/toolchains/gnu_arm/10.3_2021.10/bin/../lib/gcc/arm-none-eabi/10.3.1/../../../../arm-none-eabi/lib/thumb/v8-m.main+fp/hard/crt0.o
                0x00000188                _stack_init
                0x00000190                _start
                0x00000190                _mainCRTStartup
 .text.USART_Printf
                0x00000204       0x24 ./Drivers/USART.o
                0x00000204                USART_Printf
 .text.app_init
                0x00000228       0x1c ./app.o
                0x00000228                app_init
 .text.app_process_action
                0x00000244       0xc0 ./app.o
                0x00000244                app_process_action
 .text.sl_device_init_clocks
                0x00000304       0x9c ./autogen/sl_device_init_clocks.o
                0x00000304                sl_device_init_clocks
 .text.sl_platform_init
                0x000003a0       0x60 ./autogen/sl_event_handler.o
                0x000003a0                sl_platform_init
 .text.sl_i2cspm_init_instances
                0x00000400       0x18 ./autogen/sl_i2cspm_init.o
                0x00000400                sl_i2cspm_init_instances
 .text.sl_iostream_usart_init_vcom
                0x00000418       0xa4 ./autogen/sl_iostream_init_usart_instances.o
                0x00000418                sl_iostream_usart_init_vcom
 .text.sl_iostream_usart_init_instances
                0x000004bc       0x1c ./autogen/sl_iostream_init_usart_instances.o
                0x000004bc                sl_iostream_usart_init_instances
 .text.USART1_RX_IRQHandler
                0x000004d8        0xc ./autogen/sl_iostream_init_usart_instances.o
                0x000004d8                USART1_RX_IRQHandler
 .text.sl_simple_button_init_instances
                0x000004e4        0xc ./autogen/sl_simple_button_instances.o
                0x000004e4                sl_simple_button_init_instances
 .text.sl_simple_led_init_instances
                0x000004f0        0xc ./autogen/sl_simple_led_instances.o
                0x000004f0                sl_simple_led_init_instances
 .text.sl_uartdrv_set_default
                0x000004fc       0x14 ./autogen/sl_uartdrv_init.o
                0x000004fc                sl_uartdrv_set_default
 .text.sl_uartdrv_init_instances
                0x00000510       0x20 ./autogen/sl_uartdrv_init.o
                0x00000510                sl_uartdrv_init_instances
 .text.sl_board_enable_sensor
                0x00000530       0x5c ./gecko_sdk_4.2.3/hardware/board/src/sl_board_control_gpio.o
                0x00000530                sl_board_enable_sensor
 .text.sl_board_disable_sensor
                0x0000058c       0x5c ./gecko_sdk_4.2.3/hardware/board/src/sl_board_control_gpio.o
                0x0000058c                sl_board_disable_sensor
 .text.cs_high  0x000005e8        0xc ./gecko_sdk_4.2.3/hardware/driver/mx25_flash_shutdown/src/sl_mx25_flash_shutdown_usart/sl_mx25_flash_shutdown.o
 .text.cs_low   0x000005f4        0xc ./gecko_sdk_4.2.3/hardware/driver/mx25_flash_shutdown/src/sl_mx25_flash_shutdown_usart/sl_mx25_flash_shutdown.o
 .text.sl_mx25_flash_shutdown
                0x00000600      0x114 ./gecko_sdk_4.2.3/hardware/driver/mx25_flash_shutdown/src/sl_mx25_flash_shutdown_usart/sl_mx25_flash_shutdown.o
                0x00000600                sl_mx25_flash_shutdown
 .text.sl_si1133_compute_lux.constprop.0
                0x00000714       0x38 ./gecko_sdk_4.2.3/hardware/driver/si1133/src/sl_si1133.o
 .text.sl_si1133_read_register
                0x0000074c       0x34 ./gecko_sdk_4.2.3/hardware/driver/si1133/src/sl_si1133.o
                0x0000074c                sl_si1133_read_register
 .text.sl_si1133_write_register
                0x00000780       0x3c ./gecko_sdk_4.2.3/hardware/driver/si1133/src/sl_si1133.o
                0x00000780                sl_si1133_write_register
 .text.sl_si1133_write_register_block
                0x000007bc       0x4c ./gecko_sdk_4.2.3/hardware/driver/si1133/src/sl_si1133.o
                0x000007bc                sl_si1133_write_register_block
 .text.sl_si1133_read_register_block
                0x00000808       0x34 ./gecko_sdk_4.2.3/hardware/driver/si1133/src/sl_si1133.o
                0x00000808                sl_si1133_read_register_block
 .text.sl_si1133_measure_lux_uvi
                0x0000083c       0x8c ./gecko_sdk_4.2.3/hardware/driver/si1133/src/sl_si1133.o
                0x0000083c                sl_si1133_measure_lux_uvi
 .text.sl_si7210_read_register
                0x000008c8       0x38 ./gecko_sdk_4.2.3/hardware/driver/si7210/src/sl_si7210.o
                0x000008c8                sl_si7210_read_register
 .text.sl_si7210_write_register
                0x00000900       0x40 ./gecko_sdk_4.2.3/hardware/driver/si7210/src/sl_si7210.o
                0x00000900                sl_si7210_write_register
 .text.sl_si7210_set_mt_range_200
                0x00000940       0x44 ./gecko_sdk_4.2.3/hardware/driver/si7210/src/sl_si7210.o
                0x00000940                sl_si7210_set_mt_range_200
 .text.sl_si7210_wake_up
                0x00000984       0x30 ./gecko_sdk_4.2.3/hardware/driver/si7210/src/sl_si7210.o
                0x00000984                sl_si7210_wake_up
 .text.sl_si7210_measure
                0x000009b4       0x34 ./gecko_sdk_4.2.3/hardware/driver/si7210/src/sl_si7210.o
                0x000009b4                sl_si7210_measure
 .text.Reset_Handler
                0x000009e8       0x60 ./gecko_sdk_4.2.3/platform/Device/SiliconLabs/EFR32BG22/Source/startup_efr32bg22.o
                0x000009e8                Reset_Handler
 .text.SystemInit
                0x00000a48       0x64 ./gecko_sdk_4.2.3/platform/Device/SiliconLabs/EFR32BG22/Source/system_efr32bg22.o
                0x00000a48                SystemInit
 .text.SystemHFRCODPLLClockGet
                0x00000aac        0xc ./gecko_sdk_4.2.3/platform/Device/SiliconLabs/EFR32BG22/Source/system_efr32bg22.o
                0x00000aac                SystemHFRCODPLLClockGet
 .text.SystemSYSCLKGet
                0x00000ab8       0x34 ./gecko_sdk_4.2.3/platform/Device/SiliconLabs/EFR32BG22/Source/system_efr32bg22.o
                0x00000ab8                SystemSYSCLKGet
 .text.SystemHCLKGet
                0x00000aec       0x24 ./gecko_sdk_4.2.3/platform/Device/SiliconLabs/EFR32BG22/Source/system_efr32bg22.o
                0x00000aec                SystemHCLKGet
 .text.SystemMaxCoreClockGet
                0x00000b10        0x8 ./gecko_sdk_4.2.3/platform/Device/SiliconLabs/EFR32BG22/Source/system_efr32bg22.o
                0x00000b10                SystemMaxCoreClockGet
 .text.SystemHFXOClockGet
                0x00000b18        0xc ./gecko_sdk_4.2.3/platform/Device/SiliconLabs/EFR32BG22/Source/system_efr32bg22.o
                0x00000b18                SystemHFXOClockGet
 .text.SystemHFXOClockSet
                0x00000b24       0x20 ./gecko_sdk_4.2.3/platform/Device/SiliconLabs/EFR32BG22/Source/system_efr32bg22.o
                0x00000b24                SystemHFXOClockSet
 .text.SystemFSRCOClockGet
                0x00000b44        0x8 ./gecko_sdk_4.2.3/platform/Device/SiliconLabs/EFR32BG22/Source/system_efr32bg22.o
                0x00000b44                SystemFSRCOClockGet
 .text.SystemLFXOClockGet
                0x00000b4c        0xc ./gecko_sdk_4.2.3/platform/Device/SiliconLabs/EFR32BG22/Source/system_efr32bg22.o
                0x00000b4c                SystemLFXOClockGet
 .text._sbrk    0x00000b58       0x20 ./gecko_sdk_4.2.3/platform/common/toolchain/src/sl_memory.o
                0x00000b58                _sbrk
 .text.GPIO_PinInGet
                0x00000b78       0x54 ./gecko_sdk_4.2.3/platform/driver/button/src/sl_simple_button.o
 .text.sl_simple_button_init
                0x00000bcc       0x6c ./gecko_sdk_4.2.3/platform/driver/button/src/sl_simple_button.o
                0x00000bcc                sl_simple_button_init
 .text.I2CSPM_Init
                0x00000c38      0x180 ./gecko_sdk_4.2.3/platform/driver/i2cspm/src/sl_i2cspm.o
                0x00000c38                I2CSPM_Init
 .text.I2CSPM_Transfer
                0x00000db8       0x20 ./gecko_sdk_4.2.3/platform/driver/i2cspm/src/sl_i2cspm.o
                0x00000db8                I2CSPM_Transfer
 .text.GPIO_PinOutClear
                0x00000dd8       0x54 ./gecko_sdk_4.2.3/platform/driver/leddrv/src/sl_simple_led.o
 .text.GPIO_PinOutSet
                0x00000e2c       0x54 ./gecko_sdk_4.2.3/platform/driver/leddrv/src/sl_simple_led.o
 .text.sl_simple_led_toggle
                0x00000e80       0x50 ./gecko_sdk_4.2.3/platform/driver/leddrv/src/sl_simple_led.o
                0x00000e80                sl_simple_led_toggle
 .text.sl_simple_led_get_state
                0x00000ed0       0x5c ./gecko_sdk_4.2.3/platform/driver/leddrv/src/sl_simple_led.o
                0x00000ed0                sl_simple_led_get_state
 .text.StartTransfer
                0x00000f2c      0x17c ./gecko_sdk_4.2.3/platform/emdrv/dmadrv/src/dmadrv.o
 .text.DMADRV_AllocateChannel
                0x000010a8       0x60 ./gecko_sdk_4.2.3/platform/emdrv/dmadrv/src/dmadrv.o
                0x000010a8                DMADRV_AllocateChannel
 .text.DMADRV_DeInit
                0x00001108       0x44 ./gecko_sdk_4.2.3/platform/emdrv/dmadrv/src/dmadrv.o
                0x00001108                DMADRV_DeInit
 .text.DMADRV_FreeChannel
                0x0000114c       0x4c ./gecko_sdk_4.2.3/platform/emdrv/dmadrv/src/dmadrv.o
                0x0000114c                DMADRV_FreeChannel
 .text.DMADRV_Init
                0x00001198       0x68 ./gecko_sdk_4.2.3/platform/emdrv/dmadrv/src/dmadrv.o
                0x00001198                DMADRV_Init
 .text.DMADRV_PauseTransfer
                0x00001200       0x40 ./gecko_sdk_4.2.3/platform/emdrv/dmadrv/src/dmadrv.o
                0x00001200                DMADRV_PauseTransfer
 .text.DMADRV_ResumeTransfer
                0x00001240       0x40 ./gecko_sdk_4.2.3/platform/emdrv/dmadrv/src/dmadrv.o
                0x00001240                DMADRV_ResumeTransfer
 .text.DMADRV_StopTransfer
                0x00001280       0x40 ./gecko_sdk_4.2.3/platform/emdrv/dmadrv/src/dmadrv.o
                0x00001280                DMADRV_StopTransfer
 .text.DMADRV_TransferActive
                0x000012c0       0x50 ./gecko_sdk_4.2.3/platform/emdrv/dmadrv/src/dmadrv.o
                0x000012c0                DMADRV_TransferActive
 .text.DMADRV_TransferCompletePending
                0x00001310       0x50 ./gecko_sdk_4.2.3/platform/emdrv/dmadrv/src/dmadrv.o
                0x00001310                DMADRV_TransferCompletePending
 .text.DMADRV_TransferDone
                0x00001360       0x44 ./gecko_sdk_4.2.3/platform/emdrv/dmadrv/src/dmadrv.o
                0x00001360                DMADRV_TransferDone
 .text.LDMA_IRQHandler
                0x000013a4       0x74 ./gecko_sdk_4.2.3/platform/emdrv/dmadrv/src/dmadrv.o
                0x000013a4                LDMA_IRQHandler
 .text.GPIOINT_IRQDispatcher
                0x00001418       0x38 ./gecko_sdk_4.2.3/platform/emdrv/gpiointerrupt/src/gpiointerrupt.o
 .text.GPIOINT_Init
                0x00001450       0x30 ./gecko_sdk_4.2.3/platform/emdrv/gpiointerrupt/src/gpiointerrupt.o
                0x00001450                GPIOINT_Init
 .text.GPIOINT_CallbackRegister
                0x00001480       0x24 ./gecko_sdk_4.2.3/platform/emdrv/gpiointerrupt/src/gpiointerrupt.o
                0x00001480                GPIOINT_CallbackRegister
 .text.GPIOINT_CallbackRegisterExt
                0x000014a4       0x58 ./gecko_sdk_4.2.3/platform/emdrv/gpiointerrupt/src/gpiointerrupt.o
                0x000014a4                GPIOINT_CallbackRegisterExt
 .text.GPIO_EVEN_IRQHandler
                0x000014fc       0x24 ./gecko_sdk_4.2.3/platform/emdrv/gpiointerrupt/src/gpiointerrupt.o
                0x000014fc                GPIO_EVEN_IRQHandler
 .text.GPIO_ODD_IRQHandler
                0x00001520       0x24 ./gecko_sdk_4.2.3/platform/emdrv/gpiointerrupt/src/gpiointerrupt.o
                0x00001520                GPIO_ODD_IRQHandler
 .text.CheckParams
                0x00001544       0x24 ./gecko_sdk_4.2.3/platform/emdrv/uartdrv/src/uartdrv.o
 .text.GPIO_PinOutClear
                0x00001568       0x54 ./gecko_sdk_4.2.3/platform/emdrv/uartdrv/src/uartdrv.o
 .text.GPIO_PinOutSet
                0x000015bc       0x54 ./gecko_sdk_4.2.3/platform/emdrv/uartdrv/src/uartdrv.o
 .text.addHandle
                0x00001610       0x50 ./gecko_sdk_4.2.3/platform/emdrv/uartdrv/src/uartdrv.o
 .text.HwFcGetClearToSendPin
                0x00001660       0x60 ./gecko_sdk_4.2.3/platform/emdrv/uartdrv/src/uartdrv.o
 .text.HwFcManageClearToSend
                0x000016c0       0x80 ./gecko_sdk_4.2.3/platform/emdrv/uartdrv/src/uartdrv.o
 .text.InitializeDma
                0x00001740       0x28 ./gecko_sdk_4.2.3/platform/emdrv/uartdrv/src/uartdrv.o
 .text.EnableTransmitter
                0x00001768       0x4c ./gecko_sdk_4.2.3/platform/emdrv/uartdrv/src/uartdrv.o
 .text.UARTDRV_ForceTransmit
                0x000017b4       0xfc ./gecko_sdk_4.2.3/platform/emdrv/uartdrv/src/uartdrv.o
                0x000017b4                UARTDRV_ForceTransmit
 .text.UARTDRV_PauseTransmit
                0x000018b0       0x30 ./gecko_sdk_4.2.3/platform/emdrv/uartdrv/src/uartdrv.o
                0x000018b0                UARTDRV_PauseTransmit
 .text.UARTDRV_ResumeTransmit
                0x000018e0       0x40 ./gecko_sdk_4.2.3/platform/emdrv/uartdrv/src/uartdrv.o
                0x000018e0                UARTDRV_ResumeTransmit
 .text.UARTDRV_InitUart
                0x00001920      0x1fc ./gecko_sdk_4.2.3/platform/emdrv/uartdrv/src/uartdrv.o
                0x00001920                UARTDRV_InitUart
 .text.EMU_VScaleGet
                0x00001b1c       0x18 ./gecko_sdk_4.2.3/platform/emlib/src/em_cmu.o
 .text.em01GrpaClkGet
                0x00001b34       0x54 ./gecko_sdk_4.2.3/platform/emlib/src/em_cmu.o
 .text.iadcClkGet
                0x00001b88       0x54 ./gecko_sdk_4.2.3/platform/emlib/src/em_cmu.o
 .text.em01GrpbClkGet
                0x00001bdc       0x70 ./gecko_sdk_4.2.3/platform/emlib/src/em_cmu.o
 .text.em23GrpaClkGet
                0x00001c4c       0x54 ./gecko_sdk_4.2.3/platform/emlib/src/em_cmu.o
 .text.wdog0ClkGet
                0x00001ca0       0x60 ./gecko_sdk_4.2.3/platform/emlib/src/em_cmu.o
 .text.rtccClkGet
                0x00001d00       0x54 ./gecko_sdk_4.2.3/platform/emlib/src/em_cmu.o
 .text.em4GrpaClkGet
                0x00001d54       0x54 ./gecko_sdk_4.2.3/platform/emlib/src/em_cmu.o
 .text.euart0ClkGet
                0x00001da8       0x48 ./gecko_sdk_4.2.3/platform/emlib/src/em_cmu.o
 .text.CMU_ClockDivGet
                0x00001df0       0x84 ./gecko_sdk_4.2.3/platform/emlib/src/em_cmu.o
                0x00001df0                CMU_ClockDivGet
 .text.flashWaitStateControl
                0x00001e74       0x4c ./gecko_sdk_4.2.3/platform/emlib/src/em_cmu.o
 .text.CMU_ClockEnable
                0x00001ec0       0x54 ./gecko_sdk_4.2.3/platform/emlib/src/em_cmu.o
                0x00001ec0                CMU_ClockEnable
 .text.CMU_ClockFreqGet
                0x00001f14      0x194 ./gecko_sdk_4.2.3/platform/emlib/src/em_cmu.o
                0x00001f14                CMU_ClockFreqGet
 .text.rhclkPrescOptimize
                0x000020a8       0x20 ./gecko_sdk_4.2.3/platform/emlib/src/em_cmu.o
 .text.CMU_ClockSelectGet
                0x000020c8      0x168 ./gecko_sdk_4.2.3/platform/emlib/src/em_cmu.o
                0x000020c8                CMU_ClockSelectGet
 .text.sli_em_cmu_HFXOSetForceEnable
                0x00002230       0x18 ./gecko_sdk_4.2.3/platform/emlib/src/em_cmu.o
                0x00002230                sli_em_cmu_HFXOSetForceEnable
 .text.CMU_HFXOInit
                0x00002248      0x1e4 ./gecko_sdk_4.2.3/platform/emlib/src/em_cmu.o
                0x00002248                CMU_HFXOInit
 .text.CMU_HFXOCTuneDeltaGet
                0x0000242c        0xc ./gecko_sdk_4.2.3/platform/emlib/src/em_cmu.o
                0x0000242c                CMU_HFXOCTuneDeltaGet
 .text.CMU_LFXOInit
                0x00002438       0xc4 ./gecko_sdk_4.2.3/platform/emlib/src/em_cmu.o
                0x00002438                CMU_LFXOInit
 .text.CMU_LFXOPrecisionSet
                0x000024fc        0xc ./gecko_sdk_4.2.3/platform/emlib/src/em_cmu.o
                0x000024fc                CMU_LFXOPrecisionSet
 .text.CMU_ClockDivSet
                0x00002508      0x104 ./gecko_sdk_4.2.3/platform/emlib/src/em_cmu.o
                0x00002508                CMU_ClockDivSet
 .text.sli_em_cmu_SYSCLKInitPreClockSelect
                0x0000260c       0x20 ./gecko_sdk_4.2.3/platform/emlib/src/em_cmu.o
                0x0000260c                sli_em_cmu_SYSCLKInitPreClockSelect
 .text.pclkDivOptimize
                0x0000262c       0x24 ./gecko_sdk_4.2.3/platform/emlib/src/em_cmu.o
 .text.__NVIC_GetPriority
                0x00002650       0x24 ./gecko_sdk_4.2.3/platform/emlib/src/em_core.o
 .text.CORE_NvicIRQDisabled
                0x00002674       0x34 ./gecko_sdk_4.2.3/platform/emlib/src/em_core.o
                0x00002674                CORE_NvicIRQDisabled
 .text.CORE_IrqIsBlocked
                0x000026a8       0x6c ./gecko_sdk_4.2.3/platform/emlib/src/em_core.o
                0x000026a8                CORE_IrqIsBlocked
 .text.EMU_EM4Init
                0x00002714       0x14 ./gecko_sdk_4.2.3/platform/emlib/src/em_emu.o
                0x00002714                EMU_EM4Init
 .text.EMU_VScaleEM01
                0x00002728       0xb0 ./gecko_sdk_4.2.3/platform/emlib/src/em_emu.o
                0x00002728                EMU_VScaleEM01
 .text.EMU_VScaleEM01ByClock
                0x000027d8       0x30 ./gecko_sdk_4.2.3/platform/emlib/src/em_emu.o
                0x000027d8                EMU_VScaleEM01ByClock
 .text.EMU_DCDCModeSet
                0x00002808       0x78 ./gecko_sdk_4.2.3/platform/emlib/src/em_emu.o
                0x00002808                EMU_DCDCModeSet
 .text.EMU_DCDCInit
                0x00002880       0x7c ./gecko_sdk_4.2.3/platform/emlib/src/em_emu.o
                0x00002880                EMU_DCDCInit
 .text.EUSART_Enable
                0x000028fc       0x60 ./gecko_sdk_4.2.3/platform/emlib/src/em_eusart.o
                0x000028fc                EUSART_Enable
 .text.BUS_RegBitWrite
                0x0000295c       0x30 ./gecko_sdk_4.2.3/platform/emlib/src/em_gpio.o
 .text.GPIO_PinOutSet
                0x0000298c       0x54 ./gecko_sdk_4.2.3/platform/emlib/src/em_gpio.o
 .text.GPIO_PinOutClear
                0x000029e0       0x54 ./gecko_sdk_4.2.3/platform/emlib/src/em_gpio.o
 .text.GPIO_ExtIntConfig
                0x00002a34       0xf4 ./gecko_sdk_4.2.3/platform/emlib/src/em_gpio.o
                0x00002a34                GPIO_ExtIntConfig
 .text.GPIO_PinModeSet
                0x00002b28       0xa0 ./gecko_sdk_4.2.3/platform/emlib/src/em_gpio.o
                0x00002b28                GPIO_PinModeSet
 .text.I2C_BusFreqSet
                0x00002bc8       0xe8 ./gecko_sdk_4.2.3/platform/emlib/src/em_i2c.o
                0x00002bc8                I2C_BusFreqSet
 .text.I2C_Enable
                0x00002cb0       0x3c ./gecko_sdk_4.2.3/platform/emlib/src/em_i2c.o
                0x00002cb0                I2C_Enable
 .text.I2C_Init
                0x00002cec       0x68 ./gecko_sdk_4.2.3/platform/emlib/src/em_i2c.o
                0x00002cec                I2C_Init
 .text.I2C_Transfer
                0x00002d54      0x244 ./gecko_sdk_4.2.3/platform/emlib/src/em_i2c.o
                0x00002d54                I2C_Transfer
 .text.I2C_TransferInit
                0x00002f98       0xbc ./gecko_sdk_4.2.3/platform/emlib/src/em_i2c.o
                0x00002f98                I2C_TransferInit
 .text.LDMA_DeInit
                0x00003054       0x3c ./gecko_sdk_4.2.3/platform/emlib/src/em_ldma.o
                0x00003054                LDMA_DeInit
 .text.LDMA_EnableChannelRequest
                0x00003090       0x44 ./gecko_sdk_4.2.3/platform/emlib/src/em_ldma.o
                0x00003090                LDMA_EnableChannelRequest
 .text.LDMA_Init
                0x000030d4       0x94 ./gecko_sdk_4.2.3/platform/emlib/src/em_ldma.o
                0x000030d4                LDMA_Init
 .text.LDMA_StartTransfer
                0x00003168      0x100 ./gecko_sdk_4.2.3/platform/emlib/src/em_ldma.o
                0x00003168                LDMA_StartTransfer
 .text.LDMA_StopTransfer
                0x00003268       0x38 ./gecko_sdk_4.2.3/platform/emlib/src/em_ldma.o
                0x00003268                LDMA_StopTransfer
 .text.LDMA_TransferDone
                0x000032a0       0x44 ./gecko_sdk_4.2.3/platform/emlib/src/em_ldma.o
                0x000032a0                LDMA_TransferDone
 .text.RTCC_ChannelInit
                0x000032e4       0x48 ./gecko_sdk_4.2.3/platform/emlib/src/em_rtcc.o
                0x000032e4                RTCC_ChannelInit
 .text.RTCC_Enable
                0x0000332c       0x44 ./gecko_sdk_4.2.3/platform/emlib/src/em_rtcc.o
                0x0000332c                RTCC_Enable
 .text.RTCC_Init
                0x00003370       0x5c ./gecko_sdk_4.2.3/platform/emlib/src/em_rtcc.o
                0x00003370                RTCC_Init
 .text.USART_BaudrateAsyncSet
                0x000033cc       0xe0 ./gecko_sdk_4.2.3/platform/emlib/src/em_usart.o
                0x000033cc                USART_BaudrateAsyncSet
 .text.USART_BaudrateSyncSet
                0x000034ac       0x48 ./gecko_sdk_4.2.3/platform/emlib/src/em_usart.o
                0x000034ac                USART_BaudrateSyncSet
 .text.USART_Enable
                0x000034f4       0x44 ./gecko_sdk_4.2.3/platform/emlib/src/em_usart.o
                0x000034f4                USART_Enable
 .text.USART_Reset
                0x00003538       0x78 ./gecko_sdk_4.2.3/platform/emlib/src/em_usart.o
                0x00003538                USART_Reset
 .text.USART_InitAsync
                0x000035b0      0x124 ./gecko_sdk_4.2.3/platform/emlib/src/em_usart.o
                0x000035b0                USART_InitAsync
 .text.USART_InitSync
                0x000036d4       0xdc ./gecko_sdk_4.2.3/platform/emlib/src/em_usart.o
                0x000036d4                USART_InitSync
 .text.sl_device_init_dcdc
                0x000037b0       0x20 ./gecko_sdk_4.2.3/platform/service/device_init/src/sl_device_init_dcdc_s2.o
                0x000037b0                sl_device_init_dcdc
 .text.sl_device_init_emu
                0x000037d0       0x24 ./gecko_sdk_4.2.3/platform/service/device_init/src/sl_device_init_emu_s2.o
                0x000037d0                sl_device_init_emu
 .text.sl_device_init_hfxo
                0x000037f4       0x6c ./gecko_sdk_4.2.3/platform/service/device_init/src/sl_device_init_hfxo_s2.o
                0x000037f4                sl_device_init_hfxo
 .text.sl_device_init_lfxo
                0x00003860       0x2c ./gecko_sdk_4.2.3/platform/service/device_init/src/sl_device_init_lfxo_s2.o
                0x00003860                sl_device_init_lfxo
 .text.sl_device_init_nvic
                0x0000388c       0x3c ./gecko_sdk_4.2.3/platform/service/device_init/src/sl_device_init_nvic.o
                0x0000388c                sl_device_init_nvic
 .text.sl_iostream_set_default
                0x000038c8       0x18 ./gecko_sdk_4.2.3/platform/service/iostream/src/sl_iostream.o
                0x000038c8                sl_iostream_set_default
 .text.sl_iostream_get_default
                0x000038e0       0x18 ./gecko_sdk_4.2.3/platform/service/iostream/src/sl_iostream.o
                0x000038e0                sl_iostream_get_default
 .text.get_write_ptr
                0x000038f8       0x40 ./gecko_sdk_4.2.3/platform/service/iostream/src/sl_iostream_uart.o
 .text.dma_irq_handler
                0x00003938       0x74 ./gecko_sdk_4.2.3/platform/service/iostream/src/sl_iostream_uart.o
 .text.uart_read
                0x000039ac      0x1f0 ./gecko_sdk_4.2.3/platform/service/iostream/src/sl_iostream_uart.o
 .text.uart_deinit
                0x00003b9c       0x98 ./gecko_sdk_4.2.3/platform/service/iostream/src/sl_iostream_uart.o
 .text.uart_write
                0x00003c34       0xc0 ./gecko_sdk_4.2.3/platform/service/iostream/src/sl_iostream_uart.o
 .text.sli_iostream_uart_context_init
                0x00003cf4       0xf8 ./gecko_sdk_4.2.3/platform/service/iostream/src/sl_iostream_uart.o
                0x00003cf4                sli_iostream_uart_context_init
 .text.sl_iostream_usart_init
                0x00003dec      0x178 ./gecko_sdk_4.2.3/platform/service/iostream/src/sl_iostream_usart.o
                0x00003dec                sl_iostream_usart_init
 .text.delta_list_insert_timer
                0x00003f64       0x44 ./gecko_sdk_4.2.3/platform/service/sleeptimer/src/sl_sleeptimer.o
 .text.update_delta_list
                0x00003fa8       0x38 ./gecko_sdk_4.2.3/platform/service/sleeptimer/src/sl_sleeptimer.o
 .text.set_comparator_for_next_timer
                0x00003fe0       0x5c ./gecko_sdk_4.2.3/platform/service/sleeptimer/src/sl_sleeptimer.o
 .text.create_timer
                0x0000403c       0x70 ./gecko_sdk_4.2.3/platform/service/sleeptimer/src/sl_sleeptimer.o
 .text.delta_list_remove_timer
                0x000040ac       0x38 ./gecko_sdk_4.2.3/platform/service/sleeptimer/src/sl_sleeptimer.o
 .text.sl_sleeptimer_init
                0x000040e4       0x74 ./gecko_sdk_4.2.3/platform/service/sleeptimer/src/sl_sleeptimer.o
                0x000040e4                sl_sleeptimer_init
 .text.sl_sleeptimer_is_timer_running
                0x00004158       0x38 ./gecko_sdk_4.2.3/platform/service/sleeptimer/src/sl_sleeptimer.o
                0x00004158                sl_sleeptimer_is_timer_running
 .text.sl_sleeptimer_ms_to_tick
                0x00004190       0x24 ./gecko_sdk_4.2.3/platform/service/sleeptimer/src/sl_sleeptimer.o
                0x00004190                sl_sleeptimer_ms_to_tick
 .text.sl_sleeptimer_delay_millisecond
                0x000041b4       0x38 ./gecko_sdk_4.2.3/platform/service/sleeptimer/src/sl_sleeptimer.o
                0x000041b4                sl_sleeptimer_delay_millisecond
 .text.process_timer_irq
                0x000041ec      0x158 ./gecko_sdk_4.2.3/platform/service/sleeptimer/src/sl_sleeptimer.o
                0x000041ec                process_timer_irq
 .text.sleeptimer_hal_init_timer
                0x00004344       0x88 ./gecko_sdk_4.2.3/platform/service/sleeptimer/src/sl_sleeptimer_hal_rtcc.o
                0x00004344                sleeptimer_hal_init_timer
 .text.sleeptimer_hal_set_compare
                0x000043cc       0x64 ./gecko_sdk_4.2.3/platform/service/sleeptimer/src/sl_sleeptimer_hal_rtcc.o
                0x000043cc                sleeptimer_hal_set_compare
 .text.sleeptimer_hal_disable_int
                0x00004430       0x30 ./gecko_sdk_4.2.3/platform/service/sleeptimer/src/sl_sleeptimer_hal_rtcc.o
                0x00004430                sleeptimer_hal_disable_int
 .text.sleeptimer_hal_set_int
                0x00004460       0x10 ./gecko_sdk_4.2.3/platform/service/sleeptimer/src/sl_sleeptimer_hal_rtcc.o
                0x00004460                sleeptimer_hal_set_int
 .text.RTCC_IRQHandler
                0x00004470       0x34 ./gecko_sdk_4.2.3/platform/service/sleeptimer/src/sl_sleeptimer_hal_rtcc.o
                0x00004470                RTCC_IRQHandler
 .text.sl_udelay_wait
                0x000044a4       0x58 ./gecko_sdk_4.2.3/platform/service/udelay/src/sl_udelay.o
                0x000044a4                sl_udelay_wait
 .text          0x000044fc      0x378 c:/siliconlabs/simplicitystudio/v5/developer/toolchains/gnu_arm/10.3_2021.10/bin/../lib/gcc/arm-none-eabi/10.3.1/thumb/v8-m.main+fp/hard\libgcc.a(_arm_addsubdf3.o)
                0x000044fc                __aeabi_drsub
                0x00004504                __aeabi_dsub
                0x00004504                __subdf3
                0x00004508                __aeabi_dadd
                0x00004508                __adddf3
                0x00004780                __floatunsidf
                0x00004780                __aeabi_ui2d
                0x000047a0                __floatsidf
                0x000047a0                __aeabi_i2d
                0x000047c4                __aeabi_f2d
                0x000047c4                __extendsfdf2
                0x00004808                __floatundidf
                0x00004808                __aeabi_ul2d
                0x00004818                __floatdidf
                0x00004818                __aeabi_l2d
 .text          0x00004874       0x30 c:/siliconlabs/simplicitystudio/v5/developer/toolchains/gnu_arm/10.3_2021.10/bin/../lib/gcc/arm-none-eabi/10.3.1/thumb/v8-m.main+fp/hard\libgcc.a(_aeabi_uldivmod.o)
                0x00004874                __aeabi_uldivmod
 .text          0x000048a4      0x2ec c:/siliconlabs/simplicitystudio/v5/developer/toolchains/gnu_arm/10.3_2021.10/bin/../lib/gcc/arm-none-eabi/10.3.1/thumb/v8-m.main+fp/hard\libgcc.a(_udivmoddi4.o)
                0x000048a4                __udivmoddi4
 .text          0x00004b90        0x4 c:/siliconlabs/simplicitystudio/v5/developer/toolchains/gnu_arm/10.3_2021.10/bin/../lib/gcc/arm-none-eabi/10.3.1/thumb/v8-m.main+fp/hard\libgcc.a(_dvmd_tls.o)
                0x00004b90                __aeabi_idiv0
                0x00004b90                __aeabi_ldiv0
 .text.exit     0x00004b94       0x28 c:/siliconlabs/simplicitystudio/v5/developer/toolchains/gnu_arm/10.3_2021.10/bin/../lib/gcc/arm-none-eabi/10.3.1/../../../../arm-none-eabi/lib/thumb/v8-m.main+fp/hard\libc_nano.a(lib_a-exit.o)
                0x00004b94                exit
 .text.__libc_init_array
                0x00004bbc       0x48 c:/siliconlabs/simplicitystudio/v5/developer/toolchains/gnu_arm/10.3_2021.10/bin/../lib/gcc/arm-none-eabi/10.3.1/../../../../arm-none-eabi/lib/thumb/v8-m.main+fp/hard\libc_nano.a(lib_a-init.o)
                0x00004bbc                __libc_init_array
 .text.sprintf  0x00004c04       0x40 c:/siliconlabs/simplicitystudio/v5/developer/toolchains/gnu_arm/10.3_2021.10/bin/../lib/gcc/arm-none-eabi/10.3.1/../../../../arm-none-eabi/lib/thumb/v8-m.main+fp/hard\libc_nano.a(lib_a-sprintf.o)
                0x00004c04                siprintf
                0x00004c04                sprintf
 .text.sbrk_aligned
                0x00004c44       0x40 c:/siliconlabs/simplicitystudio/v5/developer/toolchains/gnu_arm/10.3_2021.10/bin/../lib/gcc/arm-none-eabi/10.3.1/../../../../arm-none-eabi/lib/thumb/v8-m.main+fp/hard\libc_nano.a(lib_a-nano-mallocr.o)
 .text._malloc_r
                0x00004c84       0xe8 c:/siliconlabs/simplicitystudio/v5/developer/toolchains/gnu_arm/10.3_2021.10/bin/../lib/gcc/arm-none-eabi/10.3.1/../../../../arm-none-eabi/lib/thumb/v8-m.main+fp/hard\libc_nano.a(lib_a-nano-mallocr.o)
                0x00004c84                _malloc_r
 .text._svfprintf_r
                0x00004d6c      0x200 c:/siliconlabs/simplicitystudio/v5/developer/toolchains/gnu_arm/10.3_2021.10/bin/../lib/gcc/arm-none-eabi/10.3.1/../../../../arm-none-eabi/lib/thumb/v8-m.main+fp/hard\libc_nano.a(lib_a-nano-svfprintf.o)
                0x00004d6c                _svfiprintf_r
                0x00004d6c                _svfprintf_r
 .text._printf_i
                0x00004f6c      0x24c c:/siliconlabs/simplicitystudio/v5/developer/toolchains/gnu_arm/10.3_2021.10/bin/../lib/gcc/arm-none-eabi/10.3.1/../../../../arm-none-eabi/lib/thumb/v8-m.main+fp/hard\libc_nano.a(lib_a-nano-vfprintf_i.o)
                0x00004f6c                _printf_i
 .text._sbrk_r  0x000051b8       0x20 c:/siliconlabs/simplicitystudio/v5/developer/toolchains/gnu_arm/10.3_2021.10/bin/../lib/gcc/arm-none-eabi/10.3.1/../../../../arm-none-eabi/lib/thumb/v8-m.main+fp/hard\libc_nano.a(lib_a-sbrkr.o)
                0x000051b8                _sbrk_r
 .text.__malloc_lock
                0x000051d8        0xc c:/siliconlabs/simplicitystudio/v5/developer/toolchains/gnu_arm/10.3_2021.10/bin/../lib/gcc/arm-none-eabi/10.3.1/../../../../arm-none-eabi/lib/thumb/v8-m.main+fp/hard\libc_nano.a(lib_a-mlock.o)
                0x000051d8                __malloc_lock
 .text.__malloc_unlock
                0x000051e4        0xc c:/siliconlabs/simplicitystudio/v5/developer/toolchains/gnu_arm/10.3_2021.10/bin/../lib/gcc/arm-none-eabi/10.3.1/../../../../arm-none-eabi/lib/thumb/v8-m.main+fp/hard\libc_nano.a(lib_a-mlock.o)
                0x000051e4                __malloc_unlock
 .text._free_r  0x000051f0       0x98 c:/siliconlabs/simplicitystudio/v5/developer/toolchains/gnu_arm/10.3_2021.10/bin/../lib/gcc/arm-none-eabi/10.3.1/../../../../arm-none-eabi/lib/thumb/v8-m.main+fp/hard\libc_nano.a(lib_a-nano-freer.o)
                0x000051f0                _free_r
 .text._exit    0x00005288        0x4 c:/siliconlabs/simplicitystudio/v5/developer/toolchains/gnu_arm/10.3_2021.10/bin/../lib/gcc/arm-none-eabi/10.3.1/../../../../arm-none-eabi/lib/thumb/v8-m.main+fp/hard\libnosys.a(_exit.o)
                0x00005288                _exit
 .text.startup.main
                0x0000528c       0x14 ./main.o
                0x0000528c                main
 .text.sl_board_default_init
                0x000052a0       0x18 ./autogen/sl_board_default_init.o
                0x000052a0                sl_board_default_init
 .text.sl_driver_init
                0x000052b8       0x1a ./autogen/sl_event_handler.o
                0x000052b8                sl_driver_init
 .text.sl_service_init
                0x000052d2       0x12 ./autogen/sl_event_handler.o
                0x000052d2                sl_service_init
 .text.sl_stack_init
                0x000052e4        0x2 ./autogen/sl_event_handler.o
                0x000052e4                sl_stack_init
 .text.sl_internal_app_init
                0x000052e6        0x2 ./autogen/sl_event_handler.o
                0x000052e6                sl_internal_app_init
 .text.sl_platform_process_action
                0x000052e8        0x2 ./autogen/sl_event_handler.o
                0x000052e8                sl_platform_process_action
 .text.sl_service_process_action
                0x000052ea        0x2 ./autogen/sl_event_handler.o
                0x000052ea                sl_service_process_action
 .text.sl_stack_process_action
                0x000052ec        0x2 ./autogen/sl_event_handler.o
                0x000052ec                sl_stack_process_action
 .text.sl_internal_app_process_action
                0x000052ee        0x2 ./autogen/sl_event_handler.o
                0x000052ee                sl_internal_app_process_action
 .text.USART1_TX_IRQHandler
                0x000052f0        0x4 ./autogen/sl_iostream_init_usart_instances.o
                0x000052f0                USART1_TX_IRQHandler
 .text.sl_board_configure_vcom
                0x000052f4        0x4 ./gecko_sdk_4.2.3/hardware/board/src/sl_board_control_gpio.o
                0x000052f4                sl_board_configure_vcom
 .text.sl_board_init
                0x000052f8       0x2e ./gecko_sdk_4.2.3/hardware/board/src/sl_board_init.o
                0x000052f8                sl_board_init
 .text.sl_board_preinit
                0x00005326        0x8 ./gecko_sdk_4.2.3/hardware/board/src/sl_board_init.o
                0x00005326                sl_board_preinit
 .text.sl_si1133_calculate_evaluation_polynomial.constprop.0
                0x0000532e       0xcc ./gecko_sdk_4.2.3/hardware/driver/si1133/src/sl_si1133.o
 .text.sl_si1133_wait_until_sleep
                0x000053fa       0x30 ./gecko_sdk_4.2.3/hardware/driver/si1133/src/sl_si1133.o
 .text.sl_si1133_send_command
                0x0000542a       0x9c ./gecko_sdk_4.2.3/hardware/driver/si1133/src/sl_si1133.o
 .text.sl_si1133_reset
                0x000054c6       0x16 ./gecko_sdk_4.2.3/hardware/driver/si1133/src/sl_si1133.o
                0x000054c6                sl_si1133_reset
 .text.sl_si1133_force_measurement
                0x000054dc        0x6 ./gecko_sdk_4.2.3/hardware/driver/si1133/src/sl_si1133.o
                0x000054dc                sl_si1133_force_measurement
 .text.sl_si1133_set_parameter
                0x000054e2       0x7a ./gecko_sdk_4.2.3/hardware/driver/si1133/src/sl_si1133.o
                0x000054e2                sl_si1133_set_parameter
 .text.sl_si1133_init
                0x0000555c       0xc4 ./gecko_sdk_4.2.3/hardware/driver/si1133/src/sl_si1133.o
                0x0000555c                sl_si1133_init
 .text.sl_si1133_read_samples
                0x00005620       0x94 ./gecko_sdk_4.2.3/hardware/driver/si1133/src/sl_si1133.o
                0x00005620                sl_si1133_read_samples
 .text.sl_si70xx_send_command
                0x000056b4       0x50 ./gecko_sdk_4.2.3/hardware/driver/si70xx/src/sl_si70xx.o
 .text.sl_si70xx_measure_rh_and_temp
                0x00005704       0x4a ./gecko_sdk_4.2.3/hardware/driver/si70xx/src/sl_si70xx.o
                0x00005704                sl_si70xx_measure_rh_and_temp
 .text.sl_si70xx_present
                0x0000574e       0x4c ./gecko_sdk_4.2.3/hardware/driver/si70xx/src/sl_si70xx.o
                0x0000574e                sl_si70xx_present
 .text.sl_si70xx_init
                0x0000579a       0x2c ./gecko_sdk_4.2.3/hardware/driver/si70xx/src/sl_si70xx.o
                0x0000579a                sl_si70xx_init
 .text.sl_si7210_read_data
                0x000057c6       0x44 ./gecko_sdk_4.2.3/hardware/driver/si7210/src/sl_si7210.o
                0x000057c6                sl_si7210_read_data
 .text.sl_si7210_sleep_sltimeena
                0x0000580a       0x50 ./gecko_sdk_4.2.3/hardware/driver/si7210/src/sl_si7210.o
                0x0000580a                sl_si7210_sleep_sltimeena
 .text.sl_si7210_read_otp_register
                0x0000585a       0x46 ./gecko_sdk_4.2.3/hardware/driver/si7210/src/sl_si7210.o
                0x0000585a                sl_si7210_read_otp_register
 .text.sl_si7210_identify
                0x000058a0       0x54 ./gecko_sdk_4.2.3/hardware/driver/si7210/src/sl_si7210.o
                0x000058a0                sl_si7210_identify
 .text.sl_si7210_init
                0x000058f4       0x30 ./gecko_sdk_4.2.3/hardware/driver/si7210/src/sl_si7210.o
                0x000058f4                sl_si7210_init
 .text.sl_si7210_read_magfield_data_and_sltimeena
                0x00005924       0xc4 ./gecko_sdk_4.2.3/hardware/driver/si7210/src/sl_si7210.o
                0x00005924                sl_si7210_read_magfield_data_and_sltimeena
 .text.Default_Handler
                0x000059e8        0x2 ./gecko_sdk_4.2.3/platform/Device/SiliconLabs/EFR32BG22/Source/startup_efr32bg22.o
                0x000059e8                ULFRCO_IRQHandler
                0x000059e8                SW2_IRQHandler
                0x000059e8                TIMER2_IRQHandler
                0x000059e8                DebugMon_Handler
                0x000059e8                PKE_IRQHandler
                0x000059e8                USART0_TX_IRQHandler
                0x000059e8                PRORTC_IRQHandler
                0x000059e8                IADC_IRQHandler
                0x000059e8                I2C0_IRQHandler
                0x000059e8                LFXO_IRQHandler
                0x000059e8                CRYPTOACC_IRQHandler
                0x000059e8                HardFault_Handler
                0x000059e8                SMU_SECURE_IRQHandler
                0x000059e8                SysTick_Handler
                0x000059e8                EMUEFP_IRQHandler
                0x000059e8                PendSV_Handler
                0x000059e8                NMI_Handler
                0x000059e8                SYNTH_IRQHandler
                0x000059e8                HFXO0_IRQHandler
                0x000059e8                I2C1_IRQHandler
                0x000059e8                PDM_IRQHandler
                0x000059e8                WDOG0_IRQHandler
                0x000059e8                TIMER3_IRQHandler
                0x000059e8                SYSCFG_IRQHandler
                0x000059e8                EMUSE_IRQHandler
                0x000059e8                EMUDG_IRQHandler
                0x000059e8                MSC_IRQHandler
                0x000059e8                DPLL0_IRQHandler
                0x000059e8                UsageFault_Handler
                0x000059e8                M33CTI1_IRQHandler
                0x000059e8                TIMER4_IRQHandler
                0x000059e8                SW0_IRQHandler
                0x000059e8                TIMER0_IRQHandler
                0x000059e8                LETIMER0_IRQHandler
                0x000059e8                TIMER1_IRQHandler
                0x000059e8                HFRCO0_IRQHandler
                0x000059e8                RFSENSE_IRQHandler
                0x000059e8                SecureFault_Handler
                0x000059e8                BUFC_IRQHandler
                0x000059e8                DCDC_IRQHandler
                0x000059e8                MODEM_IRQHandler
                0x000059e8                Default_Handler
                0x000059e8                RAC_SEQ_IRQHandler
                0x000059e8                FRC_PRI_IRQHandler
                0x000059e8                EMU_IRQHandler
                0x000059e8                SW3_IRQHandler
                0x000059e8                KERNEL0_IRQHandler
                0x000059e8                FRC_IRQHandler
                0x000059e8                KERNEL1_IRQHandler
                0x000059e8                AGC_IRQHandler
                0x000059e8                sl_app_properties
                0x000059e8                BURTC_IRQHandler
                0x000059e8                LFRCO_IRQHandler
                0x000059e8                USART0_RX_IRQHandler
                0x000059e8                MemManage_Handler
                0x000059e8                RDMAILBOX_IRQHandler
                0x000059e8                SVC_Handler
                0x000059e8                SMU_S_PRIVILEGED_IRQHandler
                0x000059e8                SW1_IRQHandler
                0x000059e8                CMU_IRQHandler
                0x000059e8                RAC_RSM_IRQHandler
                0x000059e8                EUART0_TX_IRQHandler
                0x000059e8                EUART0_RX_IRQHandler
                0x000059e8                AES_IRQHandler
                0x000059e8                M33CTI0_IRQHandler
                0x000059e8                ICACHE0_IRQHandler
                0x000059e8                SMU_NS_PRIVILEGED_IRQHandler
                0x000059e8                PROTIMER_IRQHandler
                0x000059e8                BusFault_Handler
                0x000059e8                TRNG_IRQHandler
 .text.SystemCLKIN0Get
                0x000059ea        0x4 ./gecko_sdk_4.2.3/platform/Device/SiliconLabs/EFR32BG22/Source/system_efr32bg22.o
                0x000059ea                SystemCLKIN0Get
 .text.SystemLFRCOClockGet
                0x000059ee        0x6 ./gecko_sdk_4.2.3/platform/Device/SiliconLabs/EFR32BG22/Source/system_efr32bg22.o
                0x000059ee                SystemLFRCOClockGet
 .text.SystemULFRCOClockGet
                0x000059f4        0x6 ./gecko_sdk_4.2.3/platform/Device/SiliconLabs/EFR32BG22/Source/system_efr32bg22.o
                0x000059f4                SystemULFRCOClockGet
 .text.assertEFM
                0x000059fa        0x2 ./gecko_sdk_4.2.3/platform/common/src/sl_assert.o
                0x000059fa                assertEFM
 .text.sl_button_init
                0x000059fc        0xa ./gecko_sdk_4.2.3/platform/driver/button/src/sl_button.o
                0x000059fc                sl_button_init
 .text.sl_button_get_state
                0x00005a06        0xa ./gecko_sdk_4.2.3/platform/driver/button/src/sl_button.o
                0x00005a06                sl_button_get_state
 .text.sl_button_on_change
                0x00005a10        0x2 ./gecko_sdk_4.2.3/platform/driver/button/src/sl_button.o
                0x00005a10                sl_button_on_change
 .text.sli_simple_button_on_change
                0x00005a12       0x28 ./gecko_sdk_4.2.3/platform/driver/button/src/sl_simple_button.o
 .text.sl_simple_button_get_state
                0x00005a3a        0x6 ./gecko_sdk_4.2.3/platform/driver/button/src/sl_simple_button.o
                0x00005a3a                sl_simple_button_get_state
 .text.sl_simple_button_poll_step
                0x00005a40       0x52 ./gecko_sdk_4.2.3/platform/driver/button/src/sl_simple_button.o
                0x00005a40                sl_simple_button_poll_step
 .text.sl_simple_button_enable
                0x00005a92       0x12 ./gecko_sdk_4.2.3/platform/driver/button/src/sl_simple_button.o
                0x00005a92                sl_simple_button_enable
 .text.sl_simple_button_disable
                0x00005aa4       0x30 ./gecko_sdk_4.2.3/platform/driver/button/src/sl_simple_button.o
                0x00005aa4                sl_simple_button_disable
 .text.sl_led_init
                0x00005ad4        0x6 ./gecko_sdk_4.2.3/platform/driver/leddrv/src/sl_led.o
                0x00005ad4                sl_led_init
 .text.sl_led_turn_on
                0x00005ada        0x6 ./gecko_sdk_4.2.3/platform/driver/leddrv/src/sl_led.o
                0x00005ada                sl_led_turn_on
 .text.sl_led_turn_off
                0x00005ae0        0x6 ./gecko_sdk_4.2.3/platform/driver/leddrv/src/sl_led.o
                0x00005ae0                sl_led_turn_off
 .text.sl_simple_led_init
                0x00005ae6       0x22 ./gecko_sdk_4.2.3/platform/driver/leddrv/src/sl_simple_led.o
                0x00005ae6                sl_simple_led_init
 .text.sl_simple_led_turn_on
                0x00005b08       0x12 ./gecko_sdk_4.2.3/platform/driver/leddrv/src/sl_simple_led.o
                0x00005b08                sl_simple_led_turn_on
 .text.sl_simple_led_turn_off
                0x00005b1a       0x12 ./gecko_sdk_4.2.3/platform/driver/leddrv/src/sl_simple_led.o
                0x00005b1a                sl_simple_led_turn_off
 .text.DMADRV_PeripheralMemory
                0x00005b2c       0x34 ./gecko_sdk_4.2.3/platform/emdrv/dmadrv/src/dmadrv.o
                0x00005b2c                DMADRV_PeripheralMemory
 .text.ConfigGpio
                0x00005b60       0xe0 ./gecko_sdk_4.2.3/platform/emdrv/uartdrv/src/uartdrv.o
 .text.FcApplyState
                0x00005c40       0x5c ./gecko_sdk_4.2.3/platform/emdrv/uartdrv/src/uartdrv.o
 .text.waitStateMax
                0x00005c9c       0x10 ./gecko_sdk_4.2.3/platform/emlib/src/em_cmu.o
 .text.CMU_UpdateWaitStates
                0x00005cac        0xc ./gecko_sdk_4.2.3/platform/emlib/src/em_cmu.o
                0x00005cac                CMU_UpdateWaitStates
 .text.pclkDivMax
                0x00005cb8        0xa ./gecko_sdk_4.2.3/platform/emlib/src/em_cmu.o
 .text.sli_em_cmu_SYSCLKInitPostClockSelect
                0x00005cc2       0x2a ./gecko_sdk_4.2.3/platform/emlib/src/em_cmu.o
                0x00005cc2                sli_em_cmu_SYSCLKInitPostClockSelect
 .text.CORE_EnterCritical
                0x00005cec        0x8 ./gecko_sdk_4.2.3/platform/emlib/src/em_core.o
                0x00005cec                CORE_EnterCritical
 .text.CORE_ExitCritical
                0x00005cf4        0x6 ./gecko_sdk_4.2.3/platform/emlib/src/em_core.o
                0x00005cf4                CORE_ExitCritical
 .text.CORE_EnterAtomic
                0x00005cfa        0xc ./gecko_sdk_4.2.3/platform/emlib/src/em_core.o
                0x00005cfa                CORE_EnterAtomic
 .text.CORE_ExitAtomic
                0x00005d06        0x6 ./gecko_sdk_4.2.3/platform/emlib/src/em_core.o
                0x00005d06                CORE_ExitAtomic
 .text.EMU_EFPEM01VScale
                0x00005d0c        0x2 ./gecko_sdk_4.2.3/platform/emlib/src/em_emu.o
                0x00005d0c                EMU_EFPEM01VScale
 .text.EMU_DCDCUpdatedHook
                0x00005d0e        0x2 ./gecko_sdk_4.2.3/platform/emlib/src/em_emu.o
                0x00005d0e                EMU_DCDCUpdatedHook
 .text.eusart_sync
                0x00005d10        0x8 ./gecko_sdk_4.2.3/platform/emlib/src/em_eusart.o
 .text.EUSART_Disable
                0x00005d18       0x3a ./gecko_sdk_4.2.3/platform/emlib/src/em_eusart.o
 .text.EUSART_Tx
                0x00005d52        0xa ./gecko_sdk_4.2.3/platform/emlib/src/em_eusart.o
                0x00005d52                EUSART_Tx
 .text.BUS_RegMaskedWrite
                0x00005d5c       0x22 ./gecko_sdk_4.2.3/platform/emlib/src/em_gpio.o
 .text.RTCC_SyncWait
                0x00005d7e       0x10 ./gecko_sdk_4.2.3/platform/emlib/src/em_rtcc.o
 .text.USART_SpiTransfer
                0x00005d8e       0x14 ./gecko_sdk_4.2.3/platform/emlib/src/em_usart.o
                0x00005d8e                USART_SpiTransfer
 .text.USART_Tx
                0x00005da2        0xa ./gecko_sdk_4.2.3/platform/emlib/src/em_usart.o
                0x00005da2                USART_Tx
 .text.set_auto_cr_lf
                0x00005dac        0x6 ./gecko_sdk_4.2.3/platform/service/iostream/src/sl_iostream_uart.o
 .text.get_auto_cr_lf
                0x00005db2        0x6 ./gecko_sdk_4.2.3/platform/service/iostream/src/sl_iostream_uart.o
 .text.usart_set_next_byte_detect
                0x00005db8        0xc ./gecko_sdk_4.2.3/platform/service/iostream/src/sl_iostream_usart.o
 .text.usart_deinit
                0x00005dc4       0x78 ./gecko_sdk_4.2.3/platform/service/iostream/src/sl_iostream_usart.o
 .text.usart_tx
                0x00005e3c        0xc ./gecko_sdk_4.2.3/platform/service/iostream/src/sl_iostream_usart.o
 .text.sl_iostream_usart_irq_handler
                0x00005e48       0x70 ./gecko_sdk_4.2.3/platform/service/iostream/src/sl_iostream_usart.o
                0x00005e48                sl_iostream_usart_irq_handler
 .text.delay_callback
                0x00005eb8        0x6 ./gecko_sdk_4.2.3/platform/service/sleeptimer/src/sl_sleeptimer.o
 .text.sl_sleeptimer_start_timer
                0x00005ebe       0x48 ./gecko_sdk_4.2.3/platform/service/sleeptimer/src/sl_sleeptimer.o
                0x00005ebe                sl_sleeptimer_start_timer
 .text.CMU_PrescToLog2.constprop.0
                0x00005f06        0x4 ./gecko_sdk_4.2.3/platform/service/sleeptimer/src/sl_sleeptimer_hal_rtcc.o
 .text.sleeptimer_hal_get_counter
                0x00005f0a        0xe ./gecko_sdk_4.2.3/platform/service/sleeptimer/src/sl_sleeptimer_hal_rtcc.o
                0x00005f0a                sleeptimer_hal_get_counter
 .text.sleeptimer_hal_enable_int
                0x00005f18       0x18 ./gecko_sdk_4.2.3/platform/service/sleeptimer/src/sl_sleeptimer_hal_rtcc.o
                0x00005f18                sleeptimer_hal_enable_int
 .text.sleeptimer_hal_get_timer_frequency
                0x00005f30       0x14 ./gecko_sdk_4.2.3/platform/service/sleeptimer/src/sl_sleeptimer_hal_rtcc.o
                0x00005f30                sleeptimer_hal_get_timer_frequency
 .text.sl_system_init
                0x00005f44       0x1a ./gecko_sdk_4.2.3/platform/service/system/src/sl_system_init.o
                0x00005f44                sl_system_init
 .text.sl_system_process_action
                0x00005f5e       0x16 ./gecko_sdk_4.2.3/platform/service/system/src/sl_system_process_action.o
                0x00005f5e                sl_system_process_action
 .text.memcpy   0x00005f74       0x1a c:/siliconlabs/simplicitystudio/v5/developer/toolchains/gnu_arm/10.3_2021.10/bin/../lib/gcc/arm-none-eabi/10.3.1/../../../../arm-none-eabi/lib/thumb/v8-m.main+fp/hard\libc_nano.a(lib_a-memcpy-stub.o)
                0x00005f74                memcpy
 .text.memset   0x00005f8e       0x10 c:/siliconlabs/simplicitystudio/v5/developer/toolchains/gnu_arm/10.3_2021.10/bin/../lib/gcc/arm-none-eabi/10.3.1/../../../../arm-none-eabi/lib/thumb/v8-m.main+fp/hard\libc_nano.a(lib_a-memset.o)
                0x00005f8e                memset
 .text          0x00005f9e       0x10 c:/siliconlabs/simplicitystudio/v5/developer/toolchains/gnu_arm/10.3_2021.10/bin/../lib/gcc/arm-none-eabi/10.3.1/../../../../arm-none-eabi/lib/thumb/v8-m.main+fp/hard\libc_nano.a(lib_a-strlen.o)
                0x00005f9e                strlen
 .text.__retarget_lock_acquire_recursive
                0x00005fae        0x2 c:/siliconlabs/simplicitystudio/v5/developer/toolchains/gnu_arm/10.3_2021.10/bin/../lib/gcc/arm-none-eabi/10.3.1/../../../../arm-none-eabi/lib/thumb/v8-m.main+fp/hard\libc_nano.a(lib_a-lock.o)
                0x00005fae                __retarget_lock_acquire_recursive
 .text.__retarget_lock_release_recursive
                0x00005fb0        0x2 c:/siliconlabs/simplicitystudio/v5/developer/toolchains/gnu_arm/10.3_2021.10/bin/../lib/gcc/arm-none-eabi/10.3.1/../../../../arm-none-eabi/lib/thumb/v8-m.main+fp/hard\libc_nano.a(lib_a-lock.o)
                0x00005fb0                __retarget_lock_release_recursive
 .text.__ssputs_r
                0x00005fb2       0xb6 c:/siliconlabs/simplicitystudio/v5/developer/toolchains/gnu_arm/10.3_2021.10/bin/../lib/gcc/arm-none-eabi/10.3.1/../../../../arm-none-eabi/lib/thumb/v8-m.main+fp/hard\libc_nano.a(lib_a-nano-svfprintf.o)
                0x00005fb2                __ssputs_r
 .text._printf_common
                0x00006068       0xe0 c:/siliconlabs/simplicitystudio/v5/developer/toolchains/gnu_arm/10.3_2021.10/bin/../lib/gcc/arm-none-eabi/10.3.1/../../../../arm-none-eabi/lib/thumb/v8-m.main+fp/hard\libc_nano.a(lib_a-nano-vfprintf_i.o)
                0x00006068                _printf_common
 .text.memchr   0x00006148       0x1c c:/siliconlabs/simplicitystudio/v5/developer/toolchains/gnu_arm/10.3_2021.10/bin/../lib/gcc/arm-none-eabi/10.3.1/../../../../arm-none-eabi/lib/thumb/v8-m.main+fp/hard\libc_nano.a(lib_a-memchr-stub.o)
                0x00006148                memchr
 .text.memmove  0x00006164       0x34 c:/siliconlabs/simplicitystudio/v5/developer/toolchains/gnu_arm/10.3_2021.10/bin/../lib/gcc/arm-none-eabi/10.3.1/../../../../arm-none-eabi/lib/thumb/v8-m.main+fp/hard\libc_nano.a(lib_a-memmove.o)
                0x00006164                memmove
 .text._realloc_r
                0x00006198       0x5e c:/siliconlabs/simplicitystudio/v5/developer/toolchains/gnu_arm/10.3_2021.10/bin/../lib/gcc/arm-none-eabi/10.3.1/../../../../arm-none-eabi/lib/thumb/v8-m.main+fp/hard\libc_nano.a(lib_a-nano-reallocr.o)
                0x00006198                _realloc_r
 .text._malloc_usable_size_r
                0x000061f6       0x10 c:/siliconlabs/simplicitystudio/v5/developer/toolchains/gnu_arm/10.3_2021.10/bin/../lib/gcc/arm-none-eabi/10.3.1/../../../../arm-none-eabi/lib/thumb/v8-m.main+fp/hard\libc_nano.a(lib_a-nano-msizer.o)
                0x000061f6                _malloc_usable_size_r
                0x00006206                linker_code_end = .
 *(.init)
 *fill*         0x00006206        0x2 
 .init          0x00006208        0x4 c:/siliconlabs/simplicitystudio/v5/developer/toolchains/gnu_arm/10.3_2021.10/bin/../lib/gcc/arm-none-eabi/10.3.1/thumb/v8-m.main+fp/hard/crti.o
                0x00006208                _init
 .init          0x0000620c        0x8 c:/siliconlabs/simplicitystudio/v5/developer/toolchains/gnu_arm/10.3_2021.10/bin/../lib/gcc/arm-none-eabi/10.3.1/thumb/v8-m.main+fp/hard/crtn.o
 *(.fini)
 .fini          0x00006214        0x4 c:/siliconlabs/simplicitystudio/v5/developer/toolchains/gnu_arm/10.3_2021.10/bin/../lib/gcc/arm-none-eabi/10.3.1/thumb/v8-m.main+fp/hard/crti.o
                0x00006214                _fini
 .fini          0x00006218        0x8 c:/siliconlabs/simplicitystudio/v5/developer/toolchains/gnu_arm/10.3_2021.10/bin/../lib/gcc/arm-none-eabi/10.3.1/thumb/v8-m.main+fp/hard/crtn.o
 *crtbegin.o(.ctors)
 *crtbegin?.o(.ctors)
 *(EXCLUDE_FILE(*crtend.o *crtend?.o) .ctors)
 *(SORT_BY_NAME(.ctors.*))
 *(.ctors)
 *crtbegin.o(.dtors)
 *crtbegin?.o(.dtors)
 *(EXCLUDE_FILE(*crtend.o *crtend?.o) .dtors)
 *(SORT_BY_NAME(.dtors.*))
 *(.dtors)
 *(.rodata*)
 .rodata.app_process_action.str1.1
                0x00006220       0x44 ./app.o
 .rodata.sl_iostream_usart_init_vcom.str1.1
                0x00006264       0x2e ./autogen/sl_iostream_init_usart_instances.o
 *fill*         0x00006292        0x2 
 .rodata        0x00006294       0x1c ./autogen/sl_iostream_init_usart_instances.o
 .rodata.sl_button_btn0
                0x000062b0       0x18 ./autogen/sl_simple_button_instances.o
                0x000062b0                sl_button_btn0
 .rodata.sl_led_led0
                0x000062c8       0x18 ./autogen/sl_simple_led_instances.o
                0x000062c8                sl_led_led0
 .rodata.sl_board_enable_sensor.str1.1
                0x000062e0       0x5c ./gecko_sdk_4.2.3/hardware/board/src/sl_board_control_gpio.o
 .rodata        0x0000633c       0x1c ./gecko_sdk_4.2.3/hardware/driver/mx25_flash_shutdown/src/sl_mx25_flash_shutdown_usart/sl_mx25_flash_shutdown.o
 .rodata.sl_si7210_set_mt_range_200.str1.1
                0x00006358        0x7 ./gecko_sdk_4.2.3/hardware/driver/si7210/src/sl_si7210.o
 .rodata.GPIO_PinInGet.str1.1
                0x0000635f       0x4e ./gecko_sdk_4.2.3/platform/driver/button/src/sl_simple_button.o
 .rodata.sl_simple_button_init.str1.1
                0x000063ad       0x5f ./gecko_sdk_4.2.3/platform/driver/button/src/sl_simple_button.o
 .rodata.I2CSPM_Init.str1.1
                0x0000640c       0x58 ./gecko_sdk_4.2.3/platform/driver/i2cspm/src/sl_i2cspm.o
                                 0xa6 (size before relaxing)
 .rodata.GPIO_PinOutClear.str1.1
                0x00006464       0x4e ./gecko_sdk_4.2.3/platform/driver/leddrv/src/sl_simple_led.o
 .rodata        0x00006464        0x4 ./gecko_sdk_4.2.3/platform/emdrv/dmadrv/src/dmadrv.o
 .rodata.GPIO_PinOutClear.str1.1
                0x00006468       0x4e ./gecko_sdk_4.2.3/platform/emdrv/uartdrv/src/uartdrv.o
 .rodata.em1RequestRemove.str1.1
                0x00006468       0x56 ./gecko_sdk_4.2.3/platform/emdrv/uartdrv/src/uartdrv.o
 *fill*         0x000064be        0x2 
 .rodata        0x000064c0       0x3c ./gecko_sdk_4.2.3/platform/emdrv/uartdrv/src/uartdrv.o
 .rodata.HFRCODPLLDevinfoGet.str1.1
                0x000064fc       0x4d ./gecko_sdk_4.2.3/platform/emlib/src/em_cmu.o
 .rodata.CORE_NvicMaskSetIRQ.str1.1
                0x00006549       0x4e ./gecko_sdk_4.2.3/platform/emlib/src/em_core.o
 .rodata.EMU_VScaleEM01.str1.1
                0x00006597       0x4d ./gecko_sdk_4.2.3/platform/emlib/src/em_emu.o
 .rodata.EUSART_Enable.str1.1
                0x000065e4       0x50 ./gecko_sdk_4.2.3/platform/emlib/src/em_eusart.o
 .rodata.BUS_RegBitWrite.str1.1
                0x00006634       0x4d ./gecko_sdk_4.2.3/platform/emlib/src/em_gpio.o
 .rodata.GPIO_PinOutSet.str1.1
                0x00006681       0x4e ./gecko_sdk_4.2.3/platform/emlib/src/em_gpio.o
 .rodata.GPIO_ExtIntConfig.str1.1
                0x00006681       0x4e ./gecko_sdk_4.2.3/platform/emlib/src/em_gpio.o
 .rodata.I2C_BusFreqGet.str1.1
                0x000066cf       0x4d ./gecko_sdk_4.2.3/platform/emlib/src/em_i2c.o
 .rodata.CSWTCH.13
                0x0000671c        0xc ./gecko_sdk_4.2.3/platform/emlib/src/em_i2c.o
 .rodata.CSWTCH.14
                0x00006728        0xc ./gecko_sdk_4.2.3/platform/emlib/src/em_i2c.o
 .rodata.i2cNSum
                0x00006734        0x4 ./gecko_sdk_4.2.3/platform/emlib/src/em_i2c.o
 .rodata.LDMA_EnableChannelRequest.str1.1
                0x00006738       0x4e ./gecko_sdk_4.2.3/platform/emlib/src/em_ldma.o
                                 0x9b (size before relaxing)
 .rodata.RTCC_ChannelInit.str1.1
                0x00006786       0x4e ./gecko_sdk_4.2.3/platform/emlib/src/em_rtcc.o
 .rodata.USART_BaudrateAsyncSet.str1.1
                0x000067d4       0x4f ./gecko_sdk_4.2.3/platform/emlib/src/em_usart.o
 .rodata        0x00006823        0x8 ./gecko_sdk_4.2.3/platform/service/device_init/src/sl_device_init_dcdc_s2.o
 *fill*         0x0000682b        0x1 
 .rodata        0x0000682c       0x28 ./gecko_sdk_4.2.3/platform/service/device_init/src/sl_device_init_hfxo_s2.o
 .rodata        0x00006854       0x14 ./gecko_sdk_4.2.3/platform/service/device_init/src/sl_device_init_lfxo_s2.o
 .rodata.get_write_ptr.str1.1
                0x00006868       0x62 ./gecko_sdk_4.2.3/platform/service/iostream/src/sl_iostream_uart.o
 .rodata.process_timer_irq.str1.1
                0x000068ca       0x61 ./gecko_sdk_4.2.3/platform/service/sleeptimer/src/sl_sleeptimer.o
 .rodata        0x0000692b        0xb ./gecko_sdk_4.2.3/platform/service/sleeptimer/src/sl_sleeptimer_hal_rtcc.o
 .rodata.sl_udelay_wait.str1.1
                0x00006936       0x59 ./gecko_sdk_4.2.3/platform/service/udelay/src/sl_udelay.o
 *fill*         0x0000698f        0x1 
 .rodata._global_impure_ptr
                0x00006990        0x4 c:/siliconlabs/simplicitystudio/v5/developer/toolchains/gnu_arm/10.3_2021.10/bin/../lib/gcc/arm-none-eabi/10.3.1/../../../../arm-none-eabi/lib/thumb/v8-m.main+fp/hard\libc_nano.a(lib_a-impure.o)
                0x00006990                _global_impure_ptr
 .rodata.__sf_fake_stderr
                0x00006994       0x20 c:/siliconlabs/simplicitystudio/v5/developer/toolchains/gnu_arm/10.3_2021.10/bin/../lib/gcc/arm-none-eabi/10.3.1/../../../../arm-none-eabi/lib/thumb/v8-m.main+fp/hard\libc_nano.a(lib_a-findfp.o)
                0x00006994                __sf_fake_stderr
 .rodata.__sf_fake_stdin
                0x000069b4       0x20 c:/siliconlabs/simplicitystudio/v5/developer/toolchains/gnu_arm/10.3_2021.10/bin/../lib/gcc/arm-none-eabi/10.3.1/../../../../arm-none-eabi/lib/thumb/v8-m.main+fp/hard\libc_nano.a(lib_a-findfp.o)
                0x000069b4                __sf_fake_stdin
 .rodata.__sf_fake_stdout
                0x000069d4       0x20 c:/siliconlabs/simplicitystudio/v5/developer/toolchains/gnu_arm/10.3_2021.10/bin/../lib/gcc/arm-none-eabi/10.3.1/../../../../arm-none-eabi/lib/thumb/v8-m.main+fp/hard\libc_nano.a(lib_a-findfp.o)
                0x000069d4                __sf_fake_stdout
 .rodata._svfprintf_r.str1.1
                0x000069f4       0x11 c:/siliconlabs/simplicitystudio/v5/developer/toolchains/gnu_arm/10.3_2021.10/bin/../lib/gcc/arm-none-eabi/10.3.1/../../../../arm-none-eabi/lib/thumb/v8-m.main+fp/hard\libc_nano.a(lib_a-nano-svfprintf.o)
 .rodata._printf_i.str1.1
                0x00006a05       0x22 c:/siliconlabs/simplicitystudio/v5/developer/toolchains/gnu_arm/10.3_2021.10/bin/../lib/gcc/arm-none-eabi/10.3.1/../../../../arm-none-eabi/lib/thumb/v8-m.main+fp/hard\libc_nano.a(lib_a-nano-vfprintf_i.o)
 *(.eh_frame*)
 *fill*         0x00006a27        0x1 
 .eh_frame      0x00006a28        0x0 c:/siliconlabs/simplicitystudio/v5/developer/toolchains/gnu_arm/10.3_2021.10/bin/../lib/gcc/arm-none-eabi/10.3.1/thumb/v8-m.main+fp/hard/crtbegin.o

.glue_7         0x00006a28        0x0
 .glue_7        0x00006a28        0x0 linker stubs

.glue_7t        0x00006a28        0x0
 .glue_7t       0x00006a28        0x0 linker stubs

.vfp11_veneer   0x00006a28        0x0
 .vfp11_veneer  0x00006a28        0x0 linker stubs

.v4_bx          0x00006a28        0x0
 .v4_bx         0x00006a28        0x0 linker stubs

.iplt           0x00006a28        0x0
 .iplt          0x00006a28        0x0 c:/siliconlabs/simplicitystudio/v5/developer/toolchains/gnu_arm/10.3_2021.10/bin/../lib/gcc/arm-none-eabi/10.3.1/thumb/v8-m.main+fp/hard/crtbegin.o

.ARM.extab
 *(.ARM.extab* .gnu.linkonce.armextab.*)
                0x00006a28                __exidx_start = .

.ARM.exidx      0x00006a28        0x8
 *(.ARM.exidx* .gnu.linkonce.armexidx.*)
 .ARM.exidx     0x00006a28        0x8 c:/siliconlabs/simplicitystudio/v5/developer/toolchains/gnu_arm/10.3_2021.10/bin/../lib/gcc/arm-none-eabi/10.3.1/../../../../arm-none-eabi/lib/thumb/v8-m.main+fp/hard/crt0.o
                                 0x10 (size before relaxing)
 .ARM.exidx     0x00006a30        0x0 c:/siliconlabs/simplicitystudio/v5/developer/toolchains/gnu_arm/10.3_2021.10/bin/../lib/gcc/arm-none-eabi/10.3.1/thumb/v8-m.main+fp/hard\libgcc.a(_udivmoddi4.o)
                                  0x8 (size before relaxing)
                0x00006a30                __exidx_end = .

.rel.dyn        0x00006a30        0x0
 .rel.iplt      0x00006a30        0x0 c:/siliconlabs/simplicitystudio/v5/developer/toolchains/gnu_arm/10.3_2021.10/bin/../lib/gcc/arm-none-eabi/10.3.1/thumb/v8-m.main+fp/hard/crtbegin.o

.copy.table     0x00006a30        0xc
                0x00006a30                . = ALIGN (0x4)
                0x00006a30                __copy_table_start__ = .
                0x00006a30        0x4 LONG 0x6a3c __etext
                0x00006a34        0x4 LONG 0x20001000 __data_start__
                0x00006a38        0x4 LONG 0x83 ((__data_end__ - __data_start__) / 0x4)
                0x00006a3c                __copy_table_end__ = .

.zero.table     0x00006a3c        0x0
                0x00006a3c                . = ALIGN (0x4)
                0x00006a3c                __zero_table_start__ = .
                0x00006a3c                __zero_table_end__ = .
                0x00006a3c                __etext = .
                0x20000000                . = ORIGIN (RAM)

.stack          0x20000000     0x1000
                0x20000000                __StackLimit = .
 *(.stack*)
 .stack         0x20000000     0x1000 ./gecko_sdk_4.2.3/platform/common/toolchain/src/sl_memory.o
                0x20001000                . = ALIGN (0x4)
                0x20001000                __StackTop = .
                0x20001000                PROVIDE (__stack = __StackTop)

.noinit
 *(.noinit*)

.data           0x20001000      0x20c load address 0x00006a3c
                0x20001000                . = ALIGN (0x4)
                0x20001000                __data_start__ = .
 *(vtable)
 *(SORT_BY_ALIGNMENT(.data*))
 .data.init_sensor
                0x20001000       0x14 ./autogen/sl_i2cspm_init.o
                0x20001000                init_sensor
 .data.sl_i2cspm_sensor
                0x20001014        0x4 ./autogen/sl_i2cspm_init.o
                0x20001014                sl_i2cspm_sensor
 .data.sl_uartdrv_usart_init_vcom
                0x20001018       0x24 ./autogen/sl_uartdrv_init.o
                0x20001018                sl_uartdrv_usart_init_vcom
 .data.sl_uartdrv_usart_vcom_handle
                0x2000103c        0x4 ./autogen/sl_uartdrv_init.o
                0x2000103c                sl_uartdrv_usart_vcom_handle
 .data.sl_uartdrv_usart_vcom_rx_buffer
                0x20001040       0x80 ./autogen/sl_uartdrv_init.o
 .data.sl_uartdrv_usart_vcom_tx_buffer
                0x200010c0       0x80 ./autogen/sl_uartdrv_init.o
 .data.SystemCoreClock
                0x20001140        0x4 ./gecko_sdk_4.2.3/platform/Device/SiliconLabs/EFR32BG22/Source/system_efr32bg22.o
                0x20001140                SystemCoreClock
 .data.SystemHFRCODPLLClock
                0x20001144        0x4 ./gecko_sdk_4.2.3/platform/Device/SiliconLabs/EFR32BG22/Source/system_efr32bg22.o
 .data.SystemHFXOClock
                0x20001148        0x4 ./gecko_sdk_4.2.3/platform/Device/SiliconLabs/EFR32BG22/Source/system_efr32bg22.o
 .data.SystemLFXOClock
                0x2000114c        0x4 ./gecko_sdk_4.2.3/platform/Device/SiliconLabs/EFR32BG22/Source/system_efr32bg22.o
 .data.heap_end.0
                0x20001150        0x4 ./gecko_sdk_4.2.3/platform/common/toolchain/src/sl_memory.o
 .data._impure_ptr
                0x20001154        0x4 c:/siliconlabs/simplicitystudio/v5/developer/toolchains/gnu_arm/10.3_2021.10/bin/../lib/gcc/arm-none-eabi/10.3.1/../../../../arm-none-eabi/lib/thumb/v8-m.main+fp/hard\libc_nano.a(lib_a-impure.o)
                0x20001154                _impure_ptr
 .data.impure_data
                0x20001158       0x60 c:/siliconlabs/simplicitystudio/v5/developer/toolchains/gnu_arm/10.3_2021.10/bin/../lib/gcc/arm-none-eabi/10.3.1/../../../../arm-none-eabi/lib/thumb/v8-m.main+fp/hard\libc_nano.a(lib_a-impure.o)
 .data.simple_btn0_context
                0x200011b8        0x8 ./autogen/sl_simple_button_instances.o
                0x200011b8                simple_btn0_context
 .data.lk       0x200011c0       0x34 ./gecko_sdk_4.2.3/hardware/driver/si1133/src/sl_si1133.o
 .data.uk       0x200011f4        0x8 ./gecko_sdk_4.2.3/hardware/driver/si1133/src/sl_si1133.o
 .data.lfxo_precision
                0x200011fc        0x2 ./gecko_sdk_4.2.3/platform/emlib/src/em_cmu.o
 .data.simple_led0_context
                0x200011fe        0x3 ./autogen/sl_simple_led_instances.o
                0x200011fe                simple_led0_context
 .data.cc_disabled
                0x20001201        0x1 ./gecko_sdk_4.2.3/platform/service/sleeptimer/src/sl_sleeptimer_hal_rtcc.o
                0x20001204                . = ALIGN (0x4)
 *fill*         0x20001202        0x2 
                [!provide]                PROVIDE (__ram_func_section_start = .)
 *(.ram)
                [!provide]                PROVIDE (__ram_func_section_end = .)
                0x20001204                . = ALIGN (0x4)
                0x20001204                PROVIDE (__preinit_array_start = .)
 *(.preinit_array)
                0x20001204                PROVIDE (__preinit_array_end = .)
                0x20001204                . = ALIGN (0x4)
                0x20001204                PROVIDE (__init_array_start = .)
 *(SORT_BY_NAME(.init_array.*))
 *(.init_array)
 .init_array    0x20001204        0x4 c:/siliconlabs/simplicitystudio/v5/developer/toolchains/gnu_arm/10.3_2021.10/bin/../lib/gcc/arm-none-eabi/10.3.1/thumb/v8-m.main+fp/hard/crtbegin.o
                0x20001208                PROVIDE (__init_array_end = .)
                0x20001208                . = ALIGN (0x4)
                [!provide]                PROVIDE (__fini_array_start = .)
 *(SORT_BY_NAME(.fini_array.*))
 *(.fini_array)
 .fini_array    0x20001208        0x4 c:/siliconlabs/simplicitystudio/v5/developer/toolchains/gnu_arm/10.3_2021.10/bin/../lib/gcc/arm-none-eabi/10.3.1/thumb/v8-m.main+fp/hard/crtbegin.o
                [!provide]                PROVIDE (__fini_array_end = .)
                0x2000120c                . = ALIGN (0x4)
                0x2000120c                __data_end__ = .

.igot.plt       0x2000120c        0x0 load address 0x00006c48
 .igot.plt      0x2000120c        0x0 c:/siliconlabs/simplicitystudio/v5/developer/toolchains/gnu_arm/10.3_2021.10/bin/../lib/gcc/arm-none-eabi/10.3.1/thumb/v8-m.main+fp/hard/crtbegin.o

.bss            0x2000120c      0x4d8 load address 0x00006c48
                0x2000120c                . = ALIGN (0x4)
                0x2000120c                __bss_start__ = .
 *(SORT_BY_ALIGNMENT(.bss*))
 .bss           0x2000120c       0x1c c:/siliconlabs/simplicitystudio/v5/developer/toolchains/gnu_arm/10.3_2021.10/bin/../lib/gcc/arm-none-eabi/10.3.1/thumb/v8-m.main+fp/hard/crtbegin.o
 .bss.context_vcom
                0x20001228       0x4c ./autogen/sl_iostream_init_usart_instances.o
 .bss.sl_iostream_vcom
                0x20001274       0x18 ./autogen/sl_iostream_init_usart_instances.o
 .bss.sl_uartdrv_usart_vcom_handle_data
                0x2000128c       0x60 ./autogen/sl_uartdrv_init.o
                0x2000128c                sl_uartdrv_usart_vcom_handle_data
 .bss.sli_uartdrv_default_handle
                0x200012ec        0x4 ./autogen/sl_uartdrv_init.o
 .bss.chTable   0x200012f0       0x80 ./gecko_sdk_4.2.3/platform/emdrv/dmadrv/src/dmadrv.o
 .bss.dmaXfer   0x20001370      0x100 ./gecko_sdk_4.2.3/platform/emdrv/dmadrv/src/dmadrv.o
 .bss.gpioCallbacks
                0x20001470      0x200 ./gecko_sdk_4.2.3/platform/emdrv/gpiointerrupt/src/gpiointerrupt.o
 .bss.uartdrvHandle
                0x20001670       0x10 ./gecko_sdk_4.2.3/platform/emdrv/uartdrv/src/uartdrv.o
 .bss.i2cTransfer
                0x20001680       0x18 ./gecko_sdk_4.2.3/platform/emlib/src/em_i2c.o
 .bss.sli_iostream_default
                0x20001698        0x4 ./gecko_sdk_4.2.3/platform/service/iostream/src/sl_iostream.o
 .bss.last_delta_update_count
                0x2000169c        0x4 ./gecko_sdk_4.2.3/platform/service/sleeptimer/src/sl_sleeptimer.o
 .bss.max_millisecond_conversion
                0x200016a0        0x4 ./gecko_sdk_4.2.3/platform/service/sleeptimer/src/sl_sleeptimer.o
 .bss.timer_frequency
                0x200016a4        0x4 ./gecko_sdk_4.2.3/platform/service/sleeptimer/src/sl_sleeptimer.o
 .bss.timer_head
                0x200016a8        0x4 ./gecko_sdk_4.2.3/platform/service/sleeptimer/src/sl_sleeptimer.o
 .bss.__malloc_free_list
                0x200016ac        0x4 c:/siliconlabs/simplicitystudio/v5/developer/toolchains/gnu_arm/10.3_2021.10/bin/../lib/gcc/arm-none-eabi/10.3.1/../../../../arm-none-eabi/lib/thumb/v8-m.main+fp/hard\libc_nano.a(lib_a-nano-mallocr.o)
                0x200016ac                __malloc_free_list
 .bss.__malloc_sbrk_start
                0x200016b0        0x4 c:/siliconlabs/simplicitystudio/v5/developer/toolchains/gnu_arm/10.3_2021.10/bin/../lib/gcc/arm-none-eabi/10.3.1/../../../../arm-none-eabi/lib/thumb/v8-m.main+fp/hard\libc_nano.a(lib_a-nano-mallocr.o)
                0x200016b0                __malloc_sbrk_start
 .bss.errno     0x200016b4        0x4 c:/siliconlabs/simplicitystudio/v5/developer/toolchains/gnu_arm/10.3_2021.10/bin/../lib/gcc/arm-none-eabi/10.3.1/../../../../arm-none-eabi/lib/thumb/v8-m.main+fp/hard\libc_nano.a(lib_a-reent.o)
                0x200016b4                errno
 .bss.overflow_counter
                0x200016b8        0x2 ./gecko_sdk_4.2.3/platform/service/sleeptimer/src/sl_sleeptimer.o
 .bss.rx_buffer_vcom
                0x200016ba       0x20 ./autogen/sl_iostream_init_usart_instances.o
 .bss.initialized
                0x200016da        0x1 ./gecko_sdk_4.2.3/platform/emdrv/dmadrv/src/dmadrv.o
 .bss.uartdrvHandleIsInitialized
                0x200016db        0x1 ./gecko_sdk_4.2.3/platform/emdrv/uartdrv/src/uartdrv.o
 .bss.ctuneDelta
                0x200016dc        0x1 ./gecko_sdk_4.2.3/platform/emlib/src/em_cmu.o
 .bss.vScaleEM01Config
                0x200016dd        0x1 ./gecko_sdk_4.2.3/platform/emlib/src/em_emu.o
 .bss.is_sleeptimer_initialized
                0x200016de        0x1 ./gecko_sdk_4.2.3/platform/service/sleeptimer/src/sl_sleeptimer.o
 .bss.next_timer_to_expire_is_power_manager
                0x200016df        0x1 ./gecko_sdk_4.2.3/platform/service/sleeptimer/src/sl_sleeptimer.o
 .bss.sleep_on_isr_exit
                0x200016e0        0x1 ./gecko_sdk_4.2.3/platform/service/sleeptimer/src/sl_sleeptimer.o
 .bss.__lock___malloc_recursive_mutex
                0x200016e1        0x1 c:/siliconlabs/simplicitystudio/v5/developer/toolchains/gnu_arm/10.3_2021.10/bin/../lib/gcc/arm-none-eabi/10.3.1/../../../../arm-none-eabi/lib/thumb/v8-m.main+fp/hard\libc_nano.a(lib_a-lock.o)
                0x200016e1                __lock___malloc_recursive_mutex
 *(COMMON)
                0x200016e4                . = ALIGN (0x4)
 *fill*         0x200016e2        0x2 
                0x200016e4                __bss_end__ = .

.heap           0x200016e8     0x6918
                0x200016e8                __HeapBase = .
                0x200016e8                __end__ = .
                0x200016e8                end = __end__
                0x200016e8                _end = __end__
 *(.heap*)
 .heap          0x200016e8      0x800 ./gecko_sdk_4.2.3/platform/common/toolchain/src/sl_memory.o
                0x20008000                . = (ORIGIN (RAM) + LENGTH (RAM))
 *fill*         0x20001ee8     0x6118 
                0x20008000                __HeapLimit = .
                0x00006918                __heap_size = (__HeapLimit - __HeapBase)
                0x20008000                __ram_end__ = 0x20008000
                0x0007e000                __main_flash_end__ = 0x7e000

.internal_storage
                0x00006a3c        0x0
 *(.internal_storage*)

.nvm            0x00006a3c        0x0
 *(.simee*)
                0x0007e000                linker_nvm_end = __main_flash_end__
                0x0007e000                linker_nvm_begin = (linker_nvm_end - SIZEOF (.nvm))
                0x00000000                linker_nvm_size = SIZEOF (.nvm)
                0x0007e000                linker_storage_end = linker_nvm_begin
                0x0007e000                __nvm3Base = linker_nvm_begin
                0x0007e000                linker_storage_begin = (linker_storage_end - SIZEOF (.internal_storage))
                0x00000000                linker_storage_size = SIZEOF (.internal_storage)
                0x00000001                ASSERT ((linker_storage_begin >= (__etext + SIZEOF (.data))), FLASH memory overflowed !)
OUTPUT(Projet-IOT-2024_4.axf elf32-littlearm)
LOAD linker stubs

.ARM.attributes
                0x00000000       0x36
 .ARM.attributes
                0x00000000       0x22 c:/siliconlabs/simplicitystudio/v5/developer/toolchains/gnu_arm/10.3_2021.10/bin/../lib/gcc/arm-none-eabi/10.3.1/thumb/v8-m.main+fp/hard/crti.o
 .ARM.attributes
                0x00000022       0x38 c:/siliconlabs/simplicitystudio/v5/developer/toolchains/gnu_arm/10.3_2021.10/bin/../lib/gcc/arm-none-eabi/10.3.1/thumb/v8-m.main+fp/hard/crtbegin.o
 .ARM.attributes
                0x0000005a       0x20 c:/siliconlabs/simplicitystudio/v5/developer/toolchains/gnu_arm/10.3_2021.10/bin/../lib/gcc/arm-none-eabi/10.3.1/../../../../arm-none-eabi/lib/thumb/v8-m.main+fp/hard/crt0.o
 .ARM.attributes
                0x0000007a       0x3a ./Drivers/USART.o
 .ARM.attributes
                0x000000b4       0x3a ./app.o
 .ARM.attributes
                0x000000ee       0x3a ./main.o
 .ARM.attributes
                0x00000128       0x3a ./autogen/sl_board_default_init.o
 .ARM.attributes
                0x00000162       0x3a ./autogen/sl_device_init_clocks.o
 .ARM.attributes
                0x0000019c       0x3a ./autogen/sl_event_handler.o
 .ARM.attributes
                0x000001d6       0x3a ./autogen/sl_i2cspm_init.o
 .ARM.attributes
                0x00000210       0x3a ./autogen/sl_iostream_init_usart_instances.o
 .ARM.attributes
                0x0000024a       0x3a ./autogen/sl_simple_button_instances.o
 .ARM.attributes
                0x00000284       0x3a ./autogen/sl_simple_led_instances.o
 .ARM.attributes
                0x000002be       0x3a ./autogen/sl_uartdrv_init.o
 .ARM.attributes
                0x000002f8       0x3a ./gecko_sdk_4.2.3/hardware/board/src/sl_board_control_gpio.o
 .ARM.attributes
                0x00000332       0x3a ./gecko_sdk_4.2.3/hardware/board/src/sl_board_init.o
 .ARM.attributes
                0x0000036c       0x3a ./gecko_sdk_4.2.3/hardware/driver/mx25_flash_shutdown/src/sl_mx25_flash_shutdown_usart/sl_mx25_flash_shutdown.o
 .ARM.attributes
                0x000003a6       0x3a ./gecko_sdk_4.2.3/hardware/driver/si1133/src/sl_si1133.o
 .ARM.attributes
                0x000003e0       0x3a ./gecko_sdk_4.2.3/hardware/driver/si70xx/src/sl_si70xx.o
 .ARM.attributes
                0x0000041a       0x3a ./gecko_sdk_4.2.3/hardware/driver/si7210/src/sl_si7210.o
 .ARM.attributes
                0x00000454       0x3a ./gecko_sdk_4.2.3/platform/Device/SiliconLabs/EFR32BG22/Source/startup_efr32bg22.o
 .ARM.attributes
                0x0000048e       0x3a ./gecko_sdk_4.2.3/platform/Device/SiliconLabs/EFR32BG22/Source/system_efr32bg22.o
 .ARM.attributes
                0x000004c8       0x3a ./gecko_sdk_4.2.3/platform/common/src/sl_assert.o
 .ARM.attributes
                0x00000502       0x3a ./gecko_sdk_4.2.3/platform/common/toolchain/src/sl_memory.o
 .ARM.attributes
                0x0000053c       0x3a ./gecko_sdk_4.2.3/platform/driver/button/src/sl_button.o
 .ARM.attributes
                0x00000576       0x3a ./gecko_sdk_4.2.3/platform/driver/button/src/sl_simple_button.o
 .ARM.attributes
                0x000005b0       0x3a ./gecko_sdk_4.2.3/platform/driver/i2cspm/src/sl_i2cspm.o
 .ARM.attributes
                0x000005ea       0x3a ./gecko_sdk_4.2.3/platform/driver/leddrv/src/sl_led.o
 .ARM.attributes
                0x00000624       0x3a ./gecko_sdk_4.2.3/platform/driver/leddrv/src/sl_simple_led.o
 .ARM.attributes
                0x0000065e       0x3a ./gecko_sdk_4.2.3/platform/emdrv/dmadrv/src/dmadrv.o
 .ARM.attributes
                0x00000698       0x3a ./gecko_sdk_4.2.3/platform/emdrv/gpiointerrupt/src/gpiointerrupt.o
 .ARM.attributes
                0x000006d2       0x3a ./gecko_sdk_4.2.3/platform/emdrv/uartdrv/src/uartdrv.o
 .ARM.attributes
                0x0000070c       0x3a ./gecko_sdk_4.2.3/platform/emlib/src/em_cmu.o
 .ARM.attributes
                0x00000746       0x3a ./gecko_sdk_4.2.3/platform/emlib/src/em_core.o
 .ARM.attributes
                0x00000780       0x3a ./gecko_sdk_4.2.3/platform/emlib/src/em_emu.o
 .ARM.attributes
                0x000007ba       0x3a ./gecko_sdk_4.2.3/platform/emlib/src/em_eusart.o
 .ARM.attributes
                0x000007f4       0x3a ./gecko_sdk_4.2.3/platform/emlib/src/em_gpio.o
 .ARM.attributes
                0x0000082e       0x3a ./gecko_sdk_4.2.3/platform/emlib/src/em_i2c.o
 .ARM.attributes
                0x00000868       0x3a ./gecko_sdk_4.2.3/platform/emlib/src/em_ldma.o
 .ARM.attributes
                0x000008a2       0x3a ./gecko_sdk_4.2.3/platform/emlib/src/em_rtcc.o
 .ARM.attributes
                0x000008dc       0x3a ./gecko_sdk_4.2.3/platform/emlib/src/em_usart.o
 .ARM.attributes
                0x00000916       0x3a ./gecko_sdk_4.2.3/platform/service/device_init/src/sl_device_init_dcdc_s2.o
 .ARM.attributes
                0x00000950       0x3a ./gecko_sdk_4.2.3/platform/service/device_init/src/sl_device_init_emu_s2.o
 .ARM.attributes
                0x0000098a       0x3a ./gecko_sdk_4.2.3/platform/service/device_init/src/sl_device_init_hfxo_s2.o
 .ARM.attributes
                0x000009c4       0x3a ./gecko_sdk_4.2.3/platform/service/device_init/src/sl_device_init_lfxo_s2.o
 .ARM.attributes
                0x000009fe       0x3a ./gecko_sdk_4.2.3/platform/service/device_init/src/sl_device_init_nvic.o
 .ARM.attributes
                0x00000a38       0x3a ./gecko_sdk_4.2.3/platform/service/iostream/src/sl_iostream.o
 .ARM.attributes
                0x00000a72       0x3a ./gecko_sdk_4.2.3/platform/service/iostream/src/sl_iostream_uart.o
 .ARM.attributes
                0x00000aac       0x3a ./gecko_sdk_4.2.3/platform/service/iostream/src/sl_iostream_usart.o
 .ARM.attributes
                0x00000ae6       0x3a ./gecko_sdk_4.2.3/platform/service/sleeptimer/src/sl_sleeptimer.o
 .ARM.attributes
                0x00000b20       0x3a ./gecko_sdk_4.2.3/platform/service/sleeptimer/src/sl_sleeptimer_hal_rtcc.o
 .ARM.attributes
                0x00000b5a       0x3a ./gecko_sdk_4.2.3/platform/service/system/src/sl_system_init.o
 .ARM.attributes
                0x00000b94       0x3a ./gecko_sdk_4.2.3/platform/service/system/src/sl_system_process_action.o
 .ARM.attributes
                0x00000bce       0x3a ./gecko_sdk_4.2.3/platform/service/udelay/src/sl_udelay.o
 .ARM.attributes
                0x00000c08       0x26 ./gecko_sdk_4.2.3/platform/service/udelay/src/sl_udelay_armv6m_gcc.o
 .ARM.attributes
                0x00000c2e       0x22 c:/siliconlabs/simplicitystudio/v5/developer/toolchains/gnu_arm/10.3_2021.10/bin/../lib/gcc/arm-none-eabi/10.3.1/thumb/v8-m.main+fp/hard\libgcc.a(_arm_addsubdf3.o)
 .ARM.attributes
                0x00000c50       0x22 c:/siliconlabs/simplicitystudio/v5/developer/toolchains/gnu_arm/10.3_2021.10/bin/../lib/gcc/arm-none-eabi/10.3.1/thumb/v8-m.main+fp/hard\libgcc.a(_aeabi_uldivmod.o)
 .ARM.attributes
                0x00000c72       0x38 c:/siliconlabs/simplicitystudio/v5/developer/toolchains/gnu_arm/10.3_2021.10/bin/../lib/gcc/arm-none-eabi/10.3.1/thumb/v8-m.main+fp/hard\libgcc.a(_udivmoddi4.o)
 .ARM.attributes
                0x00000caa       0x22 c:/siliconlabs/simplicitystudio/v5/developer/toolchains/gnu_arm/10.3_2021.10/bin/../lib/gcc/arm-none-eabi/10.3.1/thumb/v8-m.main+fp/hard\libgcc.a(_dvmd_tls.o)
 .ARM.attributes
                0x00000ccc       0x38 c:/siliconlabs/simplicitystudio/v5/developer/toolchains/gnu_arm/10.3_2021.10/bin/../lib/gcc/arm-none-eabi/10.3.1/../../../../arm-none-eabi/lib/thumb/v8-m.main+fp/hard\libc_nano.a(lib_a-exit.o)
 .ARM.attributes
                0x00000d04       0x38 c:/siliconlabs/simplicitystudio/v5/developer/toolchains/gnu_arm/10.3_2021.10/bin/../lib/gcc/arm-none-eabi/10.3.1/../../../../arm-none-eabi/lib/thumb/v8-m.main+fp/hard\libc_nano.a(lib_a-impure.o)
 .ARM.attributes
                0x00000d3c       0x38 c:/siliconlabs/simplicitystudio/v5/developer/toolchains/gnu_arm/10.3_2021.10/bin/../lib/gcc/arm-none-eabi/10.3.1/../../../../arm-none-eabi/lib/thumb/v8-m.main+fp/hard\libc_nano.a(lib_a-init.o)
 .ARM.attributes
                0x00000d74       0x38 c:/siliconlabs/simplicitystudio/v5/developer/toolchains/gnu_arm/10.3_2021.10/bin/../lib/gcc/arm-none-eabi/10.3.1/../../../../arm-none-eabi/lib/thumb/v8-m.main+fp/hard\libc_nano.a(lib_a-memcpy-stub.o)
 .ARM.attributes
                0x00000dac       0x38 c:/siliconlabs/simplicitystudio/v5/developer/toolchains/gnu_arm/10.3_2021.10/bin/../lib/gcc/arm-none-eabi/10.3.1/../../../../arm-none-eabi/lib/thumb/v8-m.main+fp/hard\libc_nano.a(lib_a-memset.o)
 .ARM.attributes
                0x00000de4       0x38 c:/siliconlabs/simplicitystudio/v5/developer/toolchains/gnu_arm/10.3_2021.10/bin/../lib/gcc/arm-none-eabi/10.3.1/../../../../arm-none-eabi/lib/thumb/v8-m.main+fp/hard\libc_nano.a(lib_a-sprintf.o)
 .ARM.attributes
                0x00000e1c       0x17 c:/siliconlabs/simplicitystudio/v5/developer/toolchains/gnu_arm/10.3_2021.10/bin/../lib/gcc/arm-none-eabi/10.3.1/../../../../arm-none-eabi/lib/thumb/v8-m.main+fp/hard\libc_nano.a(lib_a-strlen.o)
 .ARM.attributes
                0x00000e33       0x38 c:/siliconlabs/simplicitystudio/v5/developer/toolchains/gnu_arm/10.3_2021.10/bin/../lib/gcc/arm-none-eabi/10.3.1/../../../../arm-none-eabi/lib/thumb/v8-m.main+fp/hard\libc_nano.a(lib_a-findfp.o)
 .ARM.attributes
                0x00000e6b       0x38 c:/siliconlabs/simplicitystudio/v5/developer/toolchains/gnu_arm/10.3_2021.10/bin/../lib/gcc/arm-none-eabi/10.3.1/../../../../arm-none-eabi/lib/thumb/v8-m.main+fp/hard\libc_nano.a(lib_a-lock.o)
 .ARM.attributes
                0x00000ea3       0x38 c:/siliconlabs/simplicitystudio/v5/developer/toolchains/gnu_arm/10.3_2021.10/bin/../lib/gcc/arm-none-eabi/10.3.1/../../../../arm-none-eabi/lib/thumb/v8-m.main+fp/hard\libc_nano.a(lib_a-nano-mallocr.o)
 .ARM.attributes
                0x00000edb       0x38 c:/siliconlabs/simplicitystudio/v5/developer/toolchains/gnu_arm/10.3_2021.10/bin/../lib/gcc/arm-none-eabi/10.3.1/../../../../arm-none-eabi/lib/thumb/v8-m.main+fp/hard\libc_nano.a(lib_a-nano-svfprintf.o)
 .ARM.attributes