Archive member included to satisfy reference by file (symbol)

c:/siliconlabs/simplicitystudio/v5/developer/toolchains/gnu_arm/10.3_2021.10/bin/../lib/gcc/arm-none-eabi/10.3.1/thumb/v8-m.main+fp/hard\libgcc.a(_arm_addsubdf3.o)
                              ./gecko_sdk_4.2.3/hardware/driver/icm20648/src/sl_icm20648.o (__aeabi_dsub)
c:/siliconlabs/simplicitystudio/v5/developer/toolchains/gnu_arm/10.3_2021.10/bin/../lib/gcc/arm-none-eabi/10.3.1/thumb/v8-m.main+fp/hard\libgcc.a(_arm_muldivdf3.o)
                              ./gecko_sdk_4.2.3/hardware/driver/icm20648/src/sl_icm20648.o (__aeabi_ddiv)
c:/siliconlabs/simplicitystudio/v5/developer/toolchains/gnu_arm/10.3_2021.10/bin/../lib/gcc/arm-none-eabi/10.3.1/thumb/v8-m.main+fp/hard\libgcc.a(_arm_fixdfsi.o)
                              ./gecko_sdk_4.2.3/hardware/driver/icm20648/src/sl_icm20648.o (__aeabi_d2iz)
c:/siliconlabs/simplicitystudio/v5/developer/toolchains/gnu_arm/10.3_2021.10/bin/../lib/gcc/arm-none-eabi/10.3.1/thumb/v8-m.main+fp/hard\libgcc.a(_arm_truncdfsf2.o)
                              ./gecko_sdk_4.2.3/hardware/driver/icm20648/src/sl_icm20648.o (__aeabi_d2f)
c:/siliconlabs/simplicitystudio/v5/developer/toolchains/gnu_arm/10.3_2021.10/bin/../lib/gcc/arm-none-eabi/10.3.1/thumb/v8-m.main+fp/hard\libgcc.a(_aeabi_ldivmod.o)
                              ./gecko_sdk_4.2.3/platform/emlib/src/em_eusart.o (__aeabi_ldivmod)
c:/siliconlabs/simplicitystudio/v5/developer/toolchains/gnu_arm/10.3_2021.10/bin/../lib/gcc/arm-none-eabi/10.3.1/thumb/v8-m.main+fp/hard\libgcc.a(_aeabi_uldivmod.o)
                              ./gecko_sdk_4.2.3/platform/emlib/src/em_eusart.o (__aeabi_uldivmod)
c:/siliconlabs/simplicitystudio/v5/developer/toolchains/gnu_arm/10.3_2021.10/bin/../lib/gcc/arm-none-eabi/10.3.1/thumb/v8-m.main+fp/hard\libgcc.a(_udivmoddi4.o)
                              c:/siliconlabs/simplicitystudio/v5/developer/toolchains/gnu_arm/10.3_2021.10/bin/../lib/gcc/arm-none-eabi/10.3.1/thumb/v8-m.main+fp/hard\libgcc.a(_aeabi_ldivmod.o) (__udivmoddi4)
c:/siliconlabs/simplicitystudio/v5/developer/toolchains/gnu_arm/10.3_2021.10/bin/../lib/gcc/arm-none-eabi/10.3.1/thumb/v8-m.main+fp/hard\libgcc.a(_dvmd_tls.o)
                              c:/siliconlabs/simplicitystudio/v5/developer/toolchains/gnu_arm/10.3_2021.10/bin/../lib/gcc/arm-none-eabi/10.3.1/thumb/v8-m.main+fp/hard\libgcc.a(_aeabi_ldivmod.o) (__aeabi_ldiv0)
c:/siliconlabs/simplicitystudio/v5/developer/toolchains/gnu_arm/10.3_2021.10/bin/../lib/gcc/arm-none-eabi/10.3.1/../../../../arm-none-eabi/lib/thumb/v8-m.main+fp/hard\libc_nano.a(lib_a-ctype_.o)
                              ./gecko_sdk_4.2.3/platform/common/src/sl_string.o (_ctype_)
c:/siliconlabs/simplicitystudio/v5/developer/toolchains/gnu_arm/10.3_2021.10/bin/../lib/gcc/arm-none-eabi/10.3.1/../../../../arm-none-eabi/lib/thumb/v8-m.main+fp/hard\libc_nano.a(lib_a-exit.o)
                              c:/siliconlabs/simplicitystudio/v5/developer/toolchains/gnu_arm/10.3_2021.10/bin/../lib/gcc/arm-none-eabi/10.3.1/../../../../arm-none-eabi/lib/thumb/v8-m.main+fp/hard/crt0.o (exit)
c:/siliconlabs/simplicitystudio/v5/developer/toolchains/gnu_arm/10.3_2021.10/bin/../lib/gcc/arm-none-eabi/10.3.1/../../../../arm-none-eabi/lib/thumb/v8-m.main+fp/hard\libc_nano.a(lib_a-impure.o)
                              c:/siliconlabs/simplicitystudio/v5/developer/toolchains/gnu_arm/10.3_2021.10/bin/../lib/gcc/arm-none-eabi/10.3.1/../../../../arm-none-eabi/lib/thumb/v8-m.main+fp/hard\libc_nano.a(lib_a-exit.o) (_global_impure_ptr)
c:/siliconlabs/simplicitystudio/v5/developer/toolchains/gnu_arm/10.3_2021.10/bin/../lib/gcc/arm-none-eabi/10.3.1/../../../../arm-none-eabi/lib/thumb/v8-m.main+fp/hard\libc_nano.a(lib_a-init.o)
                              c:/siliconlabs/simplicitystudio/v5/developer/toolchains/gnu_arm/10.3_2021.10/bin/../lib/gcc/arm-none-eabi/10.3.1/../../../../arm-none-eabi/lib/thumb/v8-m.main+fp/hard/crt0.o (__libc_init_array)
c:/siliconlabs/simplicitystudio/v5/developer/toolchains/gnu_arm/10.3_2021.10/bin/../lib/gcc/arm-none-eabi/10.3.1/../../../../arm-none-eabi/lib/thumb/v8-m.main+fp/hard\libc_nano.a(lib_a-memcpy-stub.o)
                              ./gecko_sdk_4.2.3/platform/emdrv/uartdrv/src/uartdrv.o (memcpy)
c:/siliconlabs/simplicitystudio/v5/developer/toolchains/gnu_arm/10.3_2021.10/bin/../lib/gcc/arm-none-eabi/10.3.1/../../../../arm-none-eabi/lib/thumb/v8-m.main+fp/hard\libc_nano.a(lib_a-memset.o)
                              c:/siliconlabs/simplicitystudio/v5/developer/toolchains/gnu_arm/10.3_2021.10/bin/../lib/gcc/arm-none-eabi/10.3.1/../../../../arm-none-eabi/lib/thumb/v8-m.main+fp/hard/crt0.o (memset)
c:/siliconlabs/simplicitystudio/v5/developer/toolchains/gnu_arm/10.3_2021.10/bin/../lib/gcc/arm-none-eabi/10.3.1/../../../../arm-none-eabi/lib/thumb/v8-m.main+fp/hard\libc_nano.a(lib_a-sprintf.o)
                              ./app.o (sprintf)
[...]
Memory Configuration

Name             Origin             Length             Attributes
FLASH            0x00000000         0x0007e000         xr
RAM              0x20000000         0x00008000         xrw
*default*        0x00000000         0xffffffff

Linker script and memory map

LOAD c:/siliconlabs/simplicitystudio/v5/developer/toolchains/gnu_arm/10.3_2021.10/bin/../lib/gcc/arm-none-eabi/10.3.1/thumb/v8-m.main+fp/hard/crti.o
LOAD c:/siliconlabs/simplicitystudio/v5/developer/toolchains/gnu_arm/10.3_2021.10/bin/../lib/gcc/arm-none-eabi/10.3.1/thumb/v8-m.main+fp/hard/crtbegin.o
LOAD c:/siliconlabs/simplicitystudio/v5/developer/toolchains/gnu_arm/10.3_2021.10/bin/../lib/gcc/arm-none-eabi/10.3.1/../../../../arm-none-eabi/lib/thumb/v8-m.main+fp/hard/crt0.o
START GROUP
LOAD ./Drivers/USART.o
LOAD ./app.o
LOAD ./main.o
LOAD ./autogen/sl_board_default_init.o
LOAD ./autogen/sl_device_init_clocks.o
LOAD ./autogen/sl_event_handler.o
LOAD ./autogen/sl_i2cspm_init.o
LOAD ./autogen/sl_iostream_handles.o
LOAD ./autogen/sl_iostream_init_usart_instances.o
LOAD ./autogen/sl_simple_button_instances.o
LOAD ./autogen/sl_simple_led_instances.o
LOAD ./autogen/sl_uartdrv_init.o
LOAD ./gecko_sdk_4.2.3/hardware/board/src/sl_board_control_gpio.o
LOAD ./gecko_sdk_4.2.3/hardware/board/src/sl_board_init.o
LOAD ./gecko_sdk_4.2.3/hardware/driver/icm20648/src/sl_icm20648.o
LOAD ./gecko_sdk_4.2.3/hardware/driver/mx25_flash_shutdown/src/sl_mx25_flash_shutdown_usart/sl_mx25_flash_shutdown.o
LOAD ./gecko_sdk_4.2.3/hardware/driver/si1133/src/sl_si1133.o
LOAD ./gecko_sdk_4.2.3/hardware/driver/si70xx/src/sl_si70xx.o
LOAD ./gecko_sdk_4.2.3/hardware/driver/si7210/src/sl_si7210.o
LOAD ./gecko_sdk_4.2.3/platform/Device/SiliconLabs/EFR32BG22/Source/startup_efr32bg22.o
LOAD ./gecko_sdk_4.2.3/platform/Device/SiliconLabs/EFR32BG22/Source/system_efr32bg22.o
LOAD ./gecko_sdk_4.2.3/platform/common/src/sl_assert.o
LOAD ./gecko_sdk_4.2.3/platform/common/src/sl_string.o
LOAD ./gecko_sdk_4.2.3/platform/common/toolchain/src/sl_memory.o
LOAD ./gecko_sdk_4.2.3/platform/driver/button/src/sl_button.o
LOAD ./gecko_sdk_4.2.3/platform/driver/button/src/sl_simple_button.o
LOAD ./gecko_sdk_4.2.3/platform/driver/i2cspm/src/sl_i2cspm.o
LOAD ./gecko_sdk_4.2.3/platform/driver/leddrv/src/sl_led.o
LOAD ./gecko_sdk_4.2.3/platform/driver/leddrv/src/sl_simple_led.o
LOAD ./gecko_sdk_4.2.3/platform/emdrv/dmadrv/src/dmadrv.o
LOAD ./gecko_sdk_4.2.3/platform/emdrv/gpiointerrupt/src/gpiointerrupt.o
LOAD ./gecko_sdk_4.2.3/platform/emdrv/uartdrv/src/uartdrv.o
LOAD ./gecko_sdk_4.2.3/platform/emlib/src/em_burtc.o
LOAD ./gecko_sdk_4.2.3/platform/emlib/src/em_cmu.o
LOAD ./gecko_sdk_4.2.3/platform/emlib/src/em_core.o
LOAD ./gecko_sdk_4.2.3/platform/emlib/src/em_emu.o
LOAD ./gecko_sdk_4.2.3/platform/emlib/src/em_eusart.o
LOAD ./gecko_sdk_4.2.3/platform/emlib/src/em_gpio.o
LOAD ./gecko_sdk_4.2.3/platform/emlib/src/em_i2c.o
LOAD ./gecko_sdk_4.2.3/platform/emlib/src/em_ldma.o
LOAD ./gecko_sdk_4.2.3/platform/emlib/src/em_msc.o
LOAD ./gecko_sdk_4.2.3/platform/emlib/src/em_rtcc.o
LOAD ./gecko_sdk_4.2.3/platform/emlib/src/em_system.o
LOAD ./gecko_sdk_4.2.3/platform/emlib/src/em_timer.o
LOAD ./gecko_sdk_4.2.3/platform/emlib/src/em_usart.o
LOAD ./gecko_sdk_4.2.3/platform/service/device_init/src/sl_device_init_dcdc_s2.o
LOAD ./gecko_sdk_4.2.3/platform/service/device_init/src/sl_device_init_emu_s2.o
LOAD ./gecko_sdk_4.2.3/platform/service/device_init/src/sl_device_init_hfxo_s2.o
LOAD ./gecko_sdk_4.2.3/platform/service/device_init/src/sl_device_init_lfxo_s2.o
LOAD ./gecko_sdk_4.2.3/platform/service/device_init/src/sl_device_init_nvic.o
LOAD ./gecko_sdk_4.2.3/platform/service/iostream/src/sl_iostream.o
LOAD ./gecko_sdk_4.2.3/platform/service/iostream/src/sl_iostream_uart.o
LOAD ./gecko_sdk_4.2.3/platform/service/iostream/src/sl_iostream_usart.o
LOAD ./gecko_sdk_4.2.3/platform/service/sleeptimer/src/sl_sleeptimer.o
LOAD ./gecko_sdk_4.2.3/platform/service/sleeptimer/src/sl_sleeptimer_hal_burtc.o
LOAD ./gecko_sdk_4.2.3/platform/service/sleeptimer/src/sl_sleeptimer_hal_prortc.o
LOAD ./gecko_sdk_4.2.3/platform/service/sleeptimer/src/sl_sleeptimer_hal_rtcc.o
LOAD ./gecko_sdk_4.2.3/platform/service/sleeptimer/src/sl_sleeptimer_hal_timer.o
LOAD ./gecko_sdk_4.2.3/platform/service/system/src/sl_system_init.o
LOAD ./gecko_sdk_4.2.3/platform/service/system/src/sl_system_process_action.o
LOAD ./gecko_sdk_4.2.3/platform/service/udelay/src/sl_udelay.o
LOAD ./gecko_sdk_4.2.3/platform/service/udelay/src/sl_udelay_armv6m_gcc.o
LOAD c:/siliconlabs/simplicitystudio/v5/developer/toolchains/gnu_arm/10.3_2021.10/bin/../lib/gcc/arm-none-eabi/10.3.1/thumb/v8-m.main+fp/hard\libgcc.a
LOAD c:/siliconlabs/simplicitystudio/v5/developer/toolchains/gnu_arm/10.3_2021.10/bin/../lib/gcc/arm-none-eabi/10.3.1/../../../../arm-none-eabi/lib/thumb/v8-m.main+fp/hard\libc_nano.a
LOAD c:/siliconlabs/simplicitystudio/v5/developer/toolchains/gnu_arm/10.3_2021.10/bin/../lib/gcc/arm-none-eabi/10.3.1/../../../../arm-none-eabi/lib/thumb/v8-m.main+fp/hard\libm.a
LOAD c:/siliconlabs/simplicitystudio/v5/developer/toolchains/gnu_arm/10.3_2021.10/bin/../lib/gcc/arm-none-eabi/10.3.1/../../../../arm-none-eabi/lib/thumb/v8-m.main+fp/hard\libnosys.a
END GROUP
START GROUP
LOAD c:/siliconlabs/simplicitystudio/v5/developer/toolchains/gnu_arm/10.3_2021.10/bin/../lib/gcc/arm-none-eabi/10.3.1/thumb/v8-m.main+fp/hard\libgcc.a
LOAD c:/siliconlabs/simplicitystudio/v5/developer/toolchains/gnu_arm/10.3_2021.10/bin/../lib/gcc/arm-none-eabi/10.3.1/../../../../arm-none-eabi/lib/thumb/v8-m.main+fp/hard\libc_nano.a
LOAD c:/siliconlabs/simplicitystudio/v5/developer/toolchains/gnu_arm/10.3_2021.10/bin/../lib/gcc/arm-none-eabi/10.3.1/../../../../arm-none-eabi/lib/thumb/v8-m.main+fp/hard\libnosys.a
END GROUP
START GROUP
LOAD c:/siliconlabs/simplicitystudio/v5/developer/toolchains/gnu_arm/10.3_2021.10/bin/../lib/gcc/arm-none-eabi/10.3.1/thumb/v8-m.main+fp/hard\libgcc.a
LOAD c:/siliconlabs/simplicitystudio/v5/developer/toolchains/gnu_arm/10.3_2021.10/bin/../lib/gcc/arm-none-eabi/10.3.1/../../../../arm-none-eabi/lib/thumb/v8-m.main+fp/hard\libg_nano.a
LOAD c:/siliconlabs/simplicitystudio/v5/developer/toolchains/gnu_arm/10.3_2021.10/bin/../lib/gcc/arm-none-eabi/10.3.1/../../../../arm-none-eabi/lib/thumb/v8-m.main+fp/hard\libc_nano.a
END GROUP
START GROUP
LOAD c:/siliconlabs/simplicitystudio/v5/developer/toolchains/gnu_arm/10.3_2021.10/bin/../lib/gcc/arm-none-eabi/10.3.1/thumb/v8-m.main+fp/hard\libgcc.a
LOAD c:/siliconlabs/simplicitystudio/v5/developer/toolchains/gnu_arm/10.3_2021.10/bin/../lib/gcc/arm-none-eabi/10.3.1/../../../../arm-none-eabi/lib/thumb/v8-m.main+fp/hard\libc_nano.a
END GROUP
LOAD c:/siliconlabs/simplicitystudio/v5/developer/toolchains/gnu_arm/10.3_2021.10/bin/../lib/gcc/arm-none-eabi/10.3.1/thumb/v8-m.main+fp/hard/crtend.o
LOAD c:/siliconlabs/simplicitystudio/v5/developer/toolchains/gnu_arm/10.3_2021.10/bin/../lib/gcc/arm-none-eabi/10.3.1/thumb/v8-m.main+fp/hard/crtn.o

.text           0x00000000     0x6a48
                0x00000000                linker_vectors_begin = .
 *(.vectors)
 .vectors       0x00000000      0x140 ./gecko_sdk_4.2.3/platform/Device/SiliconLabs/EFR32BG22/Source/startup_efr32bg22.o
                0x00000000                __Vectors
                0x00000140                linker_vectors_end = .
                0x00000140                __Vectors_End = .
                0x00000140                __Vectors_Size = (__Vectors_End - __Vectors)
                0x00000140                linker_code_begin = .
 *(SORT_BY_ALIGNMENT(.text*))
 .text          0x00000140        0x8 ./gecko_sdk_4.2.3/platform/service/udelay/src/sl_udelay_armv6m_gcc.o
                0x00000140                sli_delay_loop
 .text          0x00000148       0x40 c:/siliconlabs/simplicitystudio/v5/developer/toolchains/gnu_arm/10.3_2021.10/bin/../lib/gcc/arm-none-eabi/10.3.1/thumb/v8-m.main+fp/hard/crtbegin.o
 .text          0x00000188       0x7c c:/siliconlabs/simplicitystudio/v5/developer/toolchains/gnu_arm/10.3_2021.10/bin/../lib/gcc/arm-none-eabi/10.3.1/../../../../arm-none-eabi/lib/thumb/v8-m.main+fp/hard/crt0.o
                0x00000188                _stack_init
                0x00000190                _start
                0x00000190                _mainCRTStartup
 .text.USART_Printf
                0x00000204       0x24 ./Drivers/USART.o
                0x00000204                USART_Printf
 .text.app_init
                0x00000228       0x1c ./app.o
                0x00000228                app_init
 .text.app_process_action
                0x00000244      0x170 ./app.o
                0x00000244                app_process_action
 .text.sl_device_init_clocks
                0x000003b4       0x9c ./autogen/sl_device_init_clocks.o
                0x000003b4                sl_device_init_clocks
 .text.sl_platform_init
                0x00000450       0x60 ./autogen/sl_event_handler.o
                0x00000450                sl_platform_init
 .text.sl_i2cspm_init_instances
                0x000004b0       0x18 ./autogen/sl_i2cspm_init.o
                0x000004b0                sl_i2cspm_init_instances
 .text.sl_iostream_usart_init_vcom
                0x000004c8       0xa4 ./autogen/sl_iostream_init_usart_instances.o
                0x000004c8                sl_iostream_usart_init_vcom
 .text.sl_iostream_usart_init_instances
                0x0000056c       0x1c ./autogen/sl_iostream_init_usart_instances.o
                0x0000056c                sl_iostream_usart_init_instances
 .text.USART1_RX_IRQHandler
                0x00000588        0xc ./autogen/sl_iostream_init_usart_instances.o
                0x00000588                USART1_RX_IRQHandler
 .text.sl_simple_button_init_instances
                0x00000594        0xc ./autogen/sl_simple_button_instances.o
                0x00000594                sl_simple_button_init_instances
 .text.sl_simple_led_init_instances
                0x000005a0        0xc ./autogen/sl_simple_led_instances.o
                0x000005a0                sl_simple_led_init_instances
 .text.sl_uartdrv_set_default
                0x000005ac       0x14 ./autogen/sl_uartdrv_init.o
                0x000005ac                sl_uartdrv_set_default
 .text.sl_uartdrv_init_instances
                0x000005c0       0x20 ./autogen/sl_uartdrv_init.o
                0x000005c0                sl_uartdrv_init_instances
 .text.sl_board_enable_sensor
                0x000005e0       0x5c ./gecko_sdk_4.2.3/hardware/board/src/sl_board_control_gpio.o
                0x000005e0                sl_board_enable_sensor
 .text.sl_board_disable_sensor
                0x0000063c       0x5c ./gecko_sdk_4.2.3/hardware/board/src/sl_board_control_gpio.o
                0x0000063c                sl_board_disable_sensor
 .text.sl_icm20648_chip_select_set.constprop.0
                0x00000698        0xc ./gecko_sdk_4.2.3/hardware/driver/icm20648/src/sl_icm20648.o
 .text.sl_icm20648_chip_select_set.part.0
                0x000006a4        0xc ./gecko_sdk_4.2.3/hardware/driver/icm20648/src/sl_icm20648.o
 .text.sl_icm20648_spi_init
                0x000006b0       0xbc ./gecko_sdk_4.2.3/hardware/driver/icm20648/src/sl_icm20648.o
                0x000006b0                sl_icm20648_spi_init
 .text.sl_icm20648_select_register_bank
                0x0000076c       0x38 ./gecko_sdk_4.2.3/hardware/driver/icm20648/src/sl_icm20648.o
                0x0000076c                sl_icm20648_select_register_bank
 .text.sl_icm20648_read_register
                0x000007a4       0x50 ./gecko_sdk_4.2.3/hardware/driver/icm20648/src/sl_icm20648.o
                0x000007a4                sl_icm20648_read_register
 .text.sl_icm20648_write_register
                0x000007f4       0x40 ./gecko_sdk_4.2.3/hardware/driver/icm20648/src/sl_icm20648.o
                0x000007f4                sl_icm20648_write_register
 .text.cs_high  0x00000834        0xc ./gecko_sdk_4.2.3/hardware/driver/mx25_flash_shutdown/src/sl_mx25_flash_shutdown_usart/sl_mx25_flash_shutdown.o
 .text.cs_low   0x00000840        0xc ./gecko_sdk_4.2.3/hardware/driver/mx25_flash_shutdown/src/sl_mx25_flash_shutdown_usart/sl_mx25_flash_shutdown.o
 .text.sl_mx25_flash_shutdown
                0x0000084c      0x114 ./gecko_sdk_4.2.3/hardware/driver/mx25_flash_shutdown/src/sl_mx25_flash_shutdown_usart/sl_mx25_flash_shutdown.o
                0x0000084c                sl_mx25_flash_shutdown
 .text.sl_si1133_compute_lux.constprop.0
                0x00000960       0x38 ./gecko_sdk_4.2.3/hardware/driver/si1133/src/sl_si1133.o
 .text.sl_si1133_read_register
                0x00000998       0x34 ./gecko_sdk_4.2.3/hardware/driver/si1133/src/sl_si1133.o
                0x00000998                sl_si1133_read_register
 .text.sl_si1133_write_register
                0x000009cc       0x3c ./gecko_sdk_4.2.3/hardware/driver/si1133/src/sl_si1133.o
                0x000009cc                sl_si1133_write_register
 .text.sl_si1133_write_register_block
                0x00000a08       0x4c ./gecko_sdk_4.2.3/hardware/driver/si1133/src/sl_si1133.o
                0x00000a08                sl_si1133_write_register_block
 .text.sl_si1133_read_register_block
                0x00000a54       0x34 ./gecko_sdk_4.2.3/hardware/driver/si1133/src/sl_si1133.o
                0x00000a54                sl_si1133_read_register_block
 .text.sl_si1133_measure_lux_uvi
                0x00000a88       0x8c ./gecko_sdk_4.2.3/hardware/driver/si1133/src/sl_si1133.o
                0x00000a88                sl_si1133_measure_lux_uvi
 .text.sl_si7210_read_register
                0x00000b14       0x38 ./gecko_sdk_4.2.3/hardware/driver/si7210/src/sl_si7210.o
                0x00000b14                sl_si7210_read_register
 .text.sl_si7210_write_register
                0x00000b4c       0x40 ./gecko_sdk_4.2.3/hardware/driver/si7210/src/sl_si7210.o
                0x00000b4c                sl_si7210_write_register
 .text.sl_si7210_set_mt_range_200
                0x00000b8c       0x44 ./gecko_sdk_4.2.3/hardware/driver/si7210/src/sl_si7210.o
                0x00000b8c                sl_si7210_set_mt_range_200
 .text.sl_si7210_wake_up
                0x00000bd0       0x30 ./gecko_sdk_4.2.3/hardware/driver/si7210/src/sl_si7210.o
                0x00000bd0                sl_si7210_wake_up
 .text.sl_si7210_measure
                0x00000c00       0x34 ./gecko_sdk_4.2.3/hardware/driver/si7210/src/sl_si7210.o
                0x00000c00                sl_si7210_measure
 .text.Reset_Handler
                0x00000c34       0x60 ./gecko_sdk_4.2.3/platform/Device/SiliconLabs/EFR32BG22/Source/startup_efr32bg22.o
                0x00000c34                Reset_Handler
 .text.SystemInit
                0x00000c94       0x64 ./gecko_sdk_4.2.3/platform/Device/SiliconLabs/EFR32BG22/Source/system_efr32bg22.o
                0x00000c94                SystemInit
 .text.SystemHFRCODPLLClockGet
                0x00000cf8        0xc ./gecko_sdk_4.2.3/platform/Device/SiliconLabs/EFR32BG22/Source/system_efr32bg22.o
                0x00000cf8                SystemHFRCODPLLClockGet
 .text.SystemSYSCLKGet
                0x00000d04       0x34 ./gecko_sdk_4.2.3/platform/Device/SiliconLabs/EFR32BG22/Source/system_efr32bg22.o
                0x00000d04                SystemSYSCLKGet
 .text.SystemHCLKGet
                0x00000d38       0x24 ./gecko_sdk_4.2.3/platform/Device/SiliconLabs/EFR32BG22/Source/system_efr32bg22.o
                0x00000d38                SystemHCLKGet
 .text.SystemMaxCoreClockGet
                0x00000d5c        0x8 ./gecko_sdk_4.2.3/platform/Device/SiliconLabs/EFR32BG22/Source/system_efr32bg22.o
                0x00000d5c                SystemMaxCoreClockGet
 .text.SystemHFXOClockGet
                0x00000d64        0xc ./gecko_sdk_4.2.3/platform/Device/SiliconLabs/EFR32BG22/Source/system_efr32bg22.o
                0x00000d64                SystemHFXOClockGet
 .text.SystemHFXOClockSet
                0x00000d70       0x20 ./gecko_sdk_4.2.3/platform/Device/SiliconLabs/EFR32BG22/Source/system_efr32bg22.o
                0x00000d70                SystemHFXOClockSet
 .text.SystemFSRCOClockGet
                0x00000d90        0x8 ./gecko_sdk_4.2.3/platform/Device/SiliconLabs/EFR32BG22/Source/system_efr32bg22.o
                0x00000d90                SystemFSRCOClockGet
 .text.SystemLFXOClockGet
                0x00000d98        0xc ./gecko_sdk_4.2.3/platform/Device/SiliconLabs/EFR32BG22/Source/system_efr32bg22.o
                0x00000d98                SystemLFXOClockGet
 .text._sbrk    0x00000da4       0x20 ./gecko_sdk_4.2.3/platform/common/toolchain/src/sl_memory.o
                0x00000da4                _sbrk
 .text.GPIO_PinInGet
                0x00000dc4       0x54 ./gecko_sdk_4.2.3/platform/driver/button/src/sl_simple_button.o
 .text.sl_simple_button_init
                0x00000e18       0x6c ./gecko_sdk_4.2.3/platform/driver/button/src/sl_simple_button.o
                0x00000e18                sl_simple_button_init
 .text.I2CSPM_Init
                0x00000e84      0x180 ./gecko_sdk_4.2.3/platform/driver/i2cspm/src/sl_i2cspm.o
                0x00000e84                I2CSPM_Init
 .text.I2CSPM_Transfer
                0x00001004       0x20 ./gecko_sdk_4.2.3/platform/driver/i2cspm/src/sl_i2cspm.o
                0x00001004                I2CSPM_Transfer
 .text.GPIO_PinOutClear
                0x00001024       0x54 ./gecko_sdk_4.2.3/platform/driver/leddrv/src/sl_simple_led.o
 .text.GPIO_PinOutSet
                0x00001078       0x54 ./gecko_sdk_4.2.3/platform/driver/leddrv/src/sl_simple_led.o
 .text.sl_simple_led_toggle
                0x000010cc       0x50 ./gecko_sdk_4.2.3/platform/driver/leddrv/src/sl_simple_led.o
                0x000010cc                sl_simple_led_toggle
 .text.sl_simple_led_get_state
                0x0000111c       0x5c ./gecko_sdk_4.2.3/platform/driver/leddrv/src/sl_simple_led.o
                0x0000111c                sl_simple_led_get_state
 .text.StartTransfer
                0x00001178      0x17c ./gecko_sdk_4.2.3/platform/emdrv/dmadrv/src/dmadrv.o
 .text.DMADRV_AllocateChannel
                0x000012f4       0x60 ./gecko_sdk_4.2.3/platform/emdrv/dmadrv/src/dmadrv.o
                0x000012f4                DMADRV_AllocateChannel
 .text.DMADRV_DeInit
                0x00001354       0x44 ./gecko_sdk_4.2.3/platform/emdrv/dmadrv/src/dmadrv.o
                0x00001354                DMADRV_DeInit
 .text.DMADRV_FreeChannel
                0x00001398       0x4c ./gecko_sdk_4.2.3/platform/emdrv/dmadrv/src/dmadrv.o
                0x00001398                DMADRV_FreeChannel
 .text.DMADRV_Init
                0x000013e4       0x68 ./gecko_sdk_4.2.3/platform/emdrv/dmadrv/src/dmadrv.o
                0x000013e4                DMADRV_Init
 .text.DMADRV_PauseTransfer
                0x0000144c       0x40 ./gecko_sdk_4.2.3/platform/emdrv/dmadrv/src/dmadrv.o
                0x0000144c                DMADRV_PauseTransfer
 .text.DMADRV_ResumeTransfer
                0x0000148c       0x40 ./gecko_sdk_4.2.3/platform/emdrv/dmadrv/src/dmadrv.o
                0x0000148c                DMADRV_ResumeTransfer
 .text.DMADRV_StopTransfer
                0x000014cc       0x40 ./gecko_sdk_4.2.3/platform/emdrv/dmadrv/src/dmadrv.o
                0x000014cc                DMADRV_StopTransfer
 .text.DMADRV_TransferActive
                0x0000150c       0x50 ./gecko_sdk_4.2.3/platform/emdrv/dmadrv/src/dmadrv.o
                0x0000150c                DMADRV_TransferActive
 .text.DMADRV_TransferCompletePending
                0x0000155c       0x50 ./gecko_sdk_4.2.3/platform/emdrv/dmadrv/src/dmadrv.o
                0x0000155c                DMADRV_TransferCompletePending
 .text.DMADRV_TransferDone
                0x000015ac       0x44 ./gecko_sdk_4.2.3/platform/emdrv/dmadrv/src/dmadrv.o
                0x000015ac                DMADRV_TransferDone
 .text.LDMA_IRQHandler
                0x000015f0       0x74 ./gecko_sdk_4.2.3/platform/emdrv/dmadrv/src/dmadrv.o
                0x000015f0                LDMA_IRQHandler
 .text.GPIOINT_IRQDispatcher
                0x00001664       0x38 ./gecko_sdk_4.2.3/platform/emdrv/gpiointerrupt/src/gpiointerrupt.o
 .text.GPIOINT_Init
                0x0000169c       0x30 ./gecko_sdk_4.2.3/platform/emdrv/gpiointerrupt/src/gpiointerrupt.o
                0x0000169c                GPIOINT_Init
 .text.GPIOINT_CallbackRegister
                0x000016cc       0x24 ./gecko_sdk_4.2.3/platform/emdrv/gpiointerrupt/src/gpiointerrupt.o
                0x000016cc                GPIOINT_CallbackRegister
 .text.GPIOINT_CallbackRegisterExt
                0x000016f0       0x58 ./gecko_sdk_4.2.3/platform/emdrv/gpiointerrupt/src/gpiointerrupt.o
                0x000016f0                GPIOINT_CallbackRegisterExt
 .text.GPIO_EVEN_IRQHandler
                0x00001748       0x24 ./gecko_sdk_4.2.3/platform/emdrv/gpiointerrupt/src/gpiointerrupt.o
                0x00001748                GPIO_EVEN_IRQHandler
 .text.GPIO_ODD_IRQHandler
                0x0000176c       0x24 ./gecko_sdk_4.2.3/platform/emdrv/gpiointerrupt/src/gpiointerrupt.o
                0x0000176c                GPIO_ODD_IRQHandler
 .text.CheckParams
                0x00001790       0x24 ./gecko_sdk_4.2.3/platform/emdrv/uartdrv/src/uartdrv.o
 .text.GPIO_PinOutClear
                0x000017b4       0x54 ./gecko_sdk_4.2.3/platform/emdrv/uartdrv/src/uartdrv.o
 .text.GPIO_PinOutSet
                0x00001808       0x54 ./gecko_sdk_4.2.3/platform/emdrv/uartdrv/src/uartdrv.o
 .text.addHandle
                0x0000185c       0x50 ./gecko_sdk_4.2.3/platform/emdrv/uartdrv/src/uartdrv.o
 .text.HwFcGetClearToSendPin
                0x000018ac       0x60 ./gecko_sdk_4.2.3/platform/emdrv/uartdrv/src/uartdrv.o
 .text.HwFcManageClearToSend
                0x0000190c       0x80 ./gecko_sdk_4.2.3/platform/emdrv/uartdrv/src/uartdrv.o
 .text.InitializeDma
                0x0000198c       0x28 ./gecko_sdk_4.2.3/platform/emdrv/uartdrv/src/uartdrv.o
 .text.EnableTransmitter
                0x000019b4       0x4c ./gecko_sdk_4.2.3/platform/emdrv/uartdrv/src/uartdrv.o
 .text.UARTDRV_ForceTransmit
                0x00001a00       0xfc ./gecko_sdk_4.2.3/platform/emdrv/uartdrv/src/uartdrv.o
                0x00001a00                UARTDRV_ForceTransmit
 .text.UARTDRV_PauseTransmit
                0x00001afc       0x30 ./gecko_sdk_4.2.3/platform/emdrv/uartdrv/src/uartdrv.o
                0x00001afc                UARTDRV_PauseTransmit
 .text.UARTDRV_ResumeTransmit
                0x00001b2c       0x40 ./gecko_sdk_4.2.3/platform/emdrv/uartdrv/src/uartdrv.o
                0x00001b2c                UARTDRV_ResumeTransmit
 .text.UARTDRV_InitUart
                0x00001b6c      0x1fc ./gecko_sdk_4.2.3/platform/emdrv/uartdrv/src/uartdrv.o
                0x00001b6c                UARTDRV_InitUart
 .text.EMU_VScaleGet
                0x00001d68       0x18 ./gecko_sdk_4.2.3/platform/emlib/src/em_cmu.o
 .text.em01GrpaClkGet
                0x00001d80       0x54 ./gecko_sdk_4.2.3/platform/emlib/src/em_cmu.o
 .text.iadcClkGet
                0x00001dd4       0x54 ./gecko_sdk_4.2.3/platform/emlib/src/em_cmu.o
 .text.em01GrpbClkGet
                0x00001e28       0x70 ./gecko_sdk_4.2.3/platform/emlib/src/em_cmu.o
 .text.em23GrpaClkGet
                0x00001e98       0x54 ./gecko_sdk_4.2.3/platform/emlib/src/em_cmu.o
 .text.wdog0ClkGet
                0x00001eec       0x60 ./gecko_sdk_4.2.3/platform/emlib/src/em_cmu.o
 .text.rtccClkGet
                0x00001f4c       0x54 ./gecko_sdk_4.2.3/platform/emlib/src/em_cmu.o
 .text.em4GrpaClkGet
                0x00001fa0       0x54 ./gecko_sdk_4.2.3/platform/emlib/src/em_cmu.o
 .text.euart0ClkGet
                0x00001ff4       0x48 ./gecko_sdk_4.2.3/platform/emlib/src/em_cmu.o
 .text.CMU_ClockDivGet
                0x0000203c       0x84 ./gecko_sdk_4.2.3/platform/emlib/src/em_cmu.o
                0x0000203c                CMU_ClockDivGet
 .text.flashWaitStateControl
                0x000020c0       0x4c ./gecko_sdk_4.2.3/platform/emlib/src/em_cmu.o
 .text.CMU_ClockEnable
                0x0000210c       0x54 ./gecko_sdk_4.2.3/platform/emlib/src/em_cmu.o
                0x0000210c                CMU_ClockEnable
 .text.CMU_ClockFreqGet
                0x00002160      0x194 ./gecko_sdk_4.2.3/platform/emlib/src/em_cmu.o
                0x00002160                CMU_ClockFreqGet
 .text.rhclkPrescOptimize
                0x000022f4       0x20 ./gecko_sdk_4.2.3/platform/emlib/src/em_cmu.o
 .text.CMU_ClockSelectGet
                0x00002314      0x168 ./gecko_sdk_4.2.3/platform/emlib/src/em_cmu.o
                0x00002314                CMU_ClockSelectGet
 .text.sli_em_cmu_HFXOSetForceEnable
                0x0000247c       0x18 ./gecko_sdk_4.2.3/platform/emlib/src/em_cmu.o
                0x0000247c                sli_em_cmu_HFXOSetForceEnable
 .text.CMU_HFXOInit
                0x00002494      0x1e4 ./gecko_sdk_4.2.3/platform/emlib/src/em_cmu.o
                0x00002494                CMU_HFXOInit
 .text.CMU_HFXOCTuneDeltaGet
                0x00002678        0xc ./gecko_sdk_4.2.3/platform/emlib/src/em_cmu.o
                0x00002678                CMU_HFXOCTuneDeltaGet
 .text.CMU_LFXOInit
                0x00002684       0xc4 ./gecko_sdk_4.2.3/platform/emlib/src/em_cmu.o
                0x00002684                CMU_LFXOInit
 .text.CMU_LFXOPrecisionSet
                0x00002748        0xc ./gecko_sdk_4.2.3/platform/emlib/src/em_cmu.o
                0x00002748                CMU_LFXOPrecisionSet
 .text.CMU_ClockDivSet
                0x00002754      0x104 ./gecko_sdk_4.2.3/platform/emlib/src/em_cmu.o
                0x00002754                CMU_ClockDivSet
 .text.sli_em_cmu_SYSCLKInitPreClockSelect
                0x00002858       0x20 ./gecko_sdk_4.2.3/platform/emlib/src/em_cmu.o
                0x00002858                sli_em_cmu_SYSCLKInitPreClockSelect
 .text.pclkDivOptimize
                0x00002878       0x24 ./gecko_sdk_4.2.3/platform/emlib/src/em_cmu.o
 .text.__NVIC_GetPriority
                0x0000289c       0x24 ./gecko_sdk_4.2.3/platform/emlib/src/em_core.o
 .text.CORE_NvicIRQDisabled
                0x000028c0       0x34 ./gecko_sdk_4.2.3/platform/emlib/src/em_core.o
                0x000028c0                CORE_NvicIRQDisabled
 .text.CORE_IrqIsBlocked
                0x000028f4       0x6c ./gecko_sdk_4.2.3/platform/emlib/src/em_core.o
                0x000028f4                CORE_IrqIsBlocked
 .text.EMU_EM4Init
                0x00002960       0x14 ./gecko_sdk_4.2.3/platform/emlib/src/em_emu.o
                0x00002960                EMU_EM4Init
 .text.EMU_VScaleEM01
                0x00002974       0xb0 ./gecko_sdk_4.2.3/platform/emlib/src/em_emu.o
                0x00002974                EMU_VScaleEM01
 .text.EMU_VScaleEM01ByClock
                0x00002a24       0x30 ./gecko_sdk_4.2.3/platform/emlib/src/em_emu.o
                0x00002a24                EMU_VScaleEM01ByClock
 .text.EMU_DCDCModeSet
                0x00002a54       0x78 ./gecko_sdk_4.2.3/platform/emlib/src/em_emu.o
                0x00002a54                EMU_DCDCModeSet
 .text.EMU_DCDCInit
                0x00002acc       0x7c ./gecko_sdk_4.2.3/platform/emlib/src/em_emu.o
                0x00002acc                EMU_DCDCInit
 .text.EUSART_Enable
                0x00002b48       0x60 ./gecko_sdk_4.2.3/platform/emlib/src/em_eusart.o
                0x00002b48                EUSART_Enable
 .text.BUS_RegBitWrite
                0x00002ba8       0x30 ./gecko_sdk_4.2.3/platform/emlib/src/em_gpio.o
 .text.GPIO_PinOutSet
                0x00002bd8       0x54 ./gecko_sdk_4.2.3/platform/emlib/src/em_gpio.o
 .text.GPIO_PinOutClear
                0x00002c2c       0x54 ./gecko_sdk_4.2.3/platform/emlib/src/em_gpio.o
 .text.GPIO_ExtIntConfig
                0x00002c80       0xf4 ./gecko_sdk_4.2.3/platform/emlib/src/em_gpio.o
                0x00002c80                GPIO_ExtIntConfig
 .text.GPIO_PinModeSet
                0x00002d74       0xa0 ./gecko_sdk_4.2.3/platform/emlib/src/em_gpio.o
                0x00002d74                GPIO_PinModeSet
 .text.I2C_BusFreqSet
                0x00002e14       0xe8 ./gecko_sdk_4.2.3/platform/emlib/src/em_i2c.o
                0x00002e14                I2C_BusFreqSet
 .text.I2C_Enable
                0x00002efc       0x3c ./gecko_sdk_4.2.3/platform/emlib/src/em_i2c.o
                0x00002efc                I2C_Enable
 .text.I2C_Init
                0x00002f38       0x68 ./gecko_sdk_4.2.3/platform/emlib/src/em_i2c.o
                0x00002f38                I2C_Init
 .text.I2C_Transfer
                0x00002fa0      0x244 ./gecko_sdk_4.2.3/platform/emlib/src/em_i2c.o
                0x00002fa0                I2C_Transfer
 .text.I2C_TransferInit
                0x000031e4       0xbc ./gecko_sdk_4.2.3/platform/emlib/src/em_i2c.o
                0x000031e4                I2C_TransferInit
 .text.LDMA_DeInit
                0x000032a0       0x3c ./gecko_sdk_4.2.3/platform/emlib/src/em_ldma.o
                0x000032a0                LDMA_DeInit
 .text.LDMA_EnableChannelRequest
                0x000032dc       0x44 ./gecko_sdk_4.2.3/platform/emlib/src/em_ldma.o
                0x000032dc                LDMA_EnableChannelRequest
 .text.LDMA_Init
                0x00003320       0x94 ./gecko_sdk_4.2.3/platform/emlib/src/em_ldma.o
                0x00003320                LDMA_Init
 .text.LDMA_StartTransfer
                0x000033b4      0x100 ./gecko_sdk_4.2.3/platform/emlib/src/em_ldma.o
                0x000033b4                LDMA_StartTransfer
 .text.LDMA_StopTransfer
                0x000034b4       0x38 ./gecko_sdk_4.2.3/platform/emlib/src/em_ldma.o
                0x000034b4                LDMA_StopTransfer
 .text.LDMA_TransferDone
                0x000034ec       0x44 ./gecko_sdk_4.2.3/platform/emlib/src/em_ldma.o
                0x000034ec                LDMA_TransferDone
 .text.RTCC_ChannelInit
                0x00003530       0x48 ./gecko_sdk_4.2.3/platform/emlib/src/em_rtcc.o
                0x00003530                RTCC_ChannelInit
 .text.RTCC_Enable
                0x00003578       0x44 ./gecko_sdk_4.2.3/platform/emlib/src/em_rtcc.o
                0x00003578                RTCC_Enable
 .text.RTCC_Init
                0x000035bc       0x5c ./gecko_sdk_4.2.3/platform/emlib/src/em_rtcc.o
                0x000035bc                RTCC_Init
 .text.USART_BaudrateAsyncSet
                0x00003618       0xe0 ./gecko_sdk_4.2.3/platform/emlib/src/em_usart.o
                0x00003618                USART_BaudrateAsyncSet
 .text.USART_BaudrateSyncSet
                0x000036f8       0x48 ./gecko_sdk_4.2.3/platform/emlib/src/em_usart.o
                0x000036f8                USART_BaudrateSyncSet
 .text.USART_Enable
                0x00003740       0x44 ./gecko_sdk_4.2.3/platform/emlib/src/em_usart.o
                0x00003740                USART_Enable
 .text.USART_Reset
                0x00003784       0x78 ./gecko_sdk_4.2.3/platform/emlib/src/em_usart.o
                0x00003784                USART_Reset
 .text.USART_InitAsync
                0x000037fc      0x124 ./gecko_sdk_4.2.3/platform/emlib/src/em_usart.o
                0x000037fc                USART_InitAsync
 .text.USART_InitSync
                0x00003920       0xdc ./gecko_sdk_4.2.3/platform/emlib/src/em_usart.o
                0x00003920                USART_InitSync
 .text.sl_device_init_dcdc
                0x000039fc       0x20 ./gecko_sdk_4.2.3/platform/service/device_init/src/sl_device_init_dcdc_s2.o
                0x000039fc                sl_device_init_dcdc
 .text.sl_device_init_emu
                0x00003a1c       0x24 ./gecko_sdk_4.2.3/platform/service/device_init/src/sl_device_init_emu_s2.o
                0x00003a1c                sl_device_init_emu
 .text.sl_device_init_hfxo
                0x00003a40       0x6c ./gecko_sdk_4.2.3/platform/service/device_init/src/sl_device_init_hfxo_s2.o
                0x00003a40                sl_device_init_hfxo
 .text.sl_device_init_lfxo
                0x00003aac       0x2c ./gecko_sdk_4.2.3/platform/service/device_init/src/sl_device_init_lfxo_s2.o
                0x00003aac                sl_device_init_lfxo
 .text.sl_device_init_nvic
                0x00003ad8       0x3c ./gecko_sdk_4.2.3/platform/service/device_init/src/sl_device_init_nvic.o
                0x00003ad8                sl_device_init_nvic
 .text.sl_iostream_set_default
                0x00003b14       0x18 ./gecko_sdk_4.2.3/platform/service/iostream/src/sl_iostream.o
                0x00003b14                sl_iostream_set_default
 .text.sl_iostream_get_default
                0x00003b2c       0x18 ./gecko_sdk_4.2.3/platform/service/iostream/src/sl_iostream.o
                0x00003b2c                sl_iostream_get_default
 .text.get_write_ptr
                0x00003b44       0x40 ./gecko_sdk_4.2.3/platform/service/iostream/src/sl_iostream_uart.o
 .text.dma_irq_handler
                0x00003b84       0x74 ./gecko_sdk_4.2.3/platform/service/iostream/src/sl_iostream_uart.o
 .text.uart_read
                0x00003bf8      0x1f0 ./gecko_sdk_4.2.3/platform/service/iostream/src/sl_iostream_uart.o
 .text.uart_deinit
                0x00003de8       0x98 ./gecko_sdk_4.2.3/platform/service/iostream/src/sl_iostream_uart.o
 .text.uart_write
                0x00003e80       0xc0 ./gecko_sdk_4.2.3/platform/service/iostream/src/sl_iostream_uart.o
 .text.sli_iostream_uart_context_init
                0x00003f40       0xf8 ./gecko_sdk_4.2.3/platform/service/iostream/src/sl_iostream_uart.o
                0x00003f40                sli_iostream_uart_context_init
 .text.sl_iostream_usart_init
                0x00004038      0x178 ./gecko_sdk_4.2.3/platform/service/iostream/src/sl_iostream_usart.o
                0x00004038                sl_iostream_usart_init
 .text.delta_list_insert_timer
                0x000041b0       0x44 ./gecko_sdk_4.2.3/platform/service/sleeptimer/src/sl_sleeptimer.o
 .text.update_delta_list
                0x000041f4       0x38 ./gecko_sdk_4.2.3/platform/service/sleeptimer/src/sl_sleeptimer.o
 .text.set_comparator_for_next_timer
                0x0000422c       0x5c ./gecko_sdk_4.2.3/platform/service/sleeptimer/src/sl_sleeptimer.o
 .text.create_timer
                0x00004288       0x70 ./gecko_sdk_4.2.3/platform/service/sleeptimer/src/sl_sleeptimer.o
 .text.delta_list_remove_timer
                0x000042f8       0x38 ./gecko_sdk_4.2.3/platform/service/sleeptimer/src/sl_sleeptimer.o
 .text.sl_sleeptimer_init
                0x00004330       0x74 ./gecko_sdk_4.2.3/platform/service/sleeptimer/src/sl_sleeptimer.o
                0x00004330                sl_sleeptimer_init
 .text.sl_sleeptimer_is_timer_running
                0x000043a4       0x38 ./gecko_sdk_4.2.3/platform/service/sleeptimer/src/sl_sleeptimer.o
                0x000043a4                sl_sleeptimer_is_timer_running
 .text.sl_sleeptimer_ms_to_tick
                0x000043dc       0x24 ./gecko_sdk_4.2.3/platform/service/sleeptimer/src/sl_sleeptimer.o
                0x000043dc                sl_sleeptimer_ms_to_tick
 .text.sl_sleeptimer_delay_millisecond
                0x00004400       0x38 ./gecko_sdk_4.2.3/platform/service/sleeptimer/src/sl_sleeptimer.o
                0x00004400                sl_sleeptimer_delay_millisecond
 .text.process_timer_irq
                0x00004438      0x158 ./gecko_sdk_4.2.3/platform/service/sleeptimer/src/sl_sleeptimer.o
                0x00004438                process_timer_irq
 .text.sleeptimer_hal_init_timer
                0x00004590       0x88 ./gecko_sdk_4.2.3/platform/service/sleeptimer/src/sl_sleeptimer_hal_rtcc.o
                0x00004590                sleeptimer_hal_init_timer
 .text.sleeptimer_hal_set_compare
                0x00004618       0x64 ./gecko_sdk_4.2.3/platform/service/sleeptimer/src/sl_sleeptimer_hal_rtcc.o
                0x00004618                sleeptimer_hal_set_compare
 .text.sleeptimer_hal_disable_int
                0x0000467c       0x30 ./gecko_sdk_4.2.3/platform/service/sleeptimer/src/sl_sleeptimer_hal_rtcc.o
                0x0000467c                sleeptimer_hal_disable_int
 .text.sleeptimer_hal_set_int
                0x000046ac       0x10 ./gecko_sdk_4.2.3/platform/service/sleeptimer/src/sl_sleeptimer_hal_rtcc.o
                0x000046ac                sleeptimer_hal_set_int
 .text.RTCC_IRQHandler
                0x000046bc       0x34 ./gecko_sdk_4.2.3/platform/service/sleeptimer/src/sl_sleeptimer_hal_rtcc.o
                0x000046bc                RTCC_IRQHandler
 .text.sl_udelay_wait
                0x000046f0       0x58 ./gecko_sdk_4.2.3/platform/service/udelay/src/sl_udelay.o
                0x000046f0                sl_udelay_wait
 .text          0x00004748       0x30 c:/siliconlabs/simplicitystudio/v5/developer/toolchains/gnu_arm/10.3_2021.10/bin/../lib/gcc/arm-none-eabi/10.3.1/thumb/v8-m.main+fp/hard\libgcc.a(_aeabi_uldivmod.o)
                0x00004748                __aeabi_uldivmod
 .text          0x00004778      0x2ec c:/siliconlabs/simplicitystudio/v5/developer/toolchains/gnu_arm/10.3_2021.10/bin/../lib/gcc/arm-none-eabi/10.3.1/thumb/v8-m.main+fp/hard\libgcc.a(_udivmoddi4.o)
                0x00004778                __udivmoddi4
 .text          0x00004a64        0x4 c:/siliconlabs/simplicitystudio/v5/developer/toolchains/gnu_arm/10.3_2021.10/bin/../lib/gcc/arm-none-eabi/10.3.1/thumb/v8-m.main+fp/hard\libgcc.a(_dvmd_tls.o)
                0x00004a64                __aeabi_idiv0
                0x00004a64                __aeabi_ldiv0
 .text.exit     0x00004a68       0x28 c:/siliconlabs/simplicitystudio/v5/developer/toolchains/gnu_arm/10.3_2021.10/bin/../lib/gcc/arm-none-eabi/10.3.1/../../../../arm-none-eabi/lib/thumb/v8-m.main+fp/hard\libc_nano.a(lib_a-exit.o)
                0x00004a68                exit
 .text.__libc_init_array
                0x00004a90       0x48 c:/siliconlabs/simplicitystudio/v5/developer/toolchains/gnu_arm/10.3_2021.10/bin/../lib/gcc/arm-none-eabi/10.3.1/../../../../arm-none-eabi/lib/thumb/v8-m.main+fp/hard\libc_nano.a(lib_a-init.o)
                0x00004a90                __libc_init_array
 .text.sprintf  0x00004ad8       0x40 c:/siliconlabs/simplicitystudio/v5/developer/toolchains/gnu_arm/10.3_2021.10/bin/../lib/gcc/arm-none-eabi/10.3.1/../../../../arm-none-eabi/lib/thumb/v8-m.main+fp/hard\libc_nano.a(lib_a-sprintf.o)
                0x00004ad8                siprintf
                0x00004ad8                sprintf
 .text.sbrk_aligned
                0x00004b18       0x40 c:/siliconlabs/simplicitystudio/v5/developer/toolchains/gnu_arm/10.3_2021.10/bin/../lib/gcc/arm-none-eabi/10.3.1/../../../../arm-none-eabi/lib/thumb/v8-m.main+fp/hard\libc_nano.a(lib_a-nano-mallocr.o)
 .text._malloc_r
                0x00004b58       0xe8 c:/siliconlabs/simplicitystudio/v5/developer/toolchains/gnu_arm/10.3_2021.10/bin/../lib/gcc/arm-none-eabi/10.3.1/../../../../arm-none-eabi/lib/thumb/v8-m.main+fp/hard\libc_nano.a(lib_a-nano-mallocr.o)
                0x00004b58                _malloc_r
 .text._svfprintf_r
                0x00004c40      0x200 c:/siliconlabs/simplicitystudio/v5/developer/toolchains/gnu_arm/10.3_2021.10/bin/../lib/gcc/arm-none-eabi/10.3.1/../../../../arm-none-eabi/lib/thumb/v8-m.main+fp/hard\libc_nano.a(lib_a-nano-svfprintf.o)
                0x00004c40                _svfiprintf_r
                0x00004c40                _svfprintf_r
 .text._printf_i
                0x00004e40      0x24c c:/siliconlabs/simplicitystudio/v5/developer/toolchains/gnu_arm/10.3_2021.10/bin/../lib/gcc/arm-none-eabi/10.3.1/../../../../arm-none-eabi/lib/thumb/v8-m.main+fp/hard\libc_nano.a(lib_a-nano-vfprintf_i.o)
                0x00004e40                _printf_i
 .text._sbrk_r  0x0000508c       0x20 c:/siliconlabs/simplicitystudio/v5/developer/toolchains/gnu_arm/10.3_2021.10/bin/../lib/gcc/arm-none-eabi/10.3.1/../../../../arm-none-eabi/lib/thumb/v8-m.main+fp/hard\libc_nano.a(lib_a-sbrkr.o)
                0x0000508c                _sbrk_r
 .text.__malloc_lock
                0x000050ac        0xc c:/siliconlabs/simplicitystudio/v5/developer/toolchains/gnu_arm/10.3_2021.10/bin/../lib/gcc/arm-none-eabi/10.3.1/../../../../arm-none-eabi/lib/thumb/v8-m.main+fp/hard\libc_nano.a(lib_a-mlock.o)
                0x000050ac                __malloc_lock
 .text.__malloc_unlock
                0x000050b8        0xc c:/siliconlabs/simplicitystudio/v5/developer/toolchains/gnu_arm/10.3_2021.10/bin/../lib/gcc/arm-none-eabi/10.3.1/../../../../arm-none-eabi/lib/thumb/v8-m.main+fp/hard\libc_nano.a(lib_a-mlock.o)
                0x000050b8                __malloc_unlock
 .text._free_r  0x000050c4       0x98 c:/siliconlabs/simplicitystudio/v5/developer/toolchains/gnu_arm/10.3_2021.10/bin/../lib/gcc/arm-none-eabi/10.3.1/../../../../arm-none-eabi/lib/thumb/v8-m.main+fp/hard\libc_nano.a(lib_a-nano-freer.o)
                0x000050c4                _free_r
 .text._exit    0x0000515c        0x4 c:/siliconlabs/simplicitystudio/v5/developer/toolchains/gnu_arm/10.3_2021.10/bin/../lib/gcc/arm-none-eabi/10.3.1/../../../../arm-none-eabi/lib/thumb/v8-m.main+fp/hard\libnosys.a(_exit.o)
                0x0000515c                _exit
 .text.startup.main
                0x00005160       0x14 ./main.o
                0x00005160                main
 .text.sl_board_default_init
                0x00005174       0x18 ./autogen/sl_board_default_init.o
                0x00005174                sl_board_default_init
 .text.sl_driver_init
                0x0000518c       0x1a ./autogen/sl_event_handler.o
                0x0000518c                sl_driver_init
 .text.sl_service_init
                0x000051a6       0x12 ./autogen/sl_event_handler.o
                0x000051a6                sl_service_init
 .text.sl_stack_init
                0x000051b8        0x2 ./autogen/sl_event_handler.o
                0x000051b8                sl_stack_init
 .text.sl_internal_app_init
                0x000051ba        0x2 ./autogen/sl_event_handler.o
                0x000051ba                sl_internal_app_init
 .text.sl_platform_process_action
                0x000051bc        0x2 ./autogen/sl_event_handler.o
                0x000051bc                sl_platform_process_action
 .text.sl_service_process_action
                0x000051be        0x2 ./autogen/sl_event_handler.o
                0x000051be                sl_service_process_action
 .text.sl_stack_process_action
                0x000051c0        0x2 ./autogen/sl_event_handler.o
                0x000051c0                sl_stack_process_action
 .text.sl_internal_app_process_action
                0x000051c2        0x2 ./autogen/sl_event_handler.o
                0x000051c2                sl_internal_app_process_action
 .text.USART1_TX_IRQHandler
                0x000051c4        0x4 ./autogen/sl_iostream_init_usart_instances.o
                0x000051c4                USART1_TX_IRQHandler
 .text.sl_board_configure_vcom
                0x000051c8        0x4 ./gecko_sdk_4.2.3/hardware/board/src/sl_board_control_gpio.o
                0x000051c8                sl_board_configure_vcom
 .text.sl_board_init
                0x000051cc       0x2e ./gecko_sdk_4.2.3/hardware/board/src/sl_board_init.o
                0x000051cc                sl_board_init
 .text.sl_board_preinit
                0x000051fa        0x8 ./gecko_sdk_4.2.3/hardware/board/src/sl_board_init.o
                0x000051fa                sl_board_preinit
 .text.sl_icm20648_accel_get_resolution
                0x00005202       0x48 ./gecko_sdk_4.2.3/hardware/driver/icm20648/src/sl_icm20648.o
                0x00005202                sl_icm20648_accel_get_resolution
 .text.sl_icm20648_accel_read_data
                0x0000524a       0x60 ./gecko_sdk_4.2.3/hardware/driver/icm20648/src/sl_icm20648.o
                0x0000524a                sl_icm20648_accel_read_data
 .text.sl_icm20648_reset
                0x000052aa       0x14 ./gecko_sdk_4.2.3/hardware/driver/icm20648/src/sl_icm20648.o
                0x000052aa                sl_icm20648_reset
 .text.sl_icm20648_init
                0x000052be       0x4c ./gecko_sdk_4.2.3/hardware/driver/icm20648/src/sl_icm20648.o
                0x000052be                sl_icm20648_init
 .text.sl_si1133_calculate_evaluation_polynomial.constprop.0
                0x0000530a       0xcc ./gecko_sdk_4.2.3/hardware/driver/si1133/src/sl_si1133.o
 .text.sl_si1133_wait_until_sleep
                0x000053d6       0x30 ./gecko_sdk_4.2.3/hardware/driver/si1133/src/sl_si1133.o
 .text.sl_si1133_send_command
                0x00005406       0x9c ./gecko_sdk_4.2.3/hardware/driver/si1133/src/sl_si1133.o
 .text.sl_si1133_reset
                0x000054a2       0x16 ./gecko_sdk_4.2.3/hardware/driver/si1133/src/sl_si1133.o
                0x000054a2                sl_si1133_reset
 .text.sl_si1133_force_measurement
                0x000054b8        0x6 ./gecko_sdk_4.2.3/hardware/driver/si1133/src/sl_si1133.o
                0x000054b8                sl_si1133_force_measurement
 .text.sl_si1133_set_parameter
                0x000054be       0x7a ./gecko_sdk_4.2.3/hardware/driver/si1133/src/sl_si1133.o
                0x000054be                sl_si1133_set_parameter
 .text.sl_si1133_init
                0x00005538       0xc4 ./gecko_sdk_4.2.3/hardware/driver/si1133/src/sl_si1133.o
                0x00005538                sl_si1133_init
 .text.sl_si1133_read_samples
                0x000055fc       0x94 ./gecko_sdk_4.2.3/hardware/driver/si1133/src/sl_si1133.o
                0x000055fc                sl_si1133_read_samples
 .text.sl_si70xx_send_command
                0x00005690       0x50 ./gecko_sdk_4.2.3/hardware/driver/si70xx/src/sl_si70xx.o
 .text.sl_si70xx_measure_rh_and_temp
                0x000056e0       0x4a ./gecko_sdk_4.2.3/hardware/driver/si70xx/src/sl_si70xx.o
                0x000056e0                sl_si70xx_measure_rh_and_temp
 .text.sl_si70xx_present
                0x0000572a       0x4c ./gecko_sdk_4.2.3/hardware/driver/si70xx/src/sl_si70xx.o
                0x0000572a                sl_si70xx_present
 .text.sl_si70xx_init
                0x00005776       0x2c ./gecko_sdk_4.2.3/hardware/driver/si70xx/src/sl_si70xx.o
                0x00005776                sl_si70xx_init
 .text.sl_si7210_read_data
                0x000057a2       0x44 ./gecko_sdk_4.2.3/hardware/driver/si7210/src/sl_si7210.o
                0x000057a2                sl_si7210_read_data
 .text.sl_si7210_sleep_sltimeena
                0x000057e6       0x50 ./gecko_sdk_4.2.3/hardware/driver/si7210/src/sl_si7210.o
                0x000057e6                sl_si7210_sleep_sltimeena
 .text.sl_si7210_read_otp_register
                0x00005836       0x46 ./gecko_sdk_4.2.3/hardware/driver/si7210/src/sl_si7210.o
                0x00005836                sl_si7210_read_otp_register
 .text.sl_si7210_identify
                0x0000587c       0x54 ./gecko_sdk_4.2.3/hardware/driver/si7210/src/sl_si7210.o
                0x0000587c                sl_si7210_identify
 .text.sl_si7210_init
                0x000058d0       0x30 ./gecko_sdk_4.2.3/hardware/driver/si7210/src/sl_si7210.o
                0x000058d0                sl_si7210_init
 .text.sl_si7210_read_magfield_data_and_sltimeena
                0x00005900       0xc4 ./gecko_sdk_4.2.3/hardware/driver/si7210/src/sl_si7210.o
                0x00005900                sl_si7210_read_magfield_data_and_sltimeena
 .text.Default_Handler
                0x000059c4        0x2 ./gecko_sdk_4.2.3/platform/Device/SiliconLabs/EFR32BG22/Source/startup_efr32bg22.o
                0x000059c4                ULFRCO_IRQHandler
                0x000059c4                SW2_IRQHandler
                0x000059c4                TIMER2_IRQHandler
                0x000059c4                DebugMon_Handler
                0x000059c4                PKE_IRQHandler
                0x000059c4                USART0_TX_IRQHandler
                0x000059c4                PRORTC_IRQHandler
                0x000059c4                IADC_IRQHandler
                0x000059c4                I2C0_IRQHandler
                0x000059c4                LFXO_IRQHandler
                0x000059c4                CRYPTOACC_IRQHandler
                0x000059c4                HardFault_Handler
                0x000059c4                SMU_SECURE_IRQHandler
                0x000059c4                SysTick_Handler
                0x000059c4                EMUEFP_IRQHandler
                0x000059c4                PendSV_Handler
                0x000059c4                NMI_Handler
                0x000059c4                SYNTH_IRQHandler
                0x000059c4                HFXO0_IRQHandler
                0x000059c4                I2C1_IRQHandler
                0x000059c4                PDM_IRQHandler
                0x000059c4                WDOG0_IRQHandler
                0x000059c4                TIMER3_IRQHandler
                0x000059c4                SYSCFG_IRQHandler
                0x000059c4                EMUSE_IRQHandler
                0x000059c4                EMUDG_IRQHandler
                0x000059c4                MSC_IRQHandler
                0x000059c4                DPLL0_IRQHandler
                0x000059c4                UsageFault_Handler
                0x000059c4                M33CTI1_IRQHandler
                0x000059c4                TIMER4_IRQHandler
                0x000059c4                SW0_IRQHandler
                0x000059c4                TIMER0_IRQHandler
                0x000059c4                LETIMER0_IRQHandler
                0x000059c4                TIMER1_IRQHandler
                0x000059c4                HFRCO0_IRQHandler
                0x000059c4                RFSENSE_IRQHandler
                0x000059c4                SecureFault_Handler
                0x000059c4                BUFC_IRQHandler
                0x000059c4                DCDC_IRQHandler
                0x000059c4                MODEM_IRQHandler
                0x000059c4                Default_Handler
                0x000059c4                RAC_SEQ_IRQHandler
                0x000059c4                FRC_PRI_IRQHandler
                0x000059c4                EMU_IRQHandler
                0x000059c4                SW3_IRQHandler
                0x000059c4                KERNEL0_IRQHandler
                0x000059c4                FRC_IRQHandler
                0x000059c4                KERNEL1_IRQHandler
                0x000059c4                AGC_IRQHandler
                0x000059c4                sl_app_properties
                0x000059c4                BURTC_IRQHandler
                0x000059c4                LFRCO_IRQHandler
                0x000059c4                USART0_RX_IRQHandler
                0x000059c4                MemManage_Handler
                0x000059c4                RDMAILBOX_IRQHandler
                0x000059c4                SVC_Handler
                0x000059c4                SMU_S_PRIVILEGED_IRQHandler
                0x000059c4                SW1_IRQHandler
                0x000059c4                CMU_IRQHandler
                0x000059c4                RAC_RSM_IRQHandler
                0x000059c4                EUART0_TX_IRQHandler
                0x000059c4                EUART0_RX_IRQHandler
                0x000059c4                AES_IRQHandler
                0x000059c4                M33CTI0_IRQHandler
                0x000059c4                ICACHE0_IRQHandler
                0x000059c4                SMU_NS_PRIVILEGED_IRQHandler
                0x000059c4                PROTIMER_IRQHandler
                0x000059c4                BusFault_Handler
                0x000059c4                TRNG_IRQHandler
 .text.SystemCLKIN0Get
                0x000059c6        0x4 ./gecko_sdk_4.2.3/platform/Device/SiliconLabs/EFR32BG22/Source/system_efr32bg22.o
                0x000059c6                SystemCLKIN0Get
 .text.SystemLFRCOClockGet
                0x000059ca        0x6 ./gecko_sdk_4.2.3/platform/Device/SiliconLabs/EFR32BG22/Source/system_efr32bg22.o
                0x000059ca                SystemLFRCOClockGet
 .text.SystemULFRCOClockGet
                0x000059d0        0x6 ./gecko_sdk_4.2.3/platform/Device/SiliconLabs/EFR32BG22/Source/system_efr32bg22.o
                0x000059d0                SystemULFRCOClockGet
 .text.assertEFM
                0x000059d6        0x2 ./gecko_sdk_4.2.3/platform/common/src/sl_assert.o
                0x000059d6                assertEFM
 .text.sl_button_init
                0x000059d8        0xa ./gecko_sdk_4.2.3/platform/driver/button/src/sl_button.o
                0x000059d8                sl_button_init
 .text.sl_button_get_state
                0x000059e2        0xa ./gecko_sdk_4.2.3/platform/driver/button/src/sl_button.o
                0x000059e2                sl_button_get_state
 .text.sl_button_on_change
                0x000059ec        0x2 ./gecko_sdk_4.2.3/platform/driver/button/src/sl_button.o
                0x000059ec                sl_button_on_change
 .text.sli_simple_button_on_change
                0x000059ee       0x28 ./gecko_sdk_4.2.3/platform/driver/button/src/sl_simple_button.o
 .text.sl_simple_button_get_state
                0x00005a16        0x6 ./gecko_sdk_4.2.3/platform/driver/button/src/sl_simple_button.o
                0x00005a16                sl_simple_button_get_state
 .text.sl_simple_button_poll_step
                0x00005a1c       0x52 ./gecko_sdk_4.2.3/platform/driver/button/src/sl_simple_button.o
                0x00005a1c                sl_simple_button_poll_step
 .text.sl_simple_button_enable
                0x00005a6e       0x12 ./gecko_sdk_4.2.3/platform/driver/button/src/sl_simple_button.o
                0x00005a6e                sl_simple_button_enable
 .text.sl_simple_button_disable
                0x00005a80       0x30 ./gecko_sdk_4.2.3/platform/driver/button/src/sl_simple_button.o
                0x00005a80                sl_simple_button_disable
 .text.sl_led_init
                0x00005ab0        0x6 ./gecko_sdk_4.2.3/platform/driver/leddrv/src/sl_led.o
                0x00005ab0                sl_led_init
 .text.sl_led_turn_on
                0x00005ab6        0x6 ./gecko_sdk_4.2.3/platform/driver/leddrv/src/sl_led.o
                0x00005ab6                sl_led_turn_on
 .text.sl_led_turn_off
                0x00005abc        0x6 ./gecko_sdk_4.2.3/platform/driver/leddrv/src/sl_led.o
                0x00005abc                sl_led_turn_off
 .text.sl_simple_led_init
                0x00005ac2       0x22 ./gecko_sdk_4.2.3/platform/driver/leddrv/src/sl_simple_led.o
                0x00005ac2                sl_simple_led_init
 .text.sl_simple_led_turn_on
                0x00005ae4       0x12 ./gecko_sdk_4.2.3/platform/driver/leddrv/src/sl_simple_led.o
                0x00005ae4                sl_simple_led_turn_on
 .text.sl_simple_led_turn_off
                0x00005af6       0x12 ./gecko_sdk_4.2.3/platform/driver/leddrv/src/sl_simple_led.o
                0x00005af6                sl_simple_led_turn_off
 .text.DMADRV_PeripheralMemory
                0x00005b08       0x34 ./gecko_sdk_4.2.3/platform/emdrv/dmadrv/src/dmadrv.o
                0x00005b08                DMADRV_PeripheralMemory
 .text.ConfigGpio
                0x00005b3c       0xe0 ./gecko_sdk_4.2.3/platform/emdrv/uartdrv/src/uartdrv.o
 .text.FcApplyState
                0x00005c1c       0x5c ./gecko_sdk_4.2.3/platform/emdrv/uartdrv/src/uartdrv.o
 .text.waitStateMax
                0x00005c78       0x10 ./gecko_sdk_4.2.3/platform/emlib/src/em_cmu.o
 .text.CMU_UpdateWaitStates
                0x00005c88        0xc ./gecko_sdk_4.2.3/platform/emlib/src/em_cmu.o
                0x00005c88                CMU_UpdateWaitStates
 .text.pclkDivMax
                0x00005c94        0xa ./gecko_sdk_4.2.3/platform/emlib/src/em_cmu.o
 .text.sli_em_cmu_SYSCLKInitPostClockSelect
                0x00005c9e       0x2a ./gecko_sdk_4.2.3/platform/emlib/src/em_cmu.o
                0x00005c9e                sli_em_cmu_SYSCLKInitPostClockSelect
 .text.CORE_EnterCritical
                0x00005cc8        0x8 ./gecko_sdk_4.2.3/platform/emlib/src/em_core.o
                0x00005cc8                CORE_EnterCritical
 .text.CORE_ExitCritical
                0x00005cd0        0x6 ./gecko_sdk_4.2.3/platform/emlib/src/em_core.o
                0x00005cd0                CORE_ExitCritical
 .text.CORE_EnterAtomic
                0x00005cd6        0xc ./gecko_sdk_4.2.3/platform/emlib/src/em_core.o
                0x00005cd6                CORE_EnterAtomic
 .text.CORE_ExitAtomic
                0x00005ce2        0x6 ./gecko_sdk_4.2.3/platform/emlib/src/em_core.o
                0x00005ce2                CORE_ExitAtomic
 .text.EMU_EFPEM01VScale
                0x00005ce8        0x2 ./gecko_sdk_4.2.3/platform/emlib/src/em_emu.o
                0x00005ce8                EMU_EFPEM01VScale
 .text.EMU_DCDCUpdatedHook
                0x00005cea        0x2 ./gecko_sdk_4.2.3/platform/emlib/src/em_emu.o
                0x00005cea                EMU_DCDCUpdatedHook
 .text.eusart_sync
                0x00005cec        0x8 ./gecko_sdk_4.2.3/platform/emlib/src/em_eusart.o
 .text.EUSART_Disable
                0x00005cf4       0x3a ./gecko_sdk_4.2.3/platform/emlib/src/em_eusart.o
 .text.EUSART_Tx
                0x00005d2e        0xa ./gecko_sdk_4.2.3/platform/emlib/src/em_eusart.o
                0x00005d2e                EUSART_Tx
 .text.BUS_RegMaskedWrite
                0x00005d38       0x22 ./gecko_sdk_4.2.3/platform/emlib/src/em_gpio.o
 .text.RTCC_SyncWait
                0x00005d5a       0x10 ./gecko_sdk_4.2.3/platform/emlib/src/em_rtcc.o
 .text.USART_Rx
                0x00005d6a        0xc ./gecko_sdk_4.2.3/platform/emlib/src/em_usart.o
                0x00005d6a                USART_Rx
 .text.USART_SpiTransfer
                0x00005d76       0x14 ./gecko_sdk_4.2.3/platform/emlib/src/em_usart.o
                0x00005d76                USART_SpiTransfer
 .text.USART_Tx
                0x00005d8a        0xa ./gecko_sdk_4.2.3/platform/emlib/src/em_usart.o
                0x00005d8a                USART_Tx
 .text.set_auto_cr_lf
                0x00005d94        0x6 ./gecko_sdk_4.2.3/platform/service/iostream/src/sl_iostream_uart.o
 .text.get_auto_cr_lf
                0x00005d9a        0x6 ./gecko_sdk_4.2.3/platform/service/iostream/src/sl_iostream_uart.o
 .text.usart_set_next_byte_detect
                0x00005da0        0xc ./gecko_sdk_4.2.3/platform/service/iostream/src/sl_iostream_usart.o
 .text.usart_deinit
                0x00005dac       0x78 ./gecko_sdk_4.2.3/platform/service/iostream/src/sl_iostream_usart.o
 .text.usart_tx
                0x00005e24        0xc ./gecko_sdk_4.2.3/platform/service/iostream/src/sl_iostream_usart.o
 .text.sl_iostream_usart_irq_handler
                0x00005e30       0x70 ./gecko_sdk_4.2.3/platform/service/iostream/src/sl_iostream_usart.o
                0x00005e30                sl_iostream_usart_irq_handler
 .text.delay_callback
                0x00005ea0        0x6 ./gecko_sdk_4.2.3/platform/service/sleeptimer/src/sl_sleeptimer.o
 .text.sl_sleeptimer_start_timer
                0x00005ea6       0x48 ./gecko_sdk_4.2.3/platform/service/sleeptimer/src/sl_sleeptimer.o
                0x00005ea6                sl_sleeptimer_start_timer
 .text.CMU_PrescToLog2.constprop.0
                0x00005eee        0x4 ./gecko_sdk_4.2.3/platform/service/sleeptimer/src/sl_sleeptimer_hal_rtcc.o
 .text.sleeptimer_hal_get_counter
                0x00005ef2        0xe ./gecko_sdk_4.2.3/platform/service/sleeptimer/src/sl_sleeptimer_hal_rtcc.o
                0x00005ef2                sleeptimer_hal_get_counter
 .text.sleeptimer_hal_enable_int
                0x00005f00       0x18 ./gecko_sdk_4.2.3/platform/service/sleeptimer/src/sl_sleeptimer_hal_rtcc.o
                0x00005f00                sleeptimer_hal_enable_int
 .text.sleeptimer_hal_get_timer_frequency
                0x00005f18       0x14 ./gecko_sdk_4.2.3/platform/service/sleeptimer/src/sl_sleeptimer_hal_rtcc.o
                0x00005f18                sleeptimer_hal_get_timer_frequency
 .text.sl_system_init
                0x00005f2c       0x1a ./gecko_sdk_4.2.3/platform/service/system/src/sl_system_init.o
                0x00005f2c                sl_system_init
 .text.sl_system_process_action
                0x00005f46       0x16 ./gecko_sdk_4.2.3/platform/service/system/src/sl_system_process_action.o
                0x00005f46                sl_system_process_action
 .text.memcpy   0x00005f5c       0x1a c:/siliconlabs/simplicitystudio/v5/developer/toolchains/gnu_arm/10.3_2021.10/bin/../lib/gcc/arm-none-eabi/10.3.1/../../../../arm-none-eabi/lib/thumb/v8-m.main+fp/hard\libc_nano.a(lib_a-memcpy-stub.o)
                0x00005f5c                memcpy
 .text.memset   0x00005f76       0x10 c:/siliconlabs/simplicitystudio/v5/developer/toolchains/gnu_arm/10.3_2021.10/bin/../lib/gcc/arm-none-eabi/10.3.1/../../../../arm-none-eabi/lib/thumb/v8-m.main+fp/hard\libc_nano.a(lib_a-memset.o)
                0x00005f76                memset
 .text          0x00005f86       0x10 c:/siliconlabs/simplicitystudio/v5/developer/toolchains/gnu_arm/10.3_2021.10/bin/../lib/gcc/arm-none-eabi/10.3.1/../../../../arm-none-eabi/lib/thumb/v8-m.main+fp/hard\libc_nano.a(lib_a-strlen.o)
                0x00005f86                strlen
 .text.__retarget_lock_acquire_recursive
                0x00005f96        0x2 c:/siliconlabs/simplicitystudio/v5/developer/toolchains/gnu_arm/10.3_2021.10/bin/../lib/gcc/arm-none-eabi/10.3.1/../../../../arm-none-eabi/lib/thumb/v8-m.main+fp/hard\libc_nano.a(lib_a-lock.o)
                0x00005f96                __retarget_lock_acquire_recursive
 .text.__retarget_lock_release_recursive
                0x00005f98        0x2 c:/siliconlabs/simplicitystudio/v5/developer/toolchains/gnu_arm/10.3_2021.10/bin/../lib/gcc/arm-none-eabi/10.3.1/../../../../arm-none-eabi/lib/thumb/v8-m.main+fp/hard\libc_nano.a(lib_a-lock.o)
                0x00005f98                __retarget_lock_release_recursive
 .text.__ssputs_r
                0x00005f9a       0xb6 c:/siliconlabs/simplicitystudio/v5/developer/toolchains/gnu_arm/10.3_2021.10/bin/../lib/gcc/arm-none-eabi/10.3.1/../../../../arm-none-eabi/lib/thumb/v8-m.main+fp/hard\libc_nano.a(lib_a-nano-svfprintf.o)
                0x00005f9a                __ssputs_r
 .text._printf_common
                0x00006050       0xe0 c:/siliconlabs/simplicitystudio/v5/developer/toolchains/gnu_arm/10.3_2021.10/bin/../lib/gcc/arm-none-eabi/10.3.1/../../../../arm-none-eabi/lib/thumb/v8-m.main+fp/hard\libc_nano.a(lib_a-nano-vfprintf_i.o)
                0x00006050                _printf_common
 .text.memchr   0x00006130       0x1c c:/siliconlabs/simplicitystudio/v5/developer/toolchains/gnu_arm/10.3_2021.10/bin/../lib/gcc/arm-none-eabi/10.3.1/../../../../arm-none-eabi/lib/thumb/v8-m.main+fp/hard\libc_nano.a(lib_a-memchr-stub.o)
                0x00006130                memchr
 .text.memmove  0x0000614c       0x34 c:/siliconlabs/simplicitystudio/v5/developer/toolchains/gnu_arm/10.3_2021.10/bin/../lib/gcc/arm-none-eabi/10.3.1/../../../../arm-none-eabi/lib/thumb/v8-m.main+fp/hard\libc_nano.a(lib_a-memmove.o)
                0x0000614c                memmove
 .text._realloc_r
                0x00006180       0x5e c:/siliconlabs/simplicitystudio/v5/developer/toolchains/gnu_arm/10.3_2021.10/bin/../lib/gcc/arm-none-eabi/10.3.1/../../../../arm-none-eabi/lib/thumb/v8-m.main+fp/hard\libc_nano.a(lib_a-nano-reallocr.o)
                0x00006180                _realloc_r
 .text._malloc_usable_size_r
                0x000061de       0x10 c:/siliconlabs/simplicitystudio/v5/developer/toolchains/gnu_arm/10.3_2021.10/bin/../lib/gcc/arm-none-eabi/10.3.1/../../../../arm-none-eabi/lib/thumb/v8-m.main+fp/hard\libc_nano.a(lib_a-nano-msizer.o)
                0x000061de                _malloc_usable_size_r
                0x000061ee                linker_code_end = .
 *(.init)
 *fill*         0x000061ee        0x2 
 .init          0x000061f0        0x4 c:/siliconlabs/simplicitystudio/v5/developer/toolchains/gnu_arm/10.3_2021.10/bin/../lib/gcc/arm-none-eabi/10.3.1/thumb/v8-m.main+fp/hard/crti.o
                0x000061f0                _init
 .init          0x000061f4        0x8 c:/siliconlabs/simplicitystudio/v5/developer/toolchains/gnu_arm/10.3_2021.10/bin/../lib/gcc/arm-none-eabi/10.3.1/thumb/v8-m.main+fp/hard/crtn.o
 *(.fini)
 .fini          0x000061fc        0x4 c:/siliconlabs/simplicitystudio/v5/developer/toolchains/gnu_arm/10.3_2021.10/bin/../lib/gcc/arm-none-eabi/10.3.1/thumb/v8-m.main+fp/hard/crti.o
                0x000061fc                _fini
 .fini          0x00006200        0x8 c:/siliconlabs/simplicitystudio/v5/developer/toolchains/gnu_arm/10.3_2021.10/bin/../lib/gcc/arm-none-eabi/10.3.1/thumb/v8-m.main+fp/hard/crtn.o
 *crtbegin.o(.ctors)
 *crtbegin?.o(.ctors)
 *(EXCLUDE_FILE(*crtend.o *crtend?.o) .ctors)
 *(SORT_BY_NAME(.ctors.*))
 *(.ctors)
 *crtbegin.o(.dtors)
 *crtbegin?.o(.dtors)
 *(EXCLUDE_FILE(*crtend.o *crtend?.o) .dtors)
 *(SORT_BY_NAME(.dtors.*))
 *(.dtors)
 *(.rodata*)
 .rodata.app_process_action.str1.1
                0x00006208       0x62 ./app.o
 .rodata.sl_iostream_usart_init_vcom.str1.1
                0x0000626a       0x2e ./autogen/sl_iostream_init_usart_instances.o
 .rodata        0x00006298       0x1c ./autogen/sl_iostream_init_usart_instances.o
 .rodata.sl_button_btn0
                0x000062b4       0x18 ./autogen/sl_simple_button_instances.o
                0x000062b4                sl_button_btn0
 .rodata.sl_led_led0
                0x000062cc       0x18 ./autogen/sl_simple_led_instances.o
                0x000062cc                sl_led_led0
 .rodata.sl_board_enable_sensor.str1.1
                0x000062e4       0x5c ./gecko_sdk_4.2.3/hardware/board/src/sl_board_control_gpio.o
 .rodata        0x00006340       0x1c ./gecko_sdk_4.2.3/hardware/driver/icm20648/src/sl_icm20648.o
 .rodata        0x0000635c       0x1c ./gecko_sdk_4.2.3/hardware/driver/mx25_flash_shutdown/src/sl_mx25_flash_shutdown_usart/sl_mx25_flash_shutdown.o
 .rodata.sl_si7210_set_mt_range_200.str1.1
                0x00006378        0x7 ./gecko_sdk_4.2.3/hardware/driver/si7210/src/sl_si7210.o
 .rodata.GPIO_PinInGet.str1.1
                0x0000637f       0x4e ./gecko_sdk_4.2.3/platform/driver/button/src/sl_simple_button.o
 .rodata.sl_simple_button_init.str1.1
                0x000063cd       0x5f ./gecko_sdk_4.2.3/platform/driver/button/src/sl_simple_button.o
 .rodata.I2CSPM_Init.str1.1
                0x0000642c       0x58 ./gecko_sdk_4.2.3/platform/driver/i2cspm/src/sl_i2cspm.o
                                 0xa6 (size before relaxing)
 .rodata.GPIO_PinOutClear.str1.1
                0x00006484       0x4e ./gecko_sdk_4.2.3/platform/driver/leddrv/src/sl_simple_led.o
 .rodata        0x00006484        0x4 ./gecko_sdk_4.2.3/platform/emdrv/dmadrv/src/dmadrv.o
 .rodata.GPIO_PinOutClear.str1.1
                0x00006488       0x4e ./gecko_sdk_4.2.3/platform/emdrv/uartdrv/src/uartdrv.o
 .rodata.em1RequestRemove.str1.1
                0x00006488       0x56 ./gecko_sdk_4.2.3/platform/emdrv/uartdrv/src/uartdrv.o
 *fill*         0x000064de        0x2 
 .rodata        0x000064e0       0x3c ./gecko_sdk_4.2.3/platform/emdrv/uartdrv/src/uartdrv.o
 .rodata.HFRCODPLLDevinfoGet.str1.1
                0x0000651c       0x4d ./gecko_sdk_4.2.3/platform/emlib/src/em_cmu.o
 .rodata.CORE_NvicMaskSetIRQ.str1.1
                0x00006569       0x4e ./gecko_sdk_4.2.3/platform/emlib/src/em_core.o
 .rodata.EMU_VScaleEM01.str1.1
                0x000065b7       0x4d ./gecko_sdk_4.2.3/platform/emlib/src/em_emu.o
 .rodata.EUSART_Enable.str1.1
                0x00006604       0x50 ./gecko_sdk_4.2.3/platform/emlib/src/em_eusart.o
 .rodata.BUS_RegBitWrite.str1.1
                0x00006654       0x4d ./gecko_sdk_4.2.3/platform/emlib/src/em_gpio.o
 .rodata.GPIO_PinOutSet.str1.1
                0x000066a1       0x4e ./gecko_sdk_4.2.3/platform/emlib/src/em_gpio.o
 .rodata.GPIO_ExtIntConfig.str1.1
                0x000066a1       0x4e ./gecko_sdk_4.2.3/platform/emlib/src/em_gpio.o
 .rodata.I2C_BusFreqGet.str1.1
                0x000066ef       0x4d ./gecko_sdk_4.2.3/platform/emlib/src/em_i2c.o
 .rodata.CSWTCH.13
                0x0000673c        0xc ./gecko_sdk_4.2.3/platform/emlib/src/em_i2c.o
 .rodata.CSWTCH.14
                0x00006748        0xc ./gecko_sdk_4.2.3/platform/emlib/src/em_i2c.o
 .rodata.i2cNSum
                0x00006754        0x4 ./gecko_sdk_4.2.3/platform/emlib/src/em_i2c.o
 .rodata.LDMA_EnableChannelRequest.str1.1
                0x00006758       0x4e ./gecko_sdk_4.2.3/platform/emlib/src/em_ldma.o
                                 0x9b (size before relaxing)
 .rodata.RTCC_ChannelInit.str1.1
                0x000067a6       0x4e ./gecko_sdk_4.2.3/platform/emlib/src/em_rtcc.o
 .rodata.USART_BaudrateAsyncSet.str1.1
                0x000067f4       0x4f ./gecko_sdk_4.2.3/platform/emlib/src/em_usart.o
 .rodata        0x00006843        0x8 ./gecko_sdk_4.2.3/platform/service/device_init/src/sl_device_init_dcdc_s2.o
 *fill*         0x0000684b        0x1 
 .rodata        0x0000684c       0x28 ./gecko_sdk_4.2.3/platform/service/device_init/src/sl_device_init_hfxo_s2.o
 .rodata        0x00006874       0x14 ./gecko_sdk_4.2.3/platform/service/device_init/src/sl_device_init_lfxo_s2.o
 .rodata.get_write_ptr.str1.1
                0x00006888       0x62 ./gecko_sdk_4.2.3/platform/service/iostream/src/sl_iostream_uart.o
 .rodata.process_timer_irq.str1.1
                0x000068ea       0x61 ./gecko_sdk_4.2.3/platform/service/sleeptimer/src/sl_sleeptimer.o
 .rodata        0x0000694b        0xb ./gecko_sdk_4.2.3/platform/service/sleeptimer/src/sl_sleeptimer_hal_rtcc.o
 .rodata.sl_udelay_wait.str1.1
                0x00006956       0x59 ./gecko_sdk_4.2.3/platform/service/udelay/src/sl_udelay.o
 *fill*         0x000069af        0x1 
 .rodata._global_impure_ptr
                0x000069b0        0x4 c:/siliconlabs/simplicitystudio/v5/developer/toolchains/gnu_arm/10.3_2021.10/bin/../lib/gcc/arm-none-eabi/10.3.1/../../../../arm-none-eabi/lib/thumb/v8-m.main+fp/hard\libc_nano.a(lib_a-impure.o)
                0x000069b0                _global_impure_ptr
 .rodata.__sf_fake_stderr
                0x000069b4       0x20 c:/siliconlabs/simplicitystudio/v5/developer/toolchains/gnu_arm/10.3_2021.10/bin/../lib/gcc/arm-none-eabi/10.3.1/../../../../arm-none-eabi/lib/thumb/v8-m.main+fp/hard\libc_nano.a(lib_a-findfp.o)
                0x000069b4                __sf_fake_stderr
 .rodata.__sf_fake_stdin
                0x000069d4       0x20 c:/siliconlabs/simplicitystudio/v5/developer/toolchains/gnu_arm/10.3_2021.10/bin/../lib/gcc/arm-none-eabi/10.3.1/../../../../arm-none-eabi/lib/thumb/v8-m.main+fp/hard\libc_nano.a(lib_a-findfp.o)
                0x000069d4                __sf_fake_stdin
 .rodata.__sf_fake_stdout
                0x000069f4       0x20 c:/siliconlabs/simplicitystudio/v5/developer/toolchains/gnu_arm/10.3_2021.10/bin/../lib/gcc/arm-none-eabi/10.3.1/../../../../arm-none-eabi/lib/thumb/v8-m.main+fp/hard\libc_nano.a(lib_a-findfp.o)
                0x000069f4                __sf_fake_stdout
 .rodata._svfprintf_r.str1.1
                0x00006a14       0x11 c:/siliconlabs/simplicitystudio/v5/developer/toolchains/gnu_arm/10.3_2021.10/bin/../lib/gcc/arm-none-eabi/10.3.1/../../../../arm-none-eabi/lib/thumb/v8-m.main+fp/hard\libc_nano.a(lib_a-nano-svfprintf.o)
 .rodata._printf_i.str1.1
                0x00006a25       0x22 c:/siliconlabs/simplicitystudio/v5/developer/toolchains/gnu_arm/10.3_2021.10/bin/../lib/gcc/arm-none-eabi/10.3.1/../../../../arm-none-eabi/lib/thumb/v8-m.main+fp/hard\libc_nano.a(lib_a-nano-vfprintf_i.o)
 *(.eh_frame*)
 *fill*         0x00006a47        0x1 
 .eh_frame      0x00006a48        0x0 c:/siliconlabs/simplicitystudio/v5/developer/toolchains/gnu_arm/10.3_2021.10/bin/../lib/gcc/arm-none-eabi/10.3.1/thumb/v8-m.main+fp/hard/crtbegin.o

.glue_7         0x00006a48        0x0
 .glue_7        0x00006a48        0x0 linker stubs

.glue_7t        0x00006a48        0x0
 .glue_7t       0x00006a48        0x0 linker stubs

.vfp11_veneer   0x00006a48        0x0
 .vfp11_veneer  0x00006a48        0x0 linker stubs

.v4_bx          0x00006a48        0x0
 .v4_bx         0x00006a48        0x0 linker stubs

.iplt           0x00006a48        0x0
 .iplt          0x00006a48        0x0 c:/siliconlabs/simplicitystudio/v5/developer/toolchains/gnu_arm/10.3_2021.10/bin/../lib/gcc/arm-none-eabi/10.3.1/thumb/v8-m.main+fp/hard/crtbegin.o

.ARM.extab
 *(.ARM.extab* .gnu.linkonce.armextab.*)
                0x00006a48                __exidx_start = .

.ARM.exidx      0x00006a48        0x8
 *(.ARM.exidx* .gnu.linkonce.armexidx.*)
 .ARM.exidx     0x00006a48        0x8 c:/siliconlabs/simplicitystudio/v5/developer/toolchains/gnu_arm/10.3_2021.10/bin/../lib/gcc/arm-none-eabi/10.3.1/../../../../arm-none-eabi/lib/thumb/v8-m.main+fp/hard/crt0.o
                                 0x10 (size before relaxing)
 .ARM.exidx     0x00006a50        0x0 c:/siliconlabs/simplicitystudio/v5/developer/toolchains/gnu_arm/10.3_2021.10/bin/../lib/gcc/arm-none-eabi/10.3.1/thumb/v8-m.main+fp/hard\libgcc.a(_udivmoddi4.o)
                                  0x8 (size before relaxing)
                0x00006a50                __exidx_end = .

.rel.dyn        0x00006a50        0x0
 .rel.iplt      0x00006a50        0x0 c:/siliconlabs/simplicitystudio/v5/developer/toolchains/gnu_arm/10.3_2021.10/bin/../lib/gcc/arm-none-eabi/10.3.1/thumb/v8-m.main+fp/hard/crtbegin.o

.copy.table     0x00006a50        0xc
                0x00006a50                . = ALIGN (0x4)
                0x00006a50                __copy_table_start__ = .
                0x00006a50        0x4 LONG 0x6a5c __etext
                0x00006a54        0x4 LONG 0x20001000 __data_start__
                0x00006a58        0x4 LONG 0x83 ((__data_end__ - __data_start__) / 0x4)
                0x00006a5c                __copy_table_end__ = .

.zero.table     0x00006a5c        0x0
                0x00006a5c                . = ALIGN (0x4)
                0x00006a5c                __zero_table_start__ = .
                0x00006a5c                __zero_table_end__ = .
                0x00006a5c                __etext = .
                0x20000000                . = ORIGIN (RAM)

.stack          0x20000000     0x1000
                0x20000000                __StackLimit = .
 *(.stack*)
 .stack         0x20000000     0x1000 ./gecko_sdk_4.2.3/platform/common/toolchain/src/sl_memory.o
                0x20001000                . = ALIGN (0x4)
                0x20001000                __StackTop = .
                0x20001000                PROVIDE (__stack = __StackTop)

.noinit
 *(.noinit*)

.data           0x20001000      0x20c load address 0x00006a5c
                0x20001000                . = ALIGN (0x4)
                0x20001000                __data_start__ = .
 *(vtable)
 *(SORT_BY_ALIGNMENT(.data*))
 .data.init_sensor
                0x20001000       0x14 ./autogen/sl_i2cspm_init.o
                0x20001000                init_sensor
 .data.sl_i2cspm_sensor
                0x20001014        0x4 ./autogen/sl_i2cspm_init.o
                0x20001014                sl_i2cspm_sensor
 .data.sl_uartdrv_usart_init_vcom
                0x20001018       0x24 ./autogen/sl_uartdrv_init.o
                0x20001018                sl_uartdrv_usart_init_vcom
 .data.sl_uartdrv_usart_vcom_handle
                0x2000103c        0x4 ./autogen/sl_uartdrv_init.o
                0x2000103c                sl_uartdrv_usart_vcom_handle
 .data.sl_uartdrv_usart_vcom_rx_buffer
                0x20001040       0x80 ./autogen/sl_uartdrv_init.o
 .data.sl_uartdrv_usart_vcom_tx_buffer
                0x200010c0       0x80 ./autogen/sl_uartdrv_init.o
 .data.SystemCoreClock
                0x20001140        0x4 ./gecko_sdk_4.2.3/platform/Device/SiliconLabs/EFR32BG22/Source/system_efr32bg22.o
                0x20001140                SystemCoreClock
 .data.SystemHFRCODPLLClock
                0x20001144        0x4 ./gecko_sdk_4.2.3/platform/Device/SiliconLabs/EFR32BG22/Source/system_efr32bg22.o
 .data.SystemHFXOClock
                0x20001148        0x4 ./gecko_sdk_4.2.3/platform/Device/SiliconLabs/EFR32BG22/Source/system_efr32bg22.o
 .data.SystemLFXOClock
                0x2000114c        0x4 ./gecko_sdk_4.2.3/platform/Device/SiliconLabs/EFR32BG22/Source/system_efr32bg22.o
 .data.heap_end.0
                0x20001150        0x4 ./gecko_sdk_4.2.3/platform/common/toolchain/src/sl_memory.o
 .data._impure_ptr
                0x20001154        0x4 c:/siliconlabs/simplicitystudio/v5/developer/toolchains/gnu_arm/10.3_2021.10/bin/../lib/gcc/arm-none-eabi/10.3.1/../../../../arm-none-eabi/lib/thumb/v8-m.main+fp/hard\libc_nano.a(lib_a-impure.o)
                0x20001154                _impure_ptr
 .data.impure_data
                0x20001158       0x60 c:/siliconlabs/simplicitystudio/v5/developer/toolchains/gnu_arm/10.3_2021.10/bin/../lib/gcc/arm-none-eabi/10.3.1/../../../../arm-none-eabi/lib/thumb/v8-m.main+fp/hard\libc_nano.a(lib_a-impure.o)
 .data.simple_btn0_context
                0x200011b8        0x8 ./autogen/sl_simple_button_instances.o
                0x200011b8                simple_btn0_context
 .data.lk       0x200011c0       0x34 ./gecko_sdk_4.2.3/hardware/driver/si1133/src/sl_si1133.o
 .data.uk       0x200011f4        0x8 ./gecko_sdk_4.2.3/hardware/driver/si1133/src/sl_si1133.o
 .data.lfxo_precision
                0x200011fc        0x2 ./gecko_sdk_4.2.3/platform/emlib/src/em_cmu.o
 .data.simple_led0_context
                0x200011fe        0x3 ./autogen/sl_simple_led_instances.o
                0x200011fe                simple_led0_context
 .data.cc_disabled
                0x20001201        0x1 ./gecko_sdk_4.2.3/platform/service/sleeptimer/src/sl_sleeptimer_hal_rtcc.o
                0x20001204                . = ALIGN (0x4)
 *fill*         0x20001202        0x2 
                [!provide]                PROVIDE (__ram_func_section_start = .)
 *(.ram)
                [!provide]                PROVIDE (__ram_func_section_end = .)
                0x20001204                . = ALIGN (0x4)
                0x20001204                PROVIDE (__preinit_array_start = .)
 *(.preinit_array)
                0x20001204                PROVIDE (__preinit_array_end = .)
                0x20001204                . = ALIGN (0x4)
                0x20001204                PROVIDE (__init_array_start = .)
 *(SORT_BY_NAME(.init_array.*))
 *(.init_array)
 .init_array    0x20001204        0x4 c:/siliconlabs/simplicitystudio/v5/developer/toolchains/gnu_arm/10.3_2021.10/bin/../lib/gcc/arm-none-eabi/10.3.1/thumb/v8-m.main+fp/hard/crtbegin.o
                0x20001208                PROVIDE (__init_array_end = .)
                0x20001208                . = ALIGN (0x4)
                [!provide]                PROVIDE (__fini_array_start = .)
 *(SORT_BY_NAME(.fini_array.*))
 *(.fini_array)
 .fini_array    0x20001208        0x4 c:/siliconlabs/simplicitystudio/v5/developer/toolchains/gnu_arm/10.3_2021.10/bin/../lib/gcc/arm-none-eabi/10.3.1/thumb/v8-m.main+fp/hard/crtbegin.o
                [!provide]                PROVIDE (__fini_array_end = .)
                0x2000120c                . = ALIGN (0x4)
                0x2000120c                __data_end__ = .

.igot.plt       0x2000120c        0x0 load address 0x00006c68
 .igot.plt      0x2000120c        0x0 c:/siliconlabs/simplicitystudio/v5/developer/toolchains/gnu_arm/10.3_2021.10/bin/../lib/gcc/arm-none-eabi/10.3.1/thumb/v8-m.main+fp/hard/crtbegin.o

.bss            0x2000120c      0x4d8 load address 0x00006c68
                0x2000120c                . = ALIGN (0x4)
                0x2000120c                __bss_start__ = .
 *(SORT_BY_ALIGNMENT(.bss*))
 .bss           0x2000120c       0x1c c:/siliconlabs/simplicitystudio/v5/developer/toolchains/gnu_arm/10.3_2021.10/bin/../lib/gcc/arm-none-eabi/10.3.1/thumb/v8-m.main+fp/hard/crtbegin.o
 .bss.context_vcom
                0x20001228       0x4c ./autogen/sl_iostream_init_usart_instances.o
 .bss.sl_iostream_vcom
                0x20001274       0x18 ./autogen/sl_iostream_init_usart_instances.o
 .bss.sl_uartdrv_usart_vcom_handle_data
                0x2000128c       0x60 ./autogen/sl_uartdrv_init.o
                0x2000128c                sl_uartdrv_usart_vcom_handle_data
 .bss.sli_uartdrv_default_handle
                0x200012ec        0x4 ./autogen/sl_uartdrv_init.o
 .bss.chTable   0x200012f0       0x80 ./gecko_sdk_4.2.3/platform/emdrv/dmadrv/src/dmadrv.o
 .bss.dmaXfer   0x20001370      0x100 ./gecko_sdk_4.2.3/platform/emdrv/dmadrv/src/dmadrv.o
 .bss.gpioCallbacks
                0x20001470      0x200 ./gecko_sdk_4.2.3/platform/emdrv/gpiointerrupt/src/gpiointerrupt.o
 .bss.uartdrvHandle
                0x20001670       0x10 ./gecko_sdk_4.2.3/platform/emdrv/uartdrv/src/uartdrv.o
 .bss.i2cTransfer
                0x20001680       0x18 ./gecko_sdk_4.2.3/platform/emlib/src/em_i2c.o
 .bss.sli_iostream_default
                0x20001698        0x4 ./gecko_sdk_4.2.3/platform/service/iostream/src/sl_iostream.o
 .bss.last_delta_update_count
                0x2000169c        0x4 ./gecko_sdk_4.2.3/platform/service/sleeptimer/src/sl_sleeptimer.o
 .bss.max_millisecond_conversion
                0x200016a0        0x4 ./gecko_sdk_4.2.3/platform/service/sleeptimer/src/sl_sleeptimer.o
 .bss.timer_frequency
                0x200016a4        0x4 ./gecko_sdk_4.2.3/platform/service/sleeptimer/src/sl_sleeptimer.o
 .bss.timer_head
                0x200016a8        0x4 ./gecko_sdk_4.2.3/platform/service/sleeptimer/src/sl_sleeptimer.o
 .bss.__malloc_free_list
                0x200016ac        0x4 c:/siliconlabs/simplicitystudio/v5/developer/toolchains/gnu_arm/10.3_2021.10/bin/../lib/gcc/arm-none-eabi/10.3.1/../../../../arm-none-eabi/lib/thumb/v8-m.main+fp/hard\libc_nano.a(lib_a-nano-mallocr.o)
                0x200016ac                __malloc_free_list
 .bss.__malloc_sbrk_start
                0x200016b0        0x4 c:/siliconlabs/simplicitystudio/v5/developer/toolchains/gnu_arm/10.3_2021.10/bin/../lib/gcc/arm-none-eabi/10.3.1/../../../../arm-none-eabi/lib/thumb/v8-m.main+fp/hard\libc_nano.a(lib_a-nano-mallocr.o)
                0x200016b0                __malloc_sbrk_start
 .bss.errno     0x200016b4        0x4 c:/siliconlabs/simplicitystudio/v5/developer/toolchains/gnu_arm/10.3_2021.10/bin/../lib/gcc/arm-none-eabi/10.3.1/../../../../arm-none-eabi/lib/thumb/v8-m.main+fp/hard\libc_nano.a(lib_a-reent.o)
                0x200016b4                errno
 .bss.overflow_counter
                0x200016b8        0x2 ./gecko_sdk_4.2.3/platform/service/sleeptimer/src/sl_sleeptimer.o
 .bss.rx_buffer_vcom
                0x200016ba       0x20 ./autogen/sl_iostream_init_usart_instances.o
 .bss.initialized
                0x200016da        0x1 ./gecko_sdk_4.2.3/platform/emdrv/dmadrv/src/dmadrv.o
 .bss.uartdrvHandleIsInitialized
                0x200016db        0x1 ./gecko_sdk_4.2.3/platform/emdrv/uartdrv/src/uartdrv.o
 .bss.ctuneDelta
                0x200016dc        0x1 ./gecko_sdk_4.2.3/platform/emlib/src/em_cmu.o
 .bss.vScaleEM01Config
                0x200016dd        0x1 ./gecko_sdk_4.2.3/platform/emlib/src/em_emu.o
 .bss.is_sleeptimer_initialized
                0x200016de        0x1 ./gecko_sdk_4.2.3/platform/service/sleeptimer/src/sl_sleeptimer.o
 .bss.next_timer_to_expire_is_power_manager
                0x200016df        0x1 ./gecko_sdk_4.2.3/platform/service/sleeptimer/src/sl_sleeptimer.o
 .bss.sleep_on_isr_exit
                0x200016e0        0x1 ./gecko_sdk_4.2.3/platform/service/sleeptimer/src/sl_sleeptimer.o
 .bss.__lock___malloc_recursive_mutex
                0x200016e1        0x1 c:/siliconlabs/simplicitystudio/v5/developer/toolchains/gnu_arm/10.3_2021.10/bin/../lib/gcc/arm-none-eabi/10.3.1/../../../../arm-none-eabi/lib/thumb/v8-m.main+fp/hard\libc_nano.a(lib_a-lock.o)
                0x200016e1                __lock___malloc_recursive_mutex
 *(COMMON)
                0x200016e4                . = ALIGN (0x4)
 *fill*         0x200016e2        0x2 
                0x200016e4                __bss_end__ = .

.heap           0x200016e8     0x6918
                0x200016e8                __HeapBase = .
                0x200016e8                __end__ = .
                0x200016e8                end = __end__
                0x200016e8                _end = __end__
 *(.heap*)
 .heap          0x200016e8      0x800 ./gecko_sdk_4.2.3/platform/common/toolchain/src/sl_memory.o
                0x20008000                . = (ORIGIN (RAM) + LENGTH (RAM))
 *fill*         0x20001ee8     0x6118 
                0x20008000                __HeapLimit = .
                0x00006918                __heap_size = (__HeapLimit - __HeapBase)
                0x20008000                __ram_end__ = 0x20008000
                0x0007e000                __main_flash_end__ = 0x7e000

.internal_storage
                0x00006a5c        0x0
 *(.internal_storage*)

.nvm            0x00006a5c        0x0
 *(.simee*)
                0x0007e000                linker_nvm_end = __main_flash_end__
                0x0007e000                linker_nvm_begin = (linker_nvm_end - SIZEOF (.nvm))
                0x00000000                linker_nvm_size = SIZEOF (.nvm)
                0x0007e000                linker_storage_end = linker_nvm_begin
                0x0007e000                __nvm3Base = linker_nvm_begin
                0x0007e000                linker_storage_begin = (linker_storage_end - SIZEOF (.internal_storage))
                0x00000000                linker_storage_size = SIZEOF (.internal_storage)
                0x00000001                ASSERT ((linker_storage_begin >= (__etext + SIZEOF (.data))), FLASH memory overflowed !)
OUTPUT(Projet-IOT-2024_4.axf elf32-littlearm)
LOAD linker stubs

.ARM.attributes
                0x00000000       0x36
 .ARM.attributes
                0x00000000       0x22 c:/siliconlabs/simplicitystudio/v5/developer/toolchains/gnu_arm/10.3_2021.10/bin/../lib/gcc/arm-none-eabi/10.3.1/thumb/v8-m.main+fp/hard/crti.o
 .ARM.attributes
                0x00000022       0x38 c:/siliconlabs/simplicitystudio/v5/developer/toolchains/gnu_arm/10.3_2021.10/bin/../lib/gcc/arm-none-eabi/10.3.1/thumb/v8-m.main+fp/hard/crtbegin.o
 .ARM.attributes
                0x0000005a       0x20 c:/siliconlabs/simplicitystudio/v5/developer/toolchains/gnu_arm/10.3_2021.10/bin/../lib/gcc/arm-none-eabi/10.3.1/../../../../arm-none-eabi/lib/thumb/v8-m.main+fp/hard/crt0.o
 .ARM.attributes
                0x0000007a       0x3a ./Drivers/USART.o
 .ARM.attributes
                0x000000b4       0x3a ./app.o
 .ARM.attributes
                0x000000ee       0x3a ./main.o
 .ARM.attributes
                0x00000128       0x3a ./autogen/sl_board_default_init.o
 .ARM.attributes
                0x00000162       0x3a ./autogen/sl_device_init_clocks.o
 .ARM.attributes
                0x0000019c       0x3a ./autogen/sl_event_handler.o
 .ARM.attributes
                0x000001d6       0x3a ./autogen/sl_i2cspm_init.o
 .ARM.attributes
                0x00000210       0x3a ./autogen/sl_iostream_init_usart_instances.o
 .ARM.attributes
                0x0000024a       0x3a ./autogen/sl_simple_button_instances.o
 .ARM.attributes
                0x00000284       0x3a ./autogen/sl_simple_led_instances.o
 .ARM.attributes
                0x000002be       0x3a ./autogen/sl_uartdrv_init.o
 .ARM.attributes
                0x000002f8       0x3a ./gecko_sdk_4.2.3/hardware/board/src/sl_board_control_gpio.o
 .ARM.attributes
                0x00000332       0x3a ./gecko_sdk_4.2.3/hardware/board/src/sl_board_init.o
 .ARM.attributes
                0x0000036c       0x3a ./gecko_sdk_4.2.3/hardware/driver/icm20648/src/sl_icm20648.o
 .ARM.attributes
                0x000003a6       0x3a ./gecko_sdk_4.2.3/hardware/driver/mx25_flash_shutdown/src/sl_mx25_flash_shutdown_usart/sl_mx25_flash_shutdown.o
 .ARM.attributes
                0x000003e0       0x3a ./gecko_sdk_4.2.3/hardware/driver/si1133/src/sl_si1133.o
 .ARM.attributes
                0x0000041a       0x3a ./gecko_sdk_4.2.3/hardware/driver/si70xx/src/sl_si70xx.o
 .ARM.attributes
                0x00000454       0x3a ./gecko_sdk_4.2.3/hardware/driver/si7210/src/sl_si7210.o
 .ARM.attributes
                0x0000048e       0x3a ./gecko_sdk_4.2.3/platform/Device/SiliconLabs/EFR32BG22/Source/startup_efr32bg22.o
 .ARM.attributes
                0x000004c8       0x3a ./gecko_sdk_4.2.3/platform/Device/SiliconLabs/EFR32BG22/Source/system_efr32bg22.o
 .ARM.attributes
                0x00000502       0x3a ./gecko_sdk_4.2.3/platform/common/src/sl_assert.o
 .ARM.attributes
                0x0000053c       0x3a ./gecko_sdk_4.2.3/platform/common/toolchain/src/sl_memory.o
 .ARM.attributes
                0x00000576       0x3a ./gecko_sdk_4.2.3/platform/driver/button/src/sl_button.o
 .ARM.attributes
                0x000005b0       0x3a ./gecko_sdk_4.2.3/platform/driver/button/src/sl_simple_button.o
 .ARM.attributes
                0x000005ea       0x3a ./gecko_sdk_4.2.3/platform/driver/i2cspm/src/sl_i2cspm.o
 .ARM.attributes
                0x00000624       0x3a ./gecko_sdk_4.2.3/platform/driver/leddrv/src/sl_led.o
 .ARM.attributes
                0x0000065e       0x3a ./gecko_sdk_4.2.3/platform/driver/leddrv/src/sl_simple_led.o
 .ARM.attributes
                0x00000698       0x3a ./gecko_sdk_4.2.3/platform/emdrv/dmadrv/src/dmadrv.o
 .ARM.attributes
                0x000006d2       0x3a ./gecko_sdk_4.2.3/platform/emdrv/gpiointerrupt/src/gpiointerrupt.o
 .ARM.attributes
                0x0000070c       0x3a ./gecko_sdk_4.2.3/platform/emdrv/uartdrv/src/uartdrv.o
 .ARM.attributes
                0x00000746       0x3a ./gecko_sdk_4.2.3/platform/emlib/src/em_cmu.o
 .ARM.attributes
                0x00000780       0x3a ./gecko_sdk_4.2.3/platform/emlib/src/em_core.o
 .ARM.attributes
                0x000007ba       0x3a ./gecko_sdk_4.2.3/platform/emlib/src/em_emu.o
 .ARM.attributes
                0x000007f4       0x3a ./gecko_sdk_4.2.3/platform/emlib/src/em_eusart.o
 .ARM.attributes
                0x0000082e       0x3a ./gecko_sdk_4.2.3/platform/emlib/src/em_gpio.o
 .ARM.attributes
                0x00000868       0x3a ./gecko_sdk_4.2.3/platform/emlib/src/em_i2c.o
 .ARM.attributes
                0x000008a2       0x3a ./gecko_sdk_4.2.3/platform/emlib/src/em_ldma.o
 .ARM.attributes
                0x000008dc       0x3a ./gecko_sdk_4.2.3/platform/emlib/src/em_rtcc.o
 .ARM.attributes
                0x00000916       0x3a ./gecko_sdk_4.2.3/platform/emlib/src/em_usart.o
 .ARM.attributes
                0x00000950       0x3a ./gecko_sdk_4.2.3/platform/service/device_init/src/sl_device_init_dcdc_s2.o
 .ARM.attributes
                0x0000098a       0x3a ./gecko_sdk_4.2.3/platform/service/device_init/src/sl_device_init_emu_s2.o
 .ARM.attributes
                0x000009c4       0x3a ./gecko_sdk_4.2.3/platform/service/device_init/src/sl_device_init_hfxo_s2.o
 .ARM.attributes
                0x000009fe       0x3a ./gecko_sdk_4.2.3/platform/service/device_init/src/sl_device_init_lfxo_s2.o
 .ARM.attributes
                0x00000a38       0x3a ./gecko_sdk_4.2.3/platform/service/device_init/src/sl_device_init_nvic.o
 .ARM.attributes
                0x00000a72       0x3a ./gecko_sdk_4.2.3/platform/service/iostream/src/sl_iostream.o
 .ARM.attributes
                0x00000aac       0x3a ./gecko_sdk_4.2.3/platform/service/iostream/src/sl_iostream_uart.o
 .ARM.attributes
                0x00000ae6       0x3a ./gecko_sdk_4.2.3/platform/service/iostream/src/sl_iostream_usart.o
 .ARM.attributes
                0x00000b20       0x3a ./gecko_sdk_4.2.3/platform/service/sleeptimer/src/sl_sleeptimer.o
 .ARM.attributes
                0x00000b5a       0x3a ./gecko_sdk_4.2.3/platform/service/sleeptimer/src/sl_sleeptimer_hal_rtcc.o
 .ARM.attributes
                0x00000b94       0x3a ./gecko_sdk_4.2.3/platform/service/system/src/sl_system_init.o
 .ARM.attributes
                0x00000bce       0x3a ./gecko_sdk_4.2.3/platform/service/system/src/sl_system_process_action.o
 .ARM.attributes
                0x00000c08       0x3a ./gecko_sdk_4.2.3/platform/service/udelay/src/sl_udelay.o
 .ARM.attributes
                0x00000c42       0x26 ./gecko_sdk_4.2.3/platform/service/udelay/src/sl_udelay_armv6m_gcc.o
 .ARM.attributes
                0x00000c68       0x22 c:/siliconlabs/simplicitystudio/v5/developer/toolchains/gnu_arm/10.3_2021.10/bin/../lib/gcc/arm-none-eabi/10.3.1/thumb/v8-m.main+fp/hard\libgcc.a(_aeabi_uldivmod.o)
 .ARM.attributes
                0x00000c8a       0x38 c:/siliconlabs/simplicitystudio/v5/developer/toolchains/gnu_arm/10.3_2021.10/bin/../lib/gcc/arm-none-eabi/10.3.1/thumb/v8-m.main+fp/hard\libgcc.a(_udivmoddi4.o)
 .ARM.attributes
                0x00000cc2       0x22 c:/siliconlabs/simplicitystudio/v5/developer/toolchains/gnu_arm/10.3_2021.10/bin/../lib/gcc/arm-none-eabi/10.3.1/thumb/v8-m.main+fp/hard\libgcc.a(_dvmd_tls.o)
 .ARM.attributes
                0x00000ce4       0x38 c:/siliconlabs/simplicitystudio/v5/developer/toolchains/gnu_arm/10.3_2021.10/bin/../lib/gcc/arm-none-eabi/10.3.1/../../../../arm-none-eabi/lib/thumb/v8-m.main+fp/hard\libc_nano.a(lib_a-exit.o)
 .ARM.attributes
                0x00000d1c       0x38 c:/siliconlabs/simplicitystudio/v5/developer/toolchains/gnu_arm/10.3_2021.10/bin/../lib/gcc/arm-none-eabi/10.3.1/../../../../arm-none-eabi/lib/thumb/v8-m.main+fp/hard\libc_nano.a(lib_a-impure.o)
 .ARM.attributes
                0x00000d54       0x38 c:/siliconlabs/simplicitystudio/v5/developer/toolchains/gnu_arm/10.3_2021.10/bin/../lib/gcc/arm-none-eabi/10.3.1/../../../../arm-none-eabi/lib/thumb/v8-m.main+fp/hard\libc_nano.a(lib_a-init.o)
 .ARM.attributes
                0x00000d8c       0x38 c:/siliconlabs/simplicitystudio/v5/developer/toolchains/gnu_arm/10.3_2021.10/bin/../lib/gcc/arm-none-eabi/10.3.1/../../../../arm-none-eabi/lib/thumb/v8-m.main+fp/hard\libc_nano.a(lib_a-memcpy-stub.o)
 .ARM.attributes
                0x00000dc4       0x38 c:/siliconlabs/simplicitystudio/v5/developer/toolchains/gnu_arm/10.3_2021.10/bin/../lib/gcc/arm-none-eabi/10.3.1/../../../../arm-none-eabi/lib/thumb/v8-m.main+fp/hard\libc_nano.a(lib_a-memset.o)
 .ARM.attributes
                0x00000dfc       0x38 c:/siliconlabs/simplicitystudio/v5/developer/toolchains/gnu_arm/10.3_2021.10/bin/../lib/gcc/arm-none-eabi/10.3.1/../../../../arm-none-eabi/lib/thumb/v8-m.main+fp/hard\libc_nano.a(lib_a-sprintf.o)
 .ARM.attributes
                0x00000e34       0x17 c:/siliconlabs/simplicitystudio/v5/developer/toolchains/gnu_arm/10.3_2021.10/bin/../lib/gcc/arm-none-eabi/10.3.1/../../../../arm-none-eabi/lib/thumb/v8-m.main+fp/hard\libc_nano.a(lib_a-strlen.o)
 .ARM.attributes